Component: ARM Compiler 5.06 update 5 (build 528) Tool: armlink [4d35e2]

==============================================================================

Section Cross References

    main.o(.text) refers to _printf_percent.o(.ARM.Collect$$_printf_percent$$00000000) for _printf_percent
    main.o(.text) refers to _printf_f.o(.ARM.Collect$$_printf_percent$$00000003) for _printf_f
    main.o(.text) refers to printf1.o(x$fpl$printf1) for _printf_fp_dec
    main.o(.text) refers to _printf_d.o(.ARM.Collect$$_printf_percent$$00000009) for _printf_d
    main.o(.text) refers to _printf_dec.o(.text) for _printf_int_dec
    main.o(.text) refers to inv_mpu.o(.text) for mpu_dmp_get_data
    main.o(.text) refers to mpu6050.o(.text) for MPU_Get_Temperature
    main.o(.text) refers to dflt_clz.o(x$fpl$dflt) for __aeabi_i2d
    main.o(.text) refers to ddiv.o(x$fpl$ddiv) for __aeabi_ddiv
    main.o(.text) refers to d2f.o(x$fpl$d2f) for __aeabi_d2f
    main.o(.text) refers to f2d.o(x$fpl$f2d) for __aeabi_f2d
    main.o(.text) refers to __2sprintf.o(.text) for __2sprintf
    main.o(.text) refers to __2printf.o(.text) for __2printf
    main.o(.text) refers to tasks.o(.text) for vTaskDelay
    main.o(.text) refers to esp8266.o(.text) for SendSensorDate
    main.o(.text) refers to lv_timer.o(.text) for lv_timer_handler
    main.o(.text) refers to strlen.o(.text) for strlen
    main.o(.text) refers to port.o(.text) for vPortEnterCritical
    main.o(.text) refers to misc.o(.text) for NVIC_PriorityGroupConfig
    main.o(.text) refers to delay.o(.text) for delay_init
    main.o(.text) refers to usart.o(.text) for uart_init
    main.o(.text) refers to usart3.o(.text) for usart3_Init
    main.o(.text) refers to ws2812.o(.text) for WS2812b_Configuration
    main.o(.text) refers to led.o(.text) for LED_Init
    main.o(.text) refers to lcd.o(.text) for LCD_Init
    main.o(.text) refers to key.o(.text) for KEY_Init
    main.o(.text) refers to beep.o(.text) for BEEP_Init
    main.o(.text) refers to adc.o(.text) for Adc_Init
    main.o(.text) refers to timer.o(.text) for TIM3_Int_Init
    main.o(.text) refers to lv_obj.o(.text) for lv_init
    main.o(.text) refers to lv_port_disp.o(.text) for lv_port_disp_init
    main.o(.text) refers to lv_port_indev.o(.text) for lv_port_indev_init
    main.o(.text) refers to app.o(.text) for app_start
    main.o(.text) refers to main.o(.data) for yaw
    main.o(.text) refers to main.o(.bss) for temp_str
    main.o(.text) refers to touch.o(.data) for tp_dev
    main.o(.text) refers to esp8266.o(.bss) for esp8266_buf
    system_stm32f4xx.o(.text) refers to system_stm32f4xx.o(.data) for SystemCoreClock
    led.o(.text) refers to stm32f4xx_rcc.o(.text) for RCC_AHB1PeriphClockCmd
    led.o(.text) refers to stm32f4xx_gpio.o(.text) for GPIO_Init
    lcd.o(.text) refers to _printf_percent.o(.ARM.Collect$$_printf_percent$$00000000) for _printf_percent
    lcd.o(.text) refers to _printf_x.o(.ARM.Collect$$_printf_percent$$0000000C) for _printf_x
    lcd.o(.text) refers to _printf_hex_int_ll_ptr.o(.text) for _printf_longlong_hex
    lcd.o(.text) refers to delay.o(.text) for delay_us
    lcd.o(.text) refers to lcd.o(.bss) for lcddev
    lcd.o(.text) refers to dflt_clz.o(x$fpl$dfltu) for __aeabi_ui2d
    lcd.o(.text) refers to dmul.o(x$fpl$dmul) for __aeabi_dmul
    lcd.o(.text) refers to dfixu.o(x$fpl$dfixu) for __aeabi_d2uiz
    lcd.o(.text) refers to lcd.o(.data) for POINT_COLOR
    lcd.o(.text) refers to stm32f4xx_rcc.o(.text) for RCC_AHB1PeriphClockCmd
    lcd.o(.text) refers to stm32f4xx_gpio.o(.text) for GPIO_Init
    lcd.o(.text) refers to stm32f4xx_fsmc.o(.text) for FSMC_NORSRAMInit
    lcd.o(.text) refers to __2printf.o(.text) for __2printf
    lcd.o(.text) refers to lcd.o(.constdata) for asc2_1206
    key.o(.text) refers to stm32f4xx_rcc.o(.text) for RCC_AHB1PeriphClockCmd
    key.o(.text) refers to stm32f4xx_gpio.o(.text) for GPIO_Init
    key.o(.text) refers to delay.o(.text) for delay_ms
    key.o(.text) refers to key.o(.data) for key_up
    myiic.o(.text) refers to stm32f4xx_rcc.o(.text) for RCC_AHB1PeriphClockCmd
    myiic.o(.text) refers to stm32f4xx_gpio.o(.text) for GPIO_Init
    myiic.o(.text) refers to delay.o(.text) for delay_us
    24cxx.o(.text) refers to myiic.o(.text) for IIC_Init
    24cxx.o(.text) refers to delay.o(.text) for delay_ms
    ctiic.o(.text) refers to delay.o(.text) for delay_us
    ctiic.o(.text) refers to stm32f4xx_rcc.o(.text) for RCC_AHB1PeriphClockCmd
    ctiic.o(.text) refers to stm32f4xx_gpio.o(.text) for GPIO_Init
    gt9147.o(.text) refers to _printf_percent.o(.ARM.Collect$$_printf_percent$$00000000) for _printf_percent
    gt9147.o(.text) refers to _printf_s.o(.ARM.Collect$$_printf_percent$$00000014) for _printf_s
    gt9147.o(.text) refers to _printf_str.o(.text) for _printf_str
    gt9147.o(.text) refers to _printf_d.o(.ARM.Collect$$_printf_percent$$00000009) for _printf_d
    gt9147.o(.text) refers to _printf_dec.o(.text) for _printf_int_dec
[...]
    __kernel_poly                            0x08044da3   Thumb Code   248  poly.o(i.__kernel_poly)
    __mathlib_dbl_infnan                     0x08044e9b   Thumb Code    20  dunder.o(i.__mathlib_dbl_infnan)
    __mathlib_dbl_infnan2                    0x08044eaf   Thumb Code    20  dunder.o(i.__mathlib_dbl_infnan2)
    __mathlib_dbl_invalid                    0x08044ec9   Thumb Code    24  dunder.o(i.__mathlib_dbl_invalid)
    __mathlib_dbl_underflow                  0x08044ee9   Thumb Code    24  dunder.o(i.__mathlib_dbl_underflow)
    _is_digit                                0x08044f09   Thumb Code    14  __printf_wp.o(i._is_digit)
    atan                                     0x08044f17   Thumb Code    16  atan.o(i.atan)
    fabs                                     0x08044f27   Thumb Code    24  fabs.o(i.fabs)
    sqrt                                     0x08044f3f   Thumb Code   110  sqrt.o(i.sqrt)
    _get_lc_numeric                          0x08044fad   Thumb Code    44  lc_numeric_c.o(locale$$code)
    _get_lc_ctype                            0x08044fd9   Thumb Code    44  lc_ctype_c.o(locale$$code)
    __aeabi_dneg                             0x08045005   Thumb Code     0  basic.o(x$fpl$basic)
    _dneg                                    0x08045005   Thumb Code     6  basic.o(x$fpl$basic)
    __aeabi_fneg                             0x0804500b   Thumb Code     0  basic.o(x$fpl$basic)
    _fneg                                    0x0804500b   Thumb Code     6  basic.o(x$fpl$basic)
    _dabs                                    0x08045011   Thumb Code     6  basic.o(x$fpl$basic)
    _fabs                                    0x08045017   Thumb Code     6  basic.o(x$fpl$basic)
    __aeabi_d2f                              0x0804501d   Thumb Code     0  d2f.o(x$fpl$d2f)
    _d2f                                     0x0804501d   Thumb Code    98  d2f.o(x$fpl$d2f)
    __aeabi_dadd                             0x08045081   Thumb Code     0  daddsub_clz.o(x$fpl$dadd)
    _dadd                                    0x08045081   Thumb Code   332  daddsub_clz.o(x$fpl$dadd)
    __fpl_dcmp_Inf                           0x080451d1   Thumb Code    24  dcmpi.o(x$fpl$dcmpinf)
    __aeabi_ddiv                             0x080451e9   Thumb Code     0  ddiv.o(x$fpl$ddiv)
    _ddiv                                    0x080451e9   Thumb Code   552  ddiv.o(x$fpl$ddiv)
    __aeabi_d2iz                             0x08045499   Thumb Code     0  dfix.o(x$fpl$dfix)
    _dfix                                    0x08045499   Thumb Code    94  dfix.o(x$fpl$dfix)
    __aeabi_d2uiz                            0x080454f9   Thumb Code     0  dfixu.o(x$fpl$dfixu)
    _dfixu                                   0x080454f9   Thumb Code    90  dfixu.o(x$fpl$dfixu)
    __aeabi_i2d                              0x08045553   Thumb Code     0  dflt_clz.o(x$fpl$dflt)
    _dflt                                    0x08045553   Thumb Code    46  dflt_clz.o(x$fpl$dflt)
    __aeabi_ui2d                             0x08045581   Thumb Code     0  dflt_clz.o(x$fpl$dfltu)
    _dfltu                                   0x08045581   Thumb Code    38  dflt_clz.o(x$fpl$dfltu)
    __aeabi_cdcmple                          0x080455a9   Thumb Code     0  dleqf.o(x$fpl$dleqf)
    _dcmple                                  0x080455a9   Thumb Code   120  dleqf.o(x$fpl$dleqf)
    __fpl_dcmple_InfNaN                      0x0804560b   Thumb Code     0  dleqf.o(x$fpl$dleqf)
    __aeabi_dmul                             0x08045621   Thumb Code     0  dmul.o(x$fpl$dmul)
    _dmul                                    0x08045621   Thumb Code   332  dmul.o(x$fpl$dmul)
    __fpl_dnaninf                            0x08045775   Thumb Code   156  dnaninf.o(x$fpl$dnaninf)
    __fpl_dretinf                            0x08045811   Thumb Code    12  dretinf.o(x$fpl$dretinf)
    __aeabi_cdrcmple                         0x0804581d   Thumb Code     0  drleqf.o(x$fpl$drleqf)
    _drcmple                                 0x0804581d   Thumb Code   108  drleqf.o(x$fpl$drleqf)
    __aeabi_drsub                            0x08045889   Thumb Code     0  daddsub_clz.o(x$fpl$drsb)
    _drsb                                    0x08045889   Thumb Code    22  daddsub_clz.o(x$fpl$drsb)
    _dsqrt                                   0x080458a1   Thumb Code   404  dsqrt_umaal.o(x$fpl$dsqrt)
    __aeabi_dsub                             0x08045a39   Thumb Code     0  daddsub_clz.o(x$fpl$dsub)
    _dsub                                    0x08045a39   Thumb Code   464  daddsub_clz.o(x$fpl$dsub)
    __aeabi_f2d                              0x08045c0d   Thumb Code     0  f2d.o(x$fpl$f2d)
    _f2d                                     0x08045c0d   Thumb Code    86  f2d.o(x$fpl$f2d)
    __fpl_fnaninf                            0x08045c63   Thumb Code   140  fnaninf.o(x$fpl$fnaninf)
    _fp_init                                 0x08045cef   Thumb Code    10  fpinit.o(x$fpl$fpinit)
    __fplib_config_fpu_vfp                   0x08045cf7   Thumb Code     0  fpinit.o(x$fpl$fpinit)
    __fplib_config_pureend_doubles           0x08045cf7   Thumb Code     0  fpinit.o(x$fpl$fpinit)
    __fpl_fretinf                            0x08045cf9   Thumb Code    10  fretinf.o(x$fpl$fretinf)
    _printf_fp_dec                           0x08045d03   Thumb Code     4  printf1.o(x$fpl$printf1)
    _printf_fp_hex                           0x08045d07   Thumb Code     4  printf2.o(x$fpl$printf2)
    __I$use$fp                               0x08045d0a   Number         0  usenofp.o(x$fpl$usenofp)
    asc2_1206                                0x08045d0a   Data        1140  lcd.o(.constdata)
    asc2_1608                                0x0804617e   Data        1520  lcd.o(.constdata)
    asc2_2412                                0x0804676e   Data        3420  lcd.o(.constdata)
    GT9147_CFG_TBL                           0x080474ca   Data         184  gt9147.o(.constdata)
    GT9147_TPX_TBL                           0x08047582   Data          10  gt9147.o(.constdata)
    OTT_TPX_TBL                              0x0804758c   Data          10  ott2001a.o(.constdata)
    FT5206_TPX_TBL                           0x08047596   Data          10  ft5206.o(.constdata)
    TP_REMIND_MSG_TBL                        0x080475a0   Data           4  touch.o(.constdata)
    RED                                      0x080475a4   Data           3  ws2812.o(.constdata)
    GREEN                                    0x080475a7   Data           3  ws2812.o(.constdata)
    BLUE                                     0x080475aa   Data           3  ws2812.o(.constdata)
    SKY                                      0x080475ad   Data           3  ws2812.o(.constdata)
    MAGENTA                                  0x080475b0   Data           3  ws2812.o(.constdata)
    YELLOW                                   0x080475b3   Data           3  ws2812.o(.constdata)
    ORANGE                                   0x080475b6   Data           3  ws2812.o(.constdata)
    BLACK                                    0x080475b9   Data           3  ws2812.o(.constdata)
    WHITE                                    0x080475bc   Data           3  ws2812.o(.constdata)
    PURPLE                                   0x080475bf   Data           3  ws2812.o(.constdata)
    reg                                      0x080475c4   Data          27  inv_mpu.o(.constdata)
    hw                                       0x080475e0   Data          12  inv_mpu.o(.constdata)
    test                                     0x080475ec   Data          40  inv_mpu.o(.constdata)
    FSMC_DefaultTimingStruct                 0x0804820c   Data          28  stm32f4xx_fsmc.o(.constdata)
    lv_obj_class                             0x08048228   Data          28  lv_obj.o(.constdata)
    _lv_bpp1_opa_table                       0x0804824c   Data           2  lv_draw_label.o(.constdata)
    _lv_bpp2_opa_table                       0x0804824e   Data           4  lv_draw_label.o(.constdata)
    _lv_bpp3_opa_table                       0x08048252   Data           8  lv_draw_label.o(.constdata)
    _lv_bpp4_opa_table                       0x0804825a   Data          16  lv_draw_label.o(.constdata)
    _lv_bpp8_opa_table                       0x0804826a   Data         256  lv_draw_label.o(.constdata)
    lv_calendar_class                        0x080483a4   Data          28  lv_calendar.o(.constdata)
    lv_calendar_header_arrow_class           0x080483c0   Data          28  lv_calendar_header_arrow.o(.constdata)
    lv_calendar_header_dropdown_class        0x080483dc   Data          28  lv_calendar_header_dropdown.o(.constdata)
    lv_chart_class                           0x080483f8   Data          28  lv_chart.o(.constdata)
    lv_colorwheel_class                      0x08048414   Data          28  lv_colorwheel.o(.constdata)
    lv_keyboard_class                        0x08048430   Data          28  lv_keyboard.o(.constdata)
    lv_led_class                             0x080487c4   Data          28  lv_led.o(.constdata)
    lv_list_class                            0x080487e0   Data          28  lv_list.o(.constdata)
    lv_list_btn_class                        0x080487fc   Data          28  lv_list.o(.constdata)
    lv_list_text_class                       0x08048818   Data          28  lv_list.o(.constdata)
    lv_meter_class                           0x08048834   Data          28  lv_meter.o(.constdata)
    lv_msgbox_class                          0x08048850   Data          28  lv_msgbox.o(.constdata)
    lv_spinbox_class                         0x0804886c   Data          28  lv_spinbox.o(.constdata)
    lv_spinner_class                         0x08048888   Data          28  lv_spinner.o(.constdata)
    lv_tabview_class                         0x080488a4   Data          28  lv_tabview.o(.constdata)
    lv_tileview_class                        0x080488c0   Data          28  lv_tileview.o(.constdata)
    lv_tileview_tile_class                   0x080488dc   Data          28  lv_tileview.o(.constdata)
    lv_win_class                             0x080488f8   Data          28  lv_win.o(.constdata)
    lv_font_montserrat_14                    0x0804be3c   Data          24  lv_font_montserrat_14.o(.constdata)
    lv_font_montserrat_26                    0x08053eb4   Data          24  lv_font_montserrat_26.o(.constdata)
    lv_arc_class                             0x08054100   Data          28  lv_arc.o(.constdata)
    lv_bar_class                             0x0805411c   Data          28  lv_bar.o(.constdata)
    lv_btn_class                             0x08054138   Data          28  lv_btn.o(.constdata)
    lv_btnmatrix_class                       0x08054154   Data          28  lv_btnmatrix.o(.constdata)
    lv_checkbox_class                        0x08054170   Data          28  lv_checkbox.o(.constdata)
    lv_dropdown_class                        0x0805418c   Data          28  lv_dropdown.o(.constdata)
    lv_dropdownlist_class                    0x080541a8   Data          28  lv_dropdown.o(.constdata)
    lv_img_class                             0x080541c4   Data          28  lv_img.o(.constdata)
    lv_label_class                           0x080541e0   Data          28  lv_label.o(.constdata)
    lv_line_class                            0x080541fc   Data          28  lv_line.o(.constdata)
    lv_roller_class                          0x08054218   Data          28  lv_roller.o(.constdata)
    lv_roller_label_class                    0x08054234   Data          28  lv_roller.o(.constdata)
    lv_slider_class                          0x08054250   Data          28  lv_slider.o(.constdata)
    lv_switch_class                          0x0805426c   Data          28  lv_switch.o(.constdata)
    lv_table_class                           0x08054288   Data          28  lv_table.o(.constdata)
    lv_textarea_class                        0x080542a4   Data          28  lv_textarea.o(.constdata)
    led_img_map                              0x080542c0   Data       80000  led_img.o(.constdata)
    led_img                                  0x08067b40   Data          12  led_img.o(.constdata)
    __mathlib_zero                           0x08067c78   Data           8  qnan.o(.constdata)
    Region$$Table$$Base                      0x08068340   Number         0  anon$$obj.o(Region$$Table)
    Region$$Table$$Limit                     0x08068360   Number         0  anon$$obj.o(Region$$Table)
    __ctype                                  0x08068389   Data           0  lc_ctype_c.o(locale$$data)
    led_mode                                 0x20000000   Data           1  main.o(.data)
    led_light                                0x20000001   Data           1  main.o(.data)
    led_color                                0x20000002   Data           1  main.o(.data)
    led_flag                                 0x20000003   Data           1  main.o(.data)
    led_red                                  0x20000004   Data           4  main.o(.data)
    led_green                                0x20000008   Data           4  main.o(.data)
    led_blue                                 0x2000000c   Data           4  main.o(.data)
    led_rgb                                  0x20000010   Data           4  main.o(.data)
    max9814_data                             0x20000014   Data           2  main.o(.data)
    last_VALUE                               0x20000018   Data           4  main.o(.data)
    light_ADC                                0x2000001c   Data           4  main.o(.data)
    num                                      0x20000020   Data           4  main.o(.data)
    pitch                                    0x20000024   Data           4  main.o(.data)
    roll                                     0x20000028   Data           4  main.o(.data)
    yaw                                      0x2000002c   Data           4  main.o(.data)
    t                                        0x20000030   Data           4  main.o(.data)
    tempara                                  0x20000034   Data           2  main.o(.data)
    str                                      0x20000036   Data           2  main.o(.data)
    StartTask_Handler                        0x20000038   Data           4  main.o(.data)
    Task1Task_Handler                        0x2000003c   Data           4  main.o(.data)
    Task2Task_Handler                        0x20000040   Data           4  main.o(.data)
    Task3Task_Handler                        0x20000044   Data           4  main.o(.data)
    SystemCoreClock                          0x20000048   Data           4  system_stm32f4xx.o(.data)
    AHBPrescTable                            0x2000004c   Data          16  system_stm32f4xx.o(.data)
    POINT_COLOR                              0x2000005c   Data           2  lcd.o(.data)
    BACK_COLOR                               0x2000005e   Data           2  lcd.o(.data)
    tp_dev                                   0x20000064   Data          52  touch.o(.data)
    CMD_RDX                                  0x20000098   Data           1  touch.o(.data)
    CMD_RDY                                  0x20000099   Data           1  touch.o(.data)
    esp8266_cnt                              0x2000009a   Data           2  esp8266.o(.data)
    esp8266_cntPre                           0x2000009c   Data           2  esp8266.o(.data)
    rgb_color                                0x2000009e   Data           4  ws2812.o(.data)
    __stdout                                 0x200000e0   Data           4  usart.o(.data)
    USART_RX_STA                             0x200000e4   Data           2  usart.o(.data)
    LV_LAYOUT_FLEX                           0x20000130   Data           4  lv_flex.o(.data)
    LV_STYLE_FLEX_FLOW                       0x20000134   Data           2  lv_flex.o(.data)
    LV_STYLE_FLEX_MAIN_PLACE                 0x20000136   Data           2  lv_flex.o(.data)
    LV_STYLE_FLEX_CROSS_PLACE                0x20000138   Data           2  lv_flex.o(.data)
    LV_STYLE_FLEX_TRACK_PLACE                0x2000013a   Data           2  lv_flex.o(.data)
    LV_STYLE_FLEX_GROW                       0x2000013c   Data           2  lv_flex.o(.data)
    LV_LAYOUT_GRID                           0x20000140   Data           4  lv_grid.o(.data)
    LV_STYLE_GRID_COLUMN_DSC_ARRAY           0x20000144   Data           2  lv_grid.o(.data)
    LV_STYLE_GRID_COLUMN_ALIGN               0x20000146   Data           2  lv_grid.o(.data)
    LV_STYLE_GRID_ROW_DSC_ARRAY              0x20000148   Data           2  lv_grid.o(.data)
    LV_STYLE_GRID_ROW_ALIGN                  0x2000014a   Data           2  lv_grid.o(.data)
    LV_STYLE_GRID_CELL_COLUMN_POS            0x2000014c   Data           2  lv_grid.o(.data)
    LV_STYLE_GRID_CELL_COLUMN_SPAN           0x2000014e   Data           2  lv_grid.o(.data)
    LV_STYLE_GRID_CELL_X_ALIGN               0x20000150   Data           2  lv_grid.o(.data)
    LV_STYLE_GRID_CELL_ROW_POS               0x20000152   Data           2  lv_grid.o(.data)
    LV_STYLE_GRID_CELL_ROW_SPAN              0x20000154   Data           2  lv_grid.o(.data)
    LV_STYLE_GRID_CELL_Y_ALIGN               0x20000156   Data           2  lv_grid.o(.data)
    _lv_layout_list                          0x20000254   Data           4  lv_gc.o(.data)
    _lv_timer_act                            0x20000258   Data           4  lv_gc.o(.data)
    _lv_theme_default_styles                 0x2000025c   Data           4  lv_gc.o(.data)
    _lv_txt_encoded_size                     0x20000284   Data           4  lv_txt.o(.data)
    _lv_txt_unicode_to_encoded               0x20000288   Data           4  lv_txt.o(.data)
    _lv_txt_encoded_conv_wc                  0x2000028c   Data           4  lv_txt.o(.data)
    _lv_txt_encoded_next                     0x20000290   Data           4  lv_txt.o(.data)
    _lv_txt_encoded_prev                     0x20000294   Data           4  lv_txt.o(.data)
    _lv_txt_encoded_get_byte_id              0x20000298   Data           4  lv_txt.o(.data)
    _lv_txt_encoded_get_char_id              0x2000029c   Data           4  lv_txt.o(.data)
    _lv_txt_get_encoded_length               0x200002a0   Data           4  lv_txt.o(.data)
    indev_touchpad                           0x200002c4   Data           4  lv_port_indev.o(.data)
    indev_mouse                              0x200002c8   Data           4  lv_port_indev.o(.data)
    indev_keypad                             0x200002cc   Data           4  lv_port_indev.o(.data)
    indev_encoder                            0x200002d0   Data           4  lv_port_indev.o(.data)
    indev_button                             0x200002d4   Data           4  lv_port_indev.o(.data)
    pxCurrentTCB                             0x200002ec   Data           4  tasks.o(.data)
    timer_time                               0x200003a4   Data           4  app.o(.data)
    sensor_label1                            0x200003a8   Data           4  app.o(.data)
    sensor_label2                            0x200003ac   Data           4  app.o(.data)
    sensor_label3                            0x200003b0   Data           4  app.o(.data)
    sensor_label4                            0x200003b4   Data           4  app.o(.data)
    sensor_label5                            0x200003b8   Data           4  app.o(.data)
    pitch_str                                0x200003bc   Data          10  main.o(.bss)
    yaw_str                                  0x200003c6   Data          10  main.o(.bss)
    roll_str                                 0x200003d0   Data          10  main.o(.bss)
    temp_str                                 0x200003da   Data          10  main.o(.bss)
    lcddev                                   0x200003e4   Data          14  lcd.o(.bss)
    esp8266_buf                              0x200003f2   Data         128  esp8266.o(.bss)
    cmdBuf                                   0x20000472   Data         100  esp8266.o(.bss)
    hsv_color                                0x20000628   Data          12  ws2812.o(.bss)
    USART_RX_BUF                             0x20000644   Data         200  usart.o(.bss)
    _lv_timer_ll                             0x2000087c   Data          12  lv_gc.o(.bss)
    _lv_disp_ll                              0x20000888   Data          12  lv_gc.o(.bss)
    _lv_indev_ll                             0x20000894   Data          12  lv_gc.o(.bss)
    _lv_fsdrv_ll                             0x200008a0   Data          12  lv_gc.o(.bss)
    _lv_anim_ll                              0x200008ac   Data          12  lv_gc.o(.bss)
    _lv_group_ll                             0x200008b8   Data          12  lv_gc.o(.bss)
    _lv_img_decoder_ll                       0x200008c4   Data          12  lv_gc.o(.bss)
    _lv_obj_style_trans_ll                   0x200008d0   Data          12  lv_gc.o(.bss)
    _lv_img_cache_single                     0x200008dc   Data          44  lv_gc.o(.bss)
    lv_mem_buf                               0x20000908   Data         128  lv_gc.o(.bss)
    _lv_draw_mask_list                       0x20000988   Data         128  lv_gc.o(.bss)
    xQueueRegistry                           0x2000b004   Data          64  queue.o(.bss)
    _random_number_data                      0x20010350   Data         228  rand.o(.bss)
    __libspace_start                         0x20010434   Data          96  libspace.o(.bss)
    __temporary_stack_top$libspace           0x20010494   Data           0  libspace.o(.bss)



==============================================================================

Memory Map of the image

  Image Entry point : 0x08000189

  Load Region LR_IROM1 (Base: 0x08000000, Size: 0x00068848, Max: 0x00100000, ABSOLUTE, COMPRESSED[0x0006857c])

    Execution Region ER_IROM1 (Exec base: 0x08000000, Load base: 0x08000000, Size: 0x0006848c, Max: 0x00100000, ABSOLUTE)

    Exec Addr    Load Addr    Size         Type   Attr      Idx    E Section Name        Object

    0x08000000   0x08000000   0x00000188   Data   RO         1234    RESET               startup_stm32f40_41xxx.o
    0x08000188   0x08000188   0x00000008   Code   RO        14754  * !!!main             c_w.l(__main.o)
    0x08000190   0x08000190   0x00000034   Code   RO        15171    !!!scatter          c_w.l(__scatter.o)
    0x080001c4   0x080001c4   0x0000005a   Code   RO        15169    !!dczerorl2         c_w.l(__dczerorl2.o)
    0x0800021e   0x0800021e   0x00000002   PAD
    0x08000220   0x08000220   0x0000001c   Code   RO        15173    !!handler_zi        c_w.l(__scatter_zi.o)
    0x0800023c   0x0800023c   0x00000000   Code   RO        14722    .ARM.Collect$$_printf_percent$$00000000  c_w.l(_printf_percent.o)
    0x0800023c   0x0800023c   0x00000006   Code   RO        14874    .ARM.Collect$$_printf_percent$$00000001  c_w.l(_printf_n.o)
    0x08000242   0x08000242   0x00000006   Code   RO        14875    .ARM.Collect$$_printf_percent$$00000002  c_w.l(_printf_p.o)
    0x08000248   0x08000248   0x00000006   Code   RO        14721    .ARM.Collect$$_printf_percent$$00000003  c_w.l(_printf_f.o)
    0x0800024e   0x0800024e   0x00000006   Code   RO        14878    .ARM.Collect$$_printf_percent$$00000004  c_w.l(_printf_e.o)
    0x08000254   0x08000254   0x00000006   Code   RO        14879    .ARM.Collect$$_printf_percent$$00000005  c_w.l(_printf_g.o)
    0x0800025a   0x0800025a   0x00000006   Code   RO        14880    .ARM.Collect$$_printf_percent$$00000006  c_w.l(_printf_a.o)
    0x08000260   0x08000260   0x0000000a   Code   RO        14885    .ARM.Collect$$_printf_percent$$00000007  c_w.l(_printf_ll.o)
    0x0800026a   0x0800026a   0x00000006   Code   RO        14877    .ARM.Collect$$_printf_percent$$00000008  c_w.l(_printf_i.o)
    0x08000270   0x08000270   0x00000006   Code   RO        14719    .ARM.Collect$$_printf_percent$$00000009  c_w.l(_printf_d.o)
    0x08000276   0x08000276   0x00000006   Code   RO        14720    .ARM.Collect$$_printf_percent$$0000000A  c_w.l(_printf_u.o)
    0x0800027c   0x0800027c   0x00000006   Code   RO        14876    .ARM.Collect$$_printf_percent$$0000000B  c_w.l(_printf_o.o)
    0x08000282   0x08000282   0x00000006   Code   RO        14718    .ARM.Collect$$_printf_percent$$0000000C  c_w.l(_printf_x.o)
    0x08000288   0x08000288   0x00000006   Code   RO        14882    .ARM.Collect$$_printf_percent$$0000000D  c_w.l(_printf_lli.o)
    0x0800028e   0x0800028e   0x00000006   Code   RO        14883    .ARM.Collect$$_printf_percent$$0000000E  c_w.l(_printf_lld.o)
    0x08000294   0x08000294   0x00000006   Code   RO        14884    .ARM.Collect$$_printf_percent$$0000000F  c_w.l(_printf_llu.o)
    0x0800029a   0x0800029a   0x00000006   Code   RO        14889    .ARM.Collect$$_printf_percent$$00000010  c_w.l(_printf_llo.o)
    0x080002a0   0x080002a0   0x00000006   Code   RO        14890    .ARM.Collect$$_printf_percent$$00000011  c_w.l(_printf_llx.o)
    0x080002a6   0x080002a6   0x0000000a   Code   RO        14886    .ARM.Collect$$_printf_percent$$00000012  c_w.l(_printf_l.o)
    0x080002b0   0x080002b0   0x00000006   Code   RO        14716    .ARM.Collect$$_printf_percent$$00000013  c_w.l(_printf_c.o)
    0x080002b6   0x080002b6   0x00000006   Code   RO        14717    .ARM.Collect$$_printf_percent$$00000014  c_w.l(_printf_s.o)
    0x080002bc   0x080002bc   0x00000006   Code   RO        14887    .ARM.Collect$$_printf_percent$$00000015  c_w.l(_printf_lc.o)
    0x080002c2   0x080002c2   0x00000006   Code   RO        14888    .ARM.Collect$$_printf_percent$$00000016  c_w.l(_printf_ls.o)
    0x080002c8   0x080002c8   0x00000004   Code   RO        14881    .ARM.Collect$$_printf_percent$$00000017  c_w.l(_printf_percent_end.o)
    0x080002cc   0x080002cc   0x00000002   Code   RO        15096    .ARM.Collect$$libinit$$00000000  c_w.l(libinit.o)
    0x080002ce   0x080002ce   0x00000004   Code   RO        14891    .ARM.Collect$$libinit$$00000001  c_w.l(libinit2.o)
    0x080002d2   0x080002d2   0x00000000   Code   RO        14894    .ARM.Collect$$libinit$$00000004  c_w.l(libinit2.o)
    0x080002d2   0x080002d2   0x00000000   Code   RO        14897    .ARM.Collect$$libinit$$0000000A  c_w.l(libinit2.o)
    0x080002d2   0x080002d2   0x00000000   Code   RO        14899    .ARM.Collect$$libinit$$0000000C  c_w.l(libinit2.o)
    0x080002d2   0x080002d2   0x00000004   Code   RO        14900    .ARM.Collect$$libinit$$0000000D  c_w.l(libinit2.o)
    0x080002d6   0x080002d6   0x00000000   Code   RO        14901    .ARM.Collect$$libinit$$0000000E  c_w.l(libinit2.o)
    0x080002d6   0x080002d6   0x00000006   Code   RO        14902    .ARM.Collect$$libinit$$0000000F  c_w.l(libinit2.o)
    0x080002dc   0x080002dc   0x00000000   Code   RO        14904    .ARM.Collect$$libinit$$00000011  c_w.l(libinit2.o)
    0x080002dc   0x080002dc   0x0000000c   Code   RO        14905    .ARM.Collect$$libinit$$00000012  c_w.l(libinit2.o)
    0x080002e8   0x080002e8   0x00000000   Code   RO        14906    .ARM.Collect$$libinit$$00000013  c_w.l(libinit2.o)
    0x080002e8   0x080002e8   0x00000000   Code   RO        14908    .ARM.Collect$$libinit$$00000015  c_w.l(libinit2.o)
    0x080002e8   0x080002e8   0x0000000a   Code   RO        14909    .ARM.Collect$$libinit$$00000016  c_w.l(libinit2.o)
    0x080002f2   0x080002f2   0x00000000   Code   RO        14910    .ARM.Collect$$libinit$$00000017  c_w.l(libinit2.o)
    0x080002f2   0x080002f2   0x00000000   Code   RO        14912    .ARM.Collect$$libinit$$00000019  c_w.l(libinit2.o)
    0x080002f2   0x080002f2   0x00000000   Code   RO        14914    .ARM.Collect$$libinit$$0000001B  c_w.l(libinit2.o)
    0x080002f2   0x080002f2   0x00000000   Code   RO        14916    .ARM.Collect$$libinit$$0000001D  c_w.l(libinit2.o)
    0x080002f2   0x080002f2   0x00000000   Code   RO        14918    .ARM.Collect$$libinit$$0000001F  c_w.l(libinit2.o)
    0x080002f2   0x080002f2   0x00000000   Code   RO        14920    .ARM.Collect$$libinit$$00000021  c_w.l(libinit2.o)
    0x080002f2   0x080002f2   0x00000000   Code   RO        14922    .ARM.Collect$$libinit$$00000023  c_w.l(libinit2.o)
    0x080002f2   0x080002f2   0x00000000   Code   RO        14924    .ARM.Collect$$libinit$$00000025  c_w.l(libinit2.o)
    0x080002f2   0x080002f2   0x00000000   Code   RO        14928    .ARM.Collect$$libinit$$0000002C  c_w.l(libinit2.o)
    0x080002f2   0x080002f2   0x00000000   Code   RO        14930    .ARM.Collect$$libinit$$0000002E  c_w.l(libinit2.o)
    0x080002f2   0x080002f2   0x00000000   Code   RO        14932    .ARM.Collect$$libinit$$00000030  c_w.l(libinit2.o)
    0x080002f2   0x080002f2   0x00000000   Code   RO        14934    .ARM.Collect$$libinit$$00000032  c_w.l(libinit2.o)
    0x080002f2   0x080002f2   0x00000002   Code   RO        14935    .ARM.Collect$$libinit$$00000033  c_w.l(libinit2.o)
    0x080002f4   0x080002f4   0x00000002   Code   RO        15136    .ARM.Collect$$libshutdown$$00000000  c_w.l(libshutdown.o)
    0x080002f6   0x080002f6   0x00000000   Code   RO        15152    .ARM.Collect$$libshutdown$$00000002  c_w.l(libshutdown2.o)
    0x080002f6   0x080002f6   0x00000000   Code   RO        15154    .ARM.Collect$$libshutdown$$00000004  c_w.l(libshutdown2.o)
    0x080002f6   0x080002f6   0x00000000   Code   RO        15157    .ARM.Collect$$libshutdown$$00000007  c_w.l(libshutdown2.o)
    0x080002f6   0x080002f6   0x00000000   Code   RO        15160    .ARM.Collect$$libshutdown$$0000000A  c_w.l(libshutdown2.o)
    0x080002f6   0x080002f6   0x00000000   Code   RO        15162    .ARM.Collect$$libshutdown$$0000000C  c_w.l(libshutdown2.o)
    0x080002f6   0x080002f6   0x00000000   Code   RO        15165    .ARM.Collect$$libshutdown$$0000000F  c_w.l(libshutdown2.o)
    0x080002f6   0x080002f6   0x00000002   Code   RO        15166    .ARM.Collect$$libshutdown$$00000010  c_w.l(libshutdown2.o)
    0x080002f8   0x080002f8   0x00000000   Code   RO        14838    .ARM.Collect$$rtentry$$00000000  c_w.l(__rtentry.o)
    0x080002f8   0x080002f8   0x00000000   Code   RO        14997    .ARM.Collect$$rtentry$$00000002  c_w.l(__rtentry2.o)
    0x080002f8   0x080002f8   0x00000006   Code   RO        15009    .ARM.Collect$$rtentry$$00000004  c_w.l(__rtentry4.o)
    0x080002fe   0x080002fe   0x00000000   Code   RO        14999    .ARM.Collect$$rtentry$$00000009  c_w.l(__rtentry2.o)
    0x080002fe   0x080002fe   0x00000004   Code   RO        15000    .ARM.Collect$$rtentry$$0000000A  c_w.l(__rtentry2.o)
    0x08000302   0x08000302   0x00000000   Code   RO        15002    .ARM.Collect$$rtentry$$0000000C  c_w.l(__rtentry2.o)
    0x08000302   0x08000302   0x00000008   Code   RO        15003    .ARM.Collect$$rtentry$$0000000D  c_w.l(__rtentry2.o)
    0x0800030a   0x0800030a   0x00000002   Code   RO        15099    .ARM.Collect$$rtexit$$00000000  c_w.l(rtexit.o)
    0x0800030c   0x0800030c   0x00000000   Code   RO        15118    .ARM.Collect$$rtexit$$00000002  c_w.l(rtexit2.o)
    0x0800030c   0x0800030c   0x00000004   Code   RO        15119    .ARM.Collect$$rtexit$$00000003  c_w.l(rtexit2.o)
    0x08000310   0x08000310   0x00000006   Code   RO        15120    .ARM.Collect$$rtexit$$00000004  c_w.l(rtexit2.o)
    0x08000316   0x08000316   0x00000002   PAD
    0x08000318   0x08000318   0x000000b6   Code   RO        14367    .emb_text           port.o
    0x080003ce   0x080003ce   0x00000002   PAD
    0x080003d0   0x080003d0   0x00000034   Code   RO        14723    .emb_text           c_w.l(rand.o)
    0x08000404   0x08000404   0x000003cc   Code   RO            3    .text               main.o
    0x080007d0   0x080007d0   0x00000014   Code   RO          588    .text               stm32f4xx_it.o
    0x080007e4   0x080007e4   0x00000210   Code   RO          637    .text               system_stm32f4xx.o
    0x080009f4   0x080009f4   0x00000040   Code   RO          663    .text               led.o
    0x08000a34   0x08000a34   0x00003664   Code   RO          683    .text               lcd.o
    0x08004098   0x08004098   0x00000104   Code   RO          721    .text               key.o
    0x0800419c   0x0800419c   0x0000025c   Code   RO          742    .text               myiic.o
    0x080043f8   0x080043f8   0x0000017a   Code   RO          762    .text               24cxx.o
    0x08004572   0x08004572   0x00000002   PAD
    0x08004574   0x08004574   0x0000026c   Code   RO          785    .text               ctiic.o
    0x080047e0   0x080047e0   0x00000440   Code   RO          808    .text               gt9147.o
    0x08004c20   0x08004c20   0x00000390   Code   RO          836    .text               ott2001a.o
    0x08004fb0   0x08004fb0   0x0000033c   Code   RO          860    .text               ft5206.o
    0x080052ec   0x080052ec   0x000010dc   Code   RO          884    .text               touch.o
    0x080063c8   0x080063c8   0x0000007c   Code   RO          916    .text               timer.o
    0x08006444   0x08006444   0x00000040   Code   RO          948    .text               beep.o
    0x08006484   0x08006484   0x00000414   Code   RO          968    .text               esp8266.o
    0x08006898   0x08006898   0x00000130   Code   RO          997    .text               usart3.o
    0x080069c8   0x080069c8   0x00000b34   Code   RO         1024    .text               ws2812.o
    0x080074fc   0x080074fc   0x000000e0   Code   RO         1056    .text               adc.o
    0x080075dc   0x080075dc   0x00000384   Code   RO         1076    .text               mpu6050.o
    0x08007960   0x08007960   0x000022c0   Code   RO         1096    .text               inv_mpu.o
    0x08009c20   0x08009c20   0x00000d90   Code   RO         1128    .text               inv_mpu_dmp_motion_driver.o
    0x0800a9b0   0x0800a9b0   0x000000ec   Code   RO         1157    .text               delay.o
    0x0800aa9c   0x0800aa9c   0x00000148   Code   RO         1197    .text               usart.o
    0x0800abe4   0x0800abe4   0x00000040   Code   RO         1235    .text               startup_stm32f40_41xxx.o
    0x0800ac24   0x0800ac24   0x000000e0   Code   RO         1241    .text               misc.o
    0x0800ad04   0x0800ad04   0x00000294   Code   RO         1261    .text               stm32f4xx_gpio.o
    0x0800af98   0x0800af98   0x000005c8   Code   RO         1281    .text               stm32f4xx_fsmc.o
    0x0800b560   0x0800b560   0x0000065c   Code   RO         1304    .text               stm32f4xx_rcc.o
    0x0800bbbc   0x0800bbbc   0x00000454   Code   RO         1346    .text               stm32f4xx_usart.o
    0x0800c010   0x0800c010   0x00000ca2   Code   RO         1366    .text               stm32f4xx_tim.o
    0x0800ccb2   0x0800ccb2   0x00000002   PAD
    0x0800ccb4   0x0800ccb4   0x000003a8   Code   RO         1386    .text               stm32f4xx_dma.o
    0x0800d05c   0x0800d05c   0x00000480   Code   RO         1406    .text               stm32f4xx_spi.o
    0x0800d4dc   0x0800d4dc   0x00000464   Code   RO         1426    .text               stm32f4xx_adc.o
    0x0800d940   0x0800d940   0x0000059c   Code   RO         1444    .text               lv_disp.o
    0x0800dedc   0x0800dedc   0x00000588   Code   RO         1609    .text               lv_event.o
    0x0800e464   0x0800e464   0x000005de   Code   RO         1733    .text               lv_group.o
    0x0800ea42   0x0800ea42   0x00000002   PAD
    0x0800ea44   0x0800ea44   0x000011a0   Code   RO         1889    .text               lv_indev.o
    0x0800fbe4   0x0800fbe4   0x00000d2a   Code   RO         1948    .text               lv_indev_scroll.o
    0x0801090e   0x0801090e   0x00000002   PAD
    0x08010910   0x08010910   0x00000e98   Code   RO         2031    .text               lv_obj.o
    0x080117a8   0x080117a8   0x00000216   Code   RO         2133    .text               lv_obj_class.o
    0x080119be   0x080119be   0x00000920   Code   RO         2145    .text               lv_obj_draw.o
    0x080122de   0x080122de   0x00000002   PAD
    0x080122e0   0x080122e0   0x000016d8   Code   RO         2283    .text               lv_obj_pos.o
    0x080139b8   0x080139b8   0x00001370   Code   RO         2379    .text               lv_obj_scroll.o
    0x08014d28   0x08014d28   0x0000121c   Code   RO         2508    .text               lv_obj_style.o
    0x08015f44   0x08015f44   0x00000960   Code   RO         2602    .text               lv_obj_style_gen.o
    0x080168a4   0x080168a4   0x000005e4   Code   RO         2644    .text               lv_obj_tree.o
    0x08016e88   0x08016e88   0x00000da8   Code   RO         2662    .text               lv_refr.o
    0x08017c30   0x08017c30   0x00000100   Code   RO         2684    .text               lv_theme.o
    0x08017d30   0x08017d30   0x00001030   Code   RO         3028    .text               lv_draw_arc.o
    0x08018d60   0x08018d60   0x0000111c   Code   RO         3108    .text               lv_draw_blend.o
    0x08019e7c   0x08019e7c   0x00000a40   Code   RO         3227    .text               lv_draw_img.o
    0x0801a8bc   0x0801a8bc   0x00000adc   Code   RO         3350    .text               lv_draw_label.o
    0x0801b398   0x0801b398   0x00000bce   Code   RO         3446    .text               lv_draw_line.o
    0x0801bf66   0x0801bf66   0x00000002   PAD
    0x0801bf68   0x0801bf68   0x000015f4   Code   RO         3551    .text               lv_draw_mask.o
    0x0801d55c   0x0801d55c   0x000024e8   Code   RO         3597    .text               lv_draw_rect.o
    0x0801fa44   0x0801fa44   0x000011c4   Code   RO         3727    .text               lv_img_buf.o
    0x08020c08   0x08020c08   0x0000005c   Code   RO         3760    .text               lv_img_cache.o
    0x08020c64   0x08020c64   0x000009f0   Code   RO         3800    .text               lv_img_decoder.o
    0x08021654   0x08021654   0x0000000c   Code   RO         3881    .text               lv_extra.o
    0x08021660   0x08021660   0x00000f04   Code   RO         4225    .text               lv_flex.o
    0x08022564   0x08022564   0x00000f44   Code   RO         4391    .text               lv_grid.o
    0x080234a8   0x080234a8   0x000028ec   Code   RO         4908    .text               lv_theme_default.o
    0x08025d94   0x08025d94   0x00000f88   Code   RO         5260    .text               lv_theme_mono.o
    0x08026d1c   0x08026d1c   0x00000548   Code   RO         5957    .text               lv_calendar.o
    0x08027264   0x08027264   0x000002d4   Code   RO         6305    .text               lv_calendar_header_arrow.o
    0x08027538   0x08027538   0x00000254   Code   RO         6486    .text               lv_calendar_header_dropdown.o
    0x0802778c   0x0802778c   0x00002790   Code   RO         6514    .text               lv_chart.o
    0x08029f1c   0x08029f1c   0x00000e28   Code   RO         6860    .text               lv_colorwheel.o
    0x0802ad44   0x0802ad44   0x00000394   Code   RO         7553    .text               lv_keyboard.o
    0x0802b0d8   0x0802b0d8   0x000003f8   Code   RO         7726    .text               lv_led.o
    0x0802b4d0   0x0802b4d0   0x00001014   Code   RO         8253    .text               lv_meter.o
    0x0802c4e4   0x0802c4e4   0x000005b4   Code   RO         9292    .text               lv_spinbox.o
    0x0802ca98   0x0802ca98   0x000000f4   Code   RO         9638    .text               lv_spinner.o
    0x0802cb8c   0x0802cb8c   0x00000560   Code   RO         9985    .text               lv_tabview.o
    0x0802d0ec   0x0802d0ec   0x00000290   Code   RO        10332    .text               lv_tileview.o
    0x0802d37c   0x0802d37c   0x0000013c   Code   RO        10492    .text               lv_win.o
    0x0802d4b8   0x0802d4b8   0x00000050   Code   RO        10839    .text               lv_font.o
    0x0802d508   0x0802d508   0x000003c8   Code   RO        11211    .text               lv_font_fmt_txt.o
    0x0802d8d0   0x0802d8d0   0x00000480   Code   RO        12011    .text               lv_hal_disp.o
    0x0802dd50   0x0802dd50   0x000000ec   Code   RO        12179    .text               lv_hal_indev.o
    0x0802de3c   0x0802de3c   0x0000004c   Code   RO        12302    .text               lv_hal_tick.o
    0x0802de88   0x0802de88   0x00000602   Code   RO        12325    .text               lv_anim.o
    0x0802e48a   0x0802e48a   0x000007ec   Code   RO        12400    .text               lv_area.o
    0x0802ec76   0x0802ec76   0x00000002   PAD
    0x0802ec78   0x0802ec78   0x00000058   Code   RO        12415    .text               lv_async.o
    0x0802ecd0   0x0802ecd0   0x0000050c   Code   RO        12468    .text               lv_color.o
    0x0802f1dc   0x0802f1dc   0x000003e4   Code   RO        12484    .text               lv_fs.o
    0x0802f5c0   0x0802f5c0   0x000000ac   Code   RO        12509    .text               lv_gc.o
    0x0802f66c   0x0802f66c   0x00000342   Code   RO        12531    .text               lv_ll.o
    0x0802f9ae   0x0802f9ae   0x00000002   PAD
    0x0802f9b0   0x0802f9b0   0x00000244   Code   RO        12558    .text               lv_math.o
    0x0802fbf4   0x0802fbf4   0x00000680   Code   RO        12576    .text               lv_mem.o
    0x08030274   0x08030274   0x00000924   Code   RO        12601    .text               lv_printf.o
    0x08030b98   0x08030b98   0x00000454   Code   RO        12616    .text               lv_style.o
    0x08030fec   0x08030fec   0x000007d4   Code   RO        12660    .text               lv_style_gen.o
    0x080317c0   0x080317c0   0x000002a8   Code   RO        12683    .text               lv_timer.o
    0x08031a68   0x08031a68   0x00000cee   Code   RO        12701    .text               lv_tlsf.o
    0x08032756   0x08032756   0x00000002   PAD
    0x08032758   0x08032758   0x0000088c   Code   RO        12716    .text               lv_txt.o
    0x08032fe4   0x08032fe4   0x00000054   Code   RO        12809    .text               lv_utils.o
    0x08033038   0x08033038   0x00001484   Code   RO        12824    .text               lv_arc.o
    0x080344bc   0x080344bc   0x00000a84   Code   RO        12986    .text               lv_bar.o
    0x08034f40   0x08034f40   0x00000038   Code   RO        13086    .text               lv_btn.o
    0x08034f78   0x08034f78   0x00001392   Code   RO        13110    .text               lv_btnmatrix.o
    0x0803630a   0x0803630a   0x00000002   PAD
    0x0803630c   0x0803630c   0x00000566   Code   RO        13285    .text               lv_checkbox.o
    0x08036872   0x08036872   0x00000002   PAD
    0x08036874   0x08036874   0x0000126c   Code   RO        13374    .text               lv_dropdown.o
    0x08037ae0   0x08037ae0   0x00000e08   Code   RO        13476    .text               lv_img.o
    0x080388e8   0x080388e8   0x000015f4   Code   RO        13558    .text               lv_label.o
    0x08039edc   0x08039edc   0x00000280   Code   RO        13650    .text               lv_line.o
    0x0803a15c   0x0803a15c   0x00000d60   Code   RO        13675    .text               lv_roller.o
    0x0803aebc   0x0803aebc   0x00000bb4   Code   RO        13755    .text               lv_slider.o
    0x0803ba70   0x0803ba70   0x00000360   Code   RO        13825    .text               lv_switch.o
    0x0803bdd0   0x0803bdd0   0x00001294   Code   RO        13924    .text               lv_table.o
    0x0803d064   0x0803d064   0x000016cc   Code   RO        14020    .text               lv_textarea.o
    0x0803e730   0x0803e730   0x00000078   Code   RO        14119    .text               lv_port_disp.o
    0x0803e7a8   0x0803e7a8   0x00000198   Code   RO        14148    .text               lv_port_indev.o
    0x0803e940   0x0803e940   0x00000094   Code   RO        14233    .text               list.o
    0x0803e9d4   0x0803e9d4   0x00000d0c   Code   RO        14253    .text               queue.o
    0x0803f6e0   0x0803f6e0   0x00001820   Code   RO        14282    .text               tasks.o
    0x08040f00   0x08040f00   0x00000640   Code   RO        14321    .text               timers.o
    0x08041540   0x08041540   0x000002a0   Code   RO        14344    .text               heap_4.o
    0x080417e0   0x080417e0   0x000002f4   Code   RO        14368    .text               port.o
    0x08041ad4   0x08041ad4   0x00000b88   Code   RO        14405    .text               app.o
    0x0804265c   0x0804265c   0x00000002   Code   RO        14651    .text               c_w.l(use_no_semi_2.o)
    0x0804265e   0x0804265e   0x000000ee   Code   RO        14653    .text               c_w.l(lludivv7m.o)
    0x0804274c   0x0804274c   0x00000048   Code   RO        14655    .text               c_w.l(llsdiv.o)
    0x08042794   0x08042794   0x00000034   Code   RO        14657    .text               c_w.l(vsnprintf.o)
    0x080427c8   0x080427c8   0x00000018   Code   RO        14659    .text               c_w.l(__2printf.o)
    0x080427e0   0x080427e0   0x0000002c   Code   RO        14661    .text               c_w.l(__2sprintf.o)
    0x0804280c   0x0804280c   0x0000004e   Code   RO        14669    .text               c_w.l(_printf_pad.o)
    0x0804285a   0x0804285a   0x00000052   Code   RO        14671    .text               c_w.l(_printf_str.o)
    0x080428ac   0x080428ac   0x00000078   Code   RO        14673    .text               c_w.l(_printf_dec.o)
    0x08042924   0x08042924   0x00000094   Code   RO        14693    .text               c_w.l(_printf_hex_int_ll_ptr.o)
    0x080429b8   0x080429b8   0x00000188   Code   RO        14713    .text               c_w.l(__printf_flags_ss_wp.o)
    0x08042b40   0x08042b40   0x0000003c   Code   RO        14724    .text               c_w.l(rand.o)
    0x08042b7c   0x08042b7c   0x00000014   Code   RO        14728    .text               c_w.l(strchr.o)
    0x08042b90   0x08042b90   0x00000024   Code   RO        14730    .text               c_w.l(strstr.o)
    0x08042bb4   0x08042bb4   0x00000058   Code   RO        14732    .text               c_w.l(memcmp.o)
    0x08042c0c   0x08042c0c   0x00000048   Code   RO        14734    .text               c_w.l(strcpy.o)
    0x08042c54   0x08042c54   0x0000003e   Code   RO        14736    .text               c_w.l(strlen.o)
    0x08042c92   0x08042c92   0x00000018   Code   RO        14738    .text               c_w.l(strcat.o)
    0x08042caa   0x08042caa   0x0000008a   Code   RO        14740    .text               c_w.l(rt_memcpy_v6.o)
    0x08042d34   0x08042d34   0x00000064   Code   RO        14742    .text               c_w.l(rt_memcpy_w.o)
    0x08042d98   0x08042d98   0x00000010   Code   RO        14744    .text               c_w.l(aeabi_memset.o)
    0x08042da8   0x08042da8   0x00000044   Code   RO        14746    .text               c_w.l(rt_memclr.o)
    0x08042dec   0x08042dec   0x0000004e   Code   RO        14748    .text               c_w.l(rt_memclr_w.o)
    0x08042e3a   0x08042e3a   0x00000002   PAD
    0x08042e3c   0x08042e3c   0x00000080   Code   RO        14750    .text               c_w.l(strcmpv7m.o)
    0x08042ebc   0x08042ebc   0x00000006   Code   RO        14752    .text               c_w.l(heapauxi.o)
    0x08042ec2   0x08042ec2   0x00000002   Code   RO        14836    .text               c_w.l(use_no_semi.o)
    0x08042ec4   0x08042ec4   0x00000016   Code   RO        14843    .text               c_w.l(_rserrno.o)
    0x08042eda   0x08042eda   0x00000024   Code   RO        14845    .text               c_w.l(_printf_truncate.o)
    0x08042efe   0x08042efe   0x000000b2   Code   RO        14847    .text               c_w.l(_printf_intcommon.o)
    0x08042fb0   0x08042fb0   0x00000028   Code   RO        14849    .text               c_w.l(_printf_charcount.o)
    0x08042fd8   0x08042fd8   0x0000041e   Code   RO        14851    .text               c_w.l(_printf_fp_dec.o)
    0x080433f6   0x080433f6   0x00000002   PAD
    0x080433f8   0x080433f8   0x00000030   Code   RO        14853    .text               c_w.l(_printf_char_common.o)
    0x08043428   0x08043428   0x0000000a   Code   RO        14855    .text               c_w.l(_sputc.o)
    0x08043432   0x08043432   0x00000010   Code   RO        14857    .text               c_w.l(_snputc.o)
    0x08043442   0x08043442   0x0000002c   Code   RO        14859    .text               c_w.l(_printf_char.o)
    0x0804346e   0x0804346e   0x00000002   PAD
    0x08043470   0x08043470   0x00000024   Code   RO        14861    .text               c_w.l(_printf_char_file.o)
    0x08043494   0x08043494   0x000000bc   Code   RO        14863    .text               c_w.l(_printf_wctomb.o)
    0x08043550   0x08043550   0x0000007c   Code   RO        14866    .text               c_w.l(_printf_longlong_dec.o)
    0x080435cc   0x080435cc   0x00000070   Code   RO        14872    .text               c_w.l(_printf_oct_int_ll.o)
    0x0804363c   0x0804363c   0x00000008   Code   RO        15016    .text               c_w.l(rt_locale_intlibspace.o)
    0x08043644   0x08043644   0x00000008   Code   RO        15021    .text               c_w.l(rt_errno_addr_intlibspace.o)
    0x0804364c   0x0804364c   0x0000008a   Code   RO        15023    .text               c_w.l(lludiv10.o)
    0x080436d6   0x080436d6   0x00000002   PAD
    0x080436d8   0x080436d8   0x000002fc   Code   RO        15025    .text               c_w.l(_printf_fp_hex.o)
    0x080439d4   0x080439d4   0x00000080   Code   RO        15028    .text               c_w.l(_printf_fp_infnan.o)
    0x08043a54   0x08043a54   0x0000002c   Code   RO        15032    .text               c_w.l(_printf_wchar.o)
    0x08043a80   0x08043a80   0x000000e4   Code   RO        15034    .text               c_w.l(bigflt0.o)
    0x08043b64   0x08043b64   0x00000008   Code   RO        15059    .text               c_w.l(ferror.o)
    0x08043b6c   0x08043b6c   0x00000040   Code   RO        15063    .text               c_w.l(_wcrtomb.o)
    0x08043bac   0x08043bac   0x00000008   Code   RO        15074    .text               c_w.l(libspace.o)
    0x08043bb4   0x08043bb4   0x0000004a   Code   RO        15077    .text               c_w.l(sys_stackheap_outer.o)
    0x08043bfe   0x08043bfe   0x00000002   PAD
    0x08043c00   0x08043c00   0x00000010   Code   RO        15079    .text               c_w.l(rt_ctype_table.o)
    0x08043c10   0x08043c10   0x00000012   Code   RO        15081    .text               c_w.l(exit.o)
    0x08043c22   0x08043c22   0x0000003e   Code   RO        15037    CL$$btod_d2e        c_w.l(btod.o)
    0x08043c60   0x08043c60   0x00000046   Code   RO        15039    CL$$btod_d2e_denorm_low  c_w.l(btod.o)
    0x08043ca6   0x08043ca6   0x00000060   Code   RO        15038    CL$$btod_d2e_norm_op1  c_w.l(btod.o)
    0x08043d06   0x08043d06   0x00000338   Code   RO        15047    CL$$btod_div_common  c_w.l(btod.o)
    0x0804403e   0x0804403e   0x000000dc   Code   RO        15044    CL$$btod_e2e        c_w.l(btod.o)
    0x0804411a   0x0804411a   0x0000002a   Code   RO        15041    CL$$btod_ediv       c_w.l(btod.o)
    0x08044144   0x08044144   0x0000002a   Code   RO        15040    CL$$btod_emul       c_w.l(btod.o)
    0x0804416e   0x0804416e   0x00000244   Code   RO        15046    CL$$btod_mult_common  c_w.l(btod.o)
    0x080443b2   0x080443b2   0x00000030   Code   RO        14991    i.__ARM_fpclassify  m_wm.l(fpclassify.o)
    0x080443e2   0x080443e2   0x00000006   PAD
    0x080443e8   0x080443e8   0x00000360   Code   RO        14792    i.__hardfp_asin     m_wm.l(asin.o)
    0x08044748   0x08044748   0x000002d8   Code   RO        14957    i.__hardfp_atan     m_wm.l(atan.o)
    0x08044a20   0x08044a20   0x000001f0   Code   RO        14806    i.__hardfp_atan2    m_wm.l(atan2.o)
    0x08044c10   0x08044c10   0x00000118   Code   RO        14818    i.__hardfp_floor    m_wm.l(floor.o)
    0x08044d28   0x08044d28   0x0000007a   Code   RO        14824    i.__hardfp_sqrt     m_wm.l(sqrt.o)
    0x08044da2   0x08044da2   0x000000f8   Code   RO        14993    i.__kernel_poly     m_wm.l(poly.o)
    0x08044e9a   0x08044e9a   0x00000014   Code   RO        14972    i.__mathlib_dbl_infnan  m_wm.l(dunder.o)
    0x08044eae   0x08044eae   0x00000014   Code   RO        14973    i.__mathlib_dbl_infnan2  m_wm.l(dunder.o)
    0x08044ec2   0x08044ec2   0x00000006   PAD
    0x08044ec8   0x08044ec8   0x00000020   Code   RO        14974    i.__mathlib_dbl_invalid  m_wm.l(dunder.o)
    0x08044ee8   0x08044ee8   0x00000020   Code   RO        14977    i.__mathlib_dbl_underflow  m_wm.l(dunder.o)
    0x08044f08   0x08044f08   0x0000000e   Code   RO        14706    i._is_digit         c_w.l(__printf_wp.o)
    0x08044f16   0x08044f16   0x00000010   Code   RO        14959    i.atan              m_wm.l(atan.o)
    0x08044f26   0x08044f26   0x00000018   Code   RO        14987    i.fabs              m_wm.l(fabs.o)
    0x08044f3e   0x08044f3e   0x0000006e   Code   RO        14826    i.sqrt              m_wm.l(sqrt.o)
    0x08044fac   0x08044fac   0x0000002c   Code   RO        15066    locale$$code        c_w.l(lc_numeric_c.o)
    0x08044fd8   0x08044fd8   0x0000002c   Code   RO        15106    locale$$code        c_w.l(lc_ctype_c.o)
    0x08045004   0x08045004   0x00000018   Code   RO        14936    x$fpl$basic         fz_wm.l(basic.o)
    0x0804501c   0x0804501c   0x00000062   Code   RO        14756    x$fpl$d2f           fz_wm.l(d2f.o)
    0x0804507e   0x0804507e   0x00000002   PAD
    0x08045080   0x08045080   0x00000150   Code   RO        14758    x$fpl$dadd          fz_wm.l(daddsub_clz.o)
    0x080451d0   0x080451d0   0x00000018   Code   RO        14938    x$fpl$dcmpinf       fz_wm.l(dcmpi.o)
    0x080451e8   0x080451e8   0x000002b0   Code   RO        14765    x$fpl$ddiv          fz_wm.l(ddiv.o)
    0x08045498   0x08045498   0x0000005e   Code   RO        14768    x$fpl$dfix          fz_wm.l(dfix.o)
    0x080454f6   0x080454f6   0x00000002   PAD
    0x080454f8   0x080454f8   0x0000005a   Code   RO        14772    x$fpl$dfixu         fz_wm.l(dfixu.o)
    0x08045552   0x08045552   0x0000002e   Code   RO        14777    x$fpl$dflt          fz_wm.l(dflt_clz.o)
    0x08045580   0x08045580   0x00000026   Code   RO        14776    x$fpl$dfltu         fz_wm.l(dflt_clz.o)
    0x080455a6   0x080455a6   0x00000002   PAD
    0x080455a8   0x080455a8   0x00000078   Code   RO        14782    x$fpl$dleqf         fz_wm.l(dleqf.o)
    0x08045620   0x08045620   0x00000154   Code   RO        14784    x$fpl$dmul          fz_wm.l(dmul.o)
    0x08045774   0x08045774   0x0000009c   Code   RO        14940    x$fpl$dnaninf       fz_wm.l(dnaninf.o)
    0x08045810   0x08045810   0x0000000c   Code   RO        14942    x$fpl$dretinf       fz_wm.l(dretinf.o)
    0x0804581c   0x0804581c   0x0000006c   Code   RO        14786    x$fpl$drleqf        fz_wm.l(drleqf.o)
    0x08045888   0x08045888   0x00000016   Code   RO        14759    x$fpl$drsb          fz_wm.l(daddsub_clz.o)
    0x0804589e   0x0804589e   0x00000002   PAD
    0x080458a0   0x080458a0   0x00000198   Code   RO        14944    x$fpl$dsqrt         fz_wm.l(dsqrt_umaal.o)
    0x08045a38   0x08045a38   0x000001d4   Code   RO        14760    x$fpl$dsub          fz_wm.l(daddsub_clz.o)
    0x08045c0c   0x08045c0c   0x00000056   Code   RO        14788    x$fpl$f2d           fz_wm.l(f2d.o)
    0x08045c62   0x08045c62   0x0000008c   Code   RO        14946    x$fpl$fnaninf       fz_wm.l(fnaninf.o)
    0x08045cee   0x08045cee   0x0000000a   Code   RO        15070    x$fpl$fpinit        fz_wm.l(fpinit.o)
    0x08045cf8   0x08045cf8   0x0000000a   Code   RO        14948    x$fpl$fretinf       fz_wm.l(fretinf.o)
    0x08045d02   0x08045d02   0x00000004   Code   RO        14790    x$fpl$printf1       fz_wm.l(printf1.o)
    0x08045d06   0x08045d06   0x00000004   Code   RO        14950    x$fpl$printf2       fz_wm.l(printf2.o)
    0x08045d0a   0x08045d0a   0x00000000   Code   RO        14956    x$fpl$usenofp       fz_wm.l(usenofp.o)
    0x08045d0a   0x08045d0a   0x000017c0   Data   RO          685    .constdata          lcd.o
    0x080474ca   0x080474ca   0x000000c2   Data   RO          809    .constdata          gt9147.o
    0x0804758c   0x0804758c   0x0000000a   Data   RO          837    .constdata          ott2001a.o
    0x08047596   0x08047596   0x0000000a   Data   RO          861    .constdata          ft5206.o
    0x080475a0   0x080475a0   0x00000004   Data   RO          885    .constdata          touch.o
    0x080475a4   0x080475a4   0x0000001e   Data   RO         1026    .constdata          ws2812.o
    0x080475c2   0x080475c2   0x00000002   PAD
    0x080475c4   0x080475c4   0x00000050   Data   RO         1097    .constdata          inv_mpu.o
    0x08047614   0x08047614   0x00000bf6   Data   RO         1130    .constdata          inv_mpu_dmp_motion_driver.o
    0x0804820a   0x0804820a   0x00000002   PAD
    0x0804820c   0x0804820c   0x0000001c   Data   RO         1282    .constdata          stm32f4xx_fsmc.o
    0x08048228   0x08048228   0x0000001c   Data   RO         2032    .constdata          lv_obj.o
    0x08048244   0x08048244   0x00000008   Data   RO         2284    .constdata          lv_obj_pos.o
    0x0804824c   0x0804824c   0x0000011e   Data   RO         3352    .constdata          lv_draw_label.o
    0x0804836a   0x0804836a   0x00000021   Data   RO         3447    .constdata          lv_draw_line.o
    0x0804838b   0x0804838b   0x00000001   PAD
    0x0804838c   0x0804838c   0x00000016   Data   RO         4910    .constdata          lv_theme_default.o
    0x080483a2   0x080483a2   0x00000002   PAD
    0x080483a4   0x080483a4   0x0000001c   Data   RO         5958    .constdata          lv_calendar.o
    0x080483c0   0x080483c0   0x0000001c   Data   RO         6306    .constdata          lv_calendar_header_arrow.o
    0x080483dc   0x080483dc   0x0000001c   Data   RO         6487    .constdata          lv_calendar_header_dropdown.o
    0x080483f8   0x080483f8   0x0000001c   Data   RO         6515    .constdata          lv_chart.o
    0x08048414   0x08048414   0x0000001c   Data   RO         6861    .constdata          lv_colorwheel.o
    0x08048430   0x08048430   0x00000392   Data   RO         7554    .constdata          lv_keyboard.o
    0x080487c2   0x080487c2   0x00000002   PAD
    0x080487c4   0x080487c4   0x0000001c   Data   RO         7727    .constdata          lv_led.o
    0x080487e0   0x080487e0   0x00000054   Data   RO         8073    .constdata          lv_list.o
    0x08048834   0x08048834   0x0000001c   Data   RO         8254    .constdata          lv_meter.o
    0x08048850   0x08048850   0x0000001c   Data   RO         8600    .constdata          lv_msgbox.o
    0x0804886c   0x0804886c   0x0000001c   Data   RO         9293    .constdata          lv_spinbox.o
    0x08048888   0x08048888   0x0000001c   Data   RO         9639    .constdata          lv_spinner.o
    0x080488a4   0x080488a4   0x0000001c   Data   RO         9986    .constdata          lv_tabview.o
    0x080488c0   0x080488c0   0x00000038   Data   RO        10333    .constdata          lv_tileview.o
    0x080488f8   0x080488f8   0x0000001c   Data   RO        10493    .constdata          lv_win.o
    0x08048914   0x08048914   0x00003540   Data   RO        11311    .constdata          lv_font_montserrat_14.o
    0x0804be54   0x0804be54   0x00008078   Data   RO        11538    .constdata          lv_font_montserrat_26.o
    0x08053ecc   0x08053ecc   0x0000017c   Data   RO        12469    .constdata          lv_color.o
    0x08054048   0x08054048   0x000000b6   Data   RO        12559    .constdata          lv_math.o
    0x080540fe   0x080540fe   0x00000002   PAD
    0x08054100   0x08054100   0x0000001c   Data   RO        12825    .constdata          lv_arc.o
    0x0805411c   0x0805411c   0x0000001c   Data   RO        12987    .constdata          lv_bar.o
    0x08054138   0x08054138   0x0000001c   Data   RO        13087    .constdata          lv_btn.o
    0x08054154   0x08054154   0x0000001c   Data   RO        13111    .constdata          lv_btnmatrix.o
    0x08054170   0x08054170   0x0000001c   Data   RO        13286    .constdata          lv_checkbox.o
    0x0805418c   0x0805418c   0x00000038   Data   RO        13375    .constdata          lv_dropdown.o
    0x080541c4   0x080541c4   0x0000001c   Data   RO        13477    .constdata          lv_img.o
    0x080541e0   0x080541e0   0x0000001c   Data   RO        13559    .constdata          lv_label.o
    0x080541fc   0x080541fc   0x0000001c   Data   RO        13651    .constdata          lv_line.o
    0x08054218   0x08054218   0x00000038   Data   RO        13676    .constdata          lv_roller.o
    0x08054250   0x08054250   0x0000001c   Data   RO        13756    .constdata          lv_slider.o
    0x0805426c   0x0805426c   0x0000001c   Data   RO        13826    .constdata          lv_switch.o
    0x08054288   0x08054288   0x0000001c   Data   RO        13925    .constdata          lv_table.o
    0x080542a4   0x080542a4   0x0000001c   Data   RO        14021    .constdata          lv_textarea.o
    0x080542c0   0x080542c0   0x0001388c   Data   RO        14640    .constdata          led_img.o
    0x08067b4c   0x08067b4c   0x00000028   Data   RO        14694    .constdata          c_w.l(_printf_hex_int_ll_ptr.o)
    0x08067b74   0x08067b74   0x00000011   Data   RO        14714    .constdata          c_w.l(__printf_flags_ss_wp.o)
    0x08067b85   0x08067b85   0x00000003   PAD
    0x08067b88   0x08067b88   0x00000050   Data   RO        14795    .constdata          m_wm.l(asin.o)
    0x08067bd8   0x08067bd8   0x00000008   Data   RO        14864    .constdata          c_w.l(_printf_wctomb.o)
    0x08067be0   0x08067be0   0x00000098   Data   RO        14960    .constdata          m_wm.l(atan.o)
    0x08067c78   0x08067c78   0x00000008   Data   RO        14995    .constdata          m_wm.l(qnan.o)
    0x08067c80   0x08067c80   0x00000026   Data   RO        15026    .constdata          c_w.l(_printf_fp_hex.o)
    0x08067ca6   0x08067ca6   0x00000002   PAD
    0x08067ca8   0x08067ca8   0x00000094   Data   RO        15035    .constdata          c_w.l(bigflt0.o)
    0x08067d3c   0x08067d3c   0x00000079   Data   RO          886    .conststring        touch.o
    0x08067db5   0x08067db5   0x00000003   PAD
    0x08067db8   0x08067db8   0x0000006a   Data   RO          970    .conststring        esp8266.o
    0x08067e22   0x08067e22   0x00000002   PAD
    0x08067e24   0x08067e24   0x0000004d   Data   RO         1098    .conststring        inv_mpu.o
    0x08067e71   0x08067e71   0x00000003   PAD
    0x08067e74   0x08067e74   0x0000001b   Data   RO         5959    .conststring        lv_calendar.o
    0x08067e8f   0x08067e8f   0x00000001   PAD
    0x08067e90   0x08067e90   0x00000069   Data   RO         6307    .conststring        lv_calendar_header_arrow.o
    0x08067ef9   0x08067ef9   0x00000003   PAD
    0x08067efc   0x08067efc   0x0000028c   Data   RO         6488    .conststring        lv_calendar_header_dropdown.o
    0x08068188   0x08068188   0x0000018d   Data   RO         7555    .conststring        lv_keyboard.o
    0x08068315   0x08068315   0x00000003   PAD
    0x08068318   0x08068318   0x00000025   Data   RO        13112    .conststring        lv_btnmatrix.o
    0x0806833d   0x0806833d   0x00000003   PAD
    0x08068340   0x08068340   0x00000020   Data   RO        15167    Region$$Table       anon$$obj.o
    0x08068360   0x08068360   0x0000001c   Data   RO        15065    locale$$data        c_w.l(lc_numeric_c.o)
    0x0806837c   0x0806837c   0x00000110   Data   RO        15105    locale$$data        c_w.l(lc_ctype_c.o)


    Execution Region RW_IRAM1 (Exec base: 0x20000000, Load base: 0x0806848c, Size: 0x00010e98, Max: 0x00020000, ABSOLUTE, COMPRESSED[0x000000f0])

    Exec Addr    Load Addr    Size         Type   Attr      Idx    E Section Name        Object

    0x20000000   COMPRESSED   0x00000048   Data   RW            5    .data               main.o
    0x20000048   COMPRESSED   0x00000014   Data   RW          638    .data               system_stm32f4xx.o
    0x2000005c   COMPRESSED   0x00000004   Data   RW          686    .data               lcd.o
    0x20000060   COMPRESSED   0x00000001   Data   RW          722    .data               key.o
    0x20000061   COMPRESSED   0x00000001   Data   RW          810    .data               gt9147.o
    0x20000062   COMPRESSED   0x00000001   Data   RW          838    .data               ott2001a.o
    0x20000063   COMPRESSED   0x00000001   Data   RW          862    .data               ft5206.o
    0x20000064   COMPRESSED   0x00000036   Data   RW          887    .data               touch.o
    0x2000009a   COMPRESSED   0x00000004   Data   RW          971    .data               esp8266.o
    0x2000009e   COMPRESSED   0x00000004   Data   RW         1027    .data               ws2812.o
    0x200000a2   COMPRESSED   0x00000002   PAD
    0x200000a4   COMPRESSED   0x00000035   Data   RW         1099    .data               inv_mpu.o
    0x200000d9   COMPRESSED   0x00000001   PAD
    0x200000da   COMPRESSED   0x00000004   Data   RW         1158    .data               delay.o
    0x200000de   COMPRESSED   0x00000002   PAD
    0x200000e0   COMPRESSED   0x00000006   Data   RW         1199    .data               usart.o
    0x200000e6   COMPRESSED   0x00000010   Data   RW         1305    .data               stm32f4xx_rcc.o
    0x200000f6   COMPRESSED   0x00000002   PAD
    0x200000f8   COMPRESSED   0x00000008   Data   RW         1610    .data               lv_event.o
    0x20000100   COMPRESSED   0x00000004   Data   RW         1734    .data               lv_group.o
    0x20000104   COMPRESSED   0x00000009   Data   RW         1890    .data               lv_indev.o
    0x2000010d   COMPRESSED   0x00000003   PAD
    0x20000110   COMPRESSED   0x00000008   Data   RW         2033    .data               lv_obj.o
    0x20000118   COMPRESSED   0x00000005   Data   RW         2285    .data               lv_obj_pos.o
    0x2000011d   COMPRESSED   0x00000001   Data   RW         2509    .data               lv_obj_style.o
    0x2000011e   COMPRESSED   0x00000002   PAD
    0x20000120   COMPRESSED   0x00000008   Data   RW         2663    .data               lv_refr.o
    0x20000128   COMPRESSED   0x00000008   Data   RW         3353    .data               lv_draw_label.o
    0x20000130   COMPRESSED   0x0000000e   Data   RW         4226    .data               lv_flex.o
    0x2000013e   COMPRESSED   0x00000002   PAD
    0x20000140   COMPRESSED   0x00000018   Data   RW         4392    .data               lv_grid.o
    0x20000158   COMPRESSED   0x00000020   Data   RW         4911    .data               lv_theme_default.o
    0x20000178   COMPRESSED   0x00000005   Data   RW         5262    .data               lv_theme_mono.o
    0x2000017d   COMPRESSED   0x00000003   PAD
    0x20000180   COMPRESSED   0x0000001c   Data   RW         5960    .data               lv_calendar.o
    0x2000019c   COMPRESSED   0x00000036   Data   RW         6308    .data               lv_calendar_header_arrow.o
    0x200001d2   COMPRESSED   0x00000002   PAD
    0x200001d4   COMPRESSED   0x0000000c   Data   RW         6489    .data               lv_calendar_header_dropdown.o
    0x200001e0   COMPRESSED   0x00000007   Data   RW         6862    .data               lv_colorwheel.o
    0x200001e7   COMPRESSED   0x00000001   PAD
    0x200001e8   COMPRESSED   0x00000028   Data   RW         7556    .data               lv_keyboard.o
    0x20000210   COMPRESSED   0x00000008   Data   RW         9640    .data               lv_spinner.o
    0x20000218   COMPRESSED   0x00000004   Data   RW         9987    .data               lv_tabview.o
    0x2000021c   COMPRESSED   0x0000000c   Data   RW        10334    .data               lv_tileview.o
    0x20000228   COMPRESSED   0x00000002   Data   RW        10494    .data               lv_win.o
    0x2000022a   COMPRESSED   0x00000002   PAD
    0x2000022c   COMPRESSED   0x00000008   Data   RW        11312    .data               lv_font_montserrat_14.o
    0x20000234   COMPRESSED   0x00000008   Data   RW        11539    .data               lv_font_montserrat_26.o
    0x2000023c   COMPRESSED   0x00000004   Data   RW        12012    .data               lv_hal_disp.o
    0x20000240   COMPRESSED   0x00000005   Data   RW        12303    .data               lv_hal_tick.o
    0x20000245   COMPRESSED   0x00000003   PAD
    0x20000248   COMPRESSED   0x0000000c   Data   RW        12326    .data               lv_anim.o
    0x20000254   COMPRESSED   0x0000000c   Data   RW        12511    .data               lv_gc.o
    0x20000260   COMPRESSED   0x00000004   Data   RW        12560    .data               lv_math.o
    0x20000264   COMPRESSED   0x00000008   Data   RW        12578    .data               lv_mem.o
    0x2000026c   COMPRESSED   0x00000002   Data   RW        12617    .data               lv_style.o
    0x2000026e   COMPRESSED   0x00000002   PAD
    0x20000270   COMPRESSED   0x00000014   Data   RW        12684    .data               lv_timer.o
    0x20000284   COMPRESSED   0x00000020   Data   RW        12717    .data               lv_txt.o
    0x200002a4   COMPRESSED   0x0000001c   Data   RW        13113    .data               lv_btnmatrix.o
    0x200002c0   COMPRESSED   0x00000004   Data   RW        14022    .data               lv_textarea.o
    0x200002c4   COMPRESSED   0x00000025   Data   RW        14150    .data               lv_port_indev.o
    0x200002e9   COMPRESSED   0x00000003   PAD
    0x200002ec   COMPRESSED   0x0000003c   Data   RW        14284    .data               tasks.o
    0x20000328   COMPRESSED   0x00000014   Data   RW        14323    .data               timers.o
    0x2000033c   COMPRESSED   0x00000018   Data   RW        14346    .data               heap_4.o
    0x20000354   COMPRESSED   0x0000000c   Data   RW        14369    .data               port.o
    0x20000360   COMPRESSED   0x0000005c   Data   RW        14406    .data               app.o
    0x200003bc        -       0x00000028   Zero   RW            4    .bss                main.o
    0x200003e4        -       0x0000000e   Zero   RW          684    .bss                lcd.o
    0x200003f2        -       0x000000e4   Zero   RW          969    .bss                esp8266.o
    0x200004d6   COMPRESSED   0x00000002   PAD
    0x200004d8        -       0x0000015c   Zero   RW         1025    .bss                ws2812.o
    0x20000634        -       0x00000010   Zero   RW         1129    .bss                inv_mpu_dmp_motion_driver.o
    0x20000644        -       0x000000c8   Zero   RW         1198    .bss                usart.o
    0x2000070c        -       0x00000100   Zero   RW         3351    .bss                lv_draw_label.o
    0x2000080c        -       0x0000004c   Zero   RW         4909    .bss                lv_theme_default.o
    0x20000858        -       0x00000024   Zero   RW         5261    .bss                lv_theme_mono.o
    0x2000087c        -       0x0000018c   Zero   RW        12510    .bss                lv_gc.o
    0x20000a08        -       0x00008000   Zero   RW        12577    .bss                lv_mem.o
    0x20008a08        -       0x000025dc   Zero   RW        14120    .bss                lv_port_disp.o
    0x2000afe4        -       0x00000020   Zero   RW        14149    .bss                lv_port_indev.o
    0x2000b004        -       0x00000040   Zero   RW        14254    .bss                queue.o
    0x2000b044        -       0x000002e4   Zero   RW        14283    .bss                tasks.o
    0x2000b328        -       0x00000028   Zero   RW        14322    .bss                timers.o
    0x2000b350        -       0x00005000   Zero   RW        14345    .bss                heap_4.o
    0x20010350        -       0x000000e4   Zero   RW        14725    .bss                c_w.l(rand.o)
    0x20010434        -       0x00000060   Zero   RW        15075    .bss                c_w.l(libspace.o)
    0x20010494   COMPRESSED   0x00000004   PAD
    0x20010498        -       0x00000200   Zero   RW         1233    HEAP                startup_stm32f40_41xxx.o
    0x20010698        -       0x00000800   Zero   RW         1232    STACK               startup_stm32f40_41xxx.o


==============================================================================

Image component sizes


      Code (inc. data)   RO Data    RW Data    ZI Data      Debug   Object Name

       378          0          0          0          0       2806   24cxx.o
       224         10          0          0          0       1163   adc.o
      2952        614          0         92          0      41314   app.o
        64          4          0          0          0        524   beep.o
       620         24          0          0          0       2093   ctiic.o
       236         10          0          4          0       1657   delay.o
      1044        400        106          4        228       4022   esp8266.o
         0          0          0          0          0      10244   event_groups.o
       828         40         10          1          0       2527   ft5206.o
      1088         78        194          1          0       3062   gt9147.o
       672         82          0         24      20480       3360   heap_4.o
      8896        222        157         53          0      24585   inv_mpu.o
      3472        142       3062          0         16      15539   inv_mpu_dmp_motion_driver.o
       260         12          0          1          0        872   key.o
     13924        140       6080          4         14      20558   lcd.o
        64          4          0          0          0        519   led.o
         0          0      80012          0          0        562   led_img.o
       148          0          0          0          0       1938   list.o
      1538         24          0         12          0      23850   lv_anim.o
      5252          8         28          0          0      66299   lv_arc.o
      2028         22          0          0          0       8821   lv_area.o
        88          4          0          0          0       2340   lv_async.o
      2692         24         28          0          0      49760   lv_bar.o
         0          0          0          0          0       3995   lv_bidi.o
        56          6         28          0          0       1363   lv_btn.o
      5010         18         65         28          0      47108   lv_btnmatrix.o
      1352         24         55         28          0      50386   lv_calendar.o
       724         36        133         54          0      52193   lv_calendar_header_arrow.o
       596         24        680         12          0       3305   lv_calendar_header_dropdown.o
         0          0          0          0          0       3874   lv_canvas.o
     10128         16         28          0          0      80139   lv_chart.o
      1382         16         28          0          0      40257   lv_checkbox.o
      1292         18        380          0          0      11064   lv_color.o
      3624         28         28          7          0      66034   lv_colorwheel.o
      1436         32          0          0          0      45832   lv_disp.o
      4144          0          0          0          0      29715   lv_draw_arc.o
      4380         10          0          0          0      47993   lv_draw_blend.o
      2624         46          0          0          0      52840   lv_draw_img.o
      2780         48        286          8        256      28089   lv_draw_label.o
      3022          4         33          0          0      41039   lv_draw_line.o
      5620         28          0          0          0      25938   lv_draw_mask.o
      9448          4          0          0          0      53403   lv_draw_rect.o
         0          0          0          0          0       2428   lv_draw_triangle.o
      4716         56         56          0          0      51233   lv_dropdown.o
      1416         30          0          8          0      44245   lv_event.o
        12          0          0          0          0        492   lv_extra.o
      3844         88          0         14          0      63026   lv_flex.o
        80          0          0          0          0       5487   lv_font.o
         0          0          0          0          0       4296   lv_font_dejavu_16_persian_hebrew.o
       968         12          0          0          0       7693   lv_font_fmt_txt.o
         0          0      13632          8          0       2304   lv_font_montserrat_14.o
         0          0      32888          8          0       2304   lv_font_montserrat_26.o
       996         10          0          0          0      11691   lv_fs.o
       172         56          0         12        396       2683   lv_gc.o
      3908        108          0         24          0      69606   lv_grid.o
      1502         24          0          4          0      45577   lv_group.o
      1152         24          0          4          0      44964   lv_hal_disp.o
       236          8          0          0          0      34565   lv_hal_indev.o
        76         10          0          5          0       1536   lv_hal_tick.o
      3592         10         28          0          0      45123   lv_img.o
      4548         34          0          0          0      20601   lv_img_buf.o
        92          6          0          0          0       6199   lv_img_cache.o
      2544         32          0          0          0      23613   lv_img_decoder.o
      4512         42          0          9          0      23304   lv_indev.o
      3370          4          0          0          0      42388   lv_indev_scroll.o
       916         64       1311         40          0      45988   lv_keyboard.o
      5620         76         28          0          0      55726   lv_label.o
      1016          6         28          0          0      45488   lv_led.o
       640          4         28          0          0      12358   lv_line.o
         0          0         84          0          0      40322   lv_list.o
       834          0          0          0          0       6383   lv_ll.o
       580         10        182          4          0       4789   lv_math.o
      1664         24          0          8      32768       6599   lv_mem.o
      4116         14         28          0          0      70536   lv_meter.o
         0          0         28          0          0      41895   lv_msgbox.o
      3736         34         28          8          0      51723   lv_obj.o
       534          0          0          0          0       2912   lv_obj_class.o
      2336          0          0          0          0      55743   lv_obj_draw.o
      5848         52          8          5          0      56686   lv_obj_pos.o
      4976         44          0          0          0      61725   lv_obj_scroll.o
      4636         46          0          1          0      52645   lv_obj_style.o
      2400          0          0          0          0      40767   lv_obj_style_gen.o
      1508          8          0          0          0      14611   lv_obj_tree.o
       120         20          0          0       9692       1292   lv_port_disp.o
       408         46          0         37         32       3958   lv_port_indev.o
      2340         10          0          0          0       7991   lv_printf.o
      3496         20          0          8          0      10399   lv_refr.o
      3424         84         56          0          0      45837   lv_roller.o
      2996          6         28          0          0      31464   lv_slider.o
      1460         20         28          0          0      49811   lv_spinbox.o
       244         24         28          8          0      44072   lv_spinner.o
      1108         14          0          2          0      22607   lv_style.o
      2004          0          0          0          0      33556   lv_style_gen.o
       864          4         28          0          0      37527   lv_switch.o
      4756         12         28          0          0      51605   lv_table.o
      1376         36         28          4          0      56612   lv_tabview.o
      5836        120         28          4          0      59385   lv_textarea.o
       256          8          0          0          0      42731   lv_theme.o
     10476        422         22         32         76      52812   lv_theme_default.o
      3976        178          0          5         36      45762   lv_theme_mono.o
       656         24         56         12          0      44110   lv_tileview.o
       680         42          0         20          0       5277   lv_timer.o
      3310         10          0          0          0      19410   lv_tlsf.o
      2188         34          0         32          0      13541   lv_txt.o
        84          0          0          0          0        920   lv_utils.o
       316          8         28          2          0      43685   lv_win.o
       972        194          0         72         40     380670   main.o
       224         20          0          0          0       1805   misc.o
       900         22          0          0          0       4467   mpu6050.o
       604         14          0          0          0       1916   myiic.o
       912         64         10          1          0       2731   ott2001a.o
       938        112          0         12          0       8247   port.o
      3340         52          0          0         64      18922   queue.o
        64         26        392          0       2560        828   startup_stm32f40_41xxx.o
      1124         24          0          0          0      10678   stm32f4xx_adc.o
       936         32          0          0          0       6381   stm32f4xx_dma.o
      1480         18         28          0          0       5630   stm32f4xx_fsmc.o
       660         44          0          0          0       4145   stm32f4xx_gpio.o
        20          0          0          0          0        939   stm32f4xx_it.o
      1628         52          0         16          0      13016   stm32f4xx_rcc.o
      1152         36          0          0          0       6897   stm32f4xx_spi.o
      3234         60          0          0          0      23004   stm32f4xx_tim.o
      1108         34          0          0          0       7872   stm32f4xx_usart.o
       528         46          0         20          0       1759   system_stm32f4xx.o
      6176        402          0         60        740      32128   tasks.o
       124          4          0          0          0       1344   timer.o
      1600        112          0         20         40       8848   timers.o
      4316        228        125         54          0       6801   touch.o
       328         16          0          6        200       3310   usart.o
       304         10          0          0          0       2307   usart3.o
      2868         74         30          4        348       9382   ws2812.o

    ----------------------------------------------------------------------
    271120       5996     140782        956      67988    3483627   Object Totals
         0          0         32          0          0          0   (incl. Generated)
        24          0         29         30          2          0   (incl. Padding)

    ----------------------------------------------------------------------

      Code (inc. data)   RO Data    RW Data    ZI Data      Debug   Library Member Name

        24          4          0          0          0         84   __2printf.o
        44          6          0          0          0         84   __2sprintf.o
        90          0          0          0          0          0   __dczerorl2.o
         8          0          0          0          0         68   __main.o
       392          4         17          0          0         92   __printf_flags_ss_wp.o
        14          0          0          0          0         68   __printf_wp.o
         0          0          0          0          0          0   __rtentry.o
        12          0          0          0          0          0   __rtentry2.o
         6          0          0          0          0          0   __rtentry4.o
        52          8          0          0          0          0   __scatter.o
        28          0          0          0          0          0   __scatter_zi.o
         6          0          0          0          0          0   _printf_a.o
         6          0          0          0          0          0   _printf_c.o
        44          0          0          0          0        108   _printf_char.o
        48          6          0          0          0         96   _printf_char_common.o
        36          4          0          0          0         80   _printf_char_file.o
        40          0          0          0          0         68   _printf_charcount.o
         6          0          0          0          0          0   _printf_d.o
       120         16          0          0          0         92   _printf_dec.o
         6          0          0          0          0          0   _printf_e.o
         6          0          0          0          0          0   _printf_f.o
      1054          0          0          0          0        216   _printf_fp_dec.o
       764          8         38          0          0        100   _printf_fp_hex.o
       128         16          0          0          0         84   _printf_fp_infnan.o
         6          0          0          0          0          0   _printf_g.o
       148          4         40          0          0        160   _printf_hex_int_ll_ptr.o
         6          0          0          0          0          0   _printf_i.o
       178          0          0          0          0         88   _printf_intcommon.o
        10          0          0          0          0          0   _printf_l.o
         6          0          0          0          0          0   _printf_lc.o
        10          0          0          0          0          0   _printf_ll.o
         6          0          0          0          0          0   _printf_lld.o
         6          0          0          0          0          0   _printf_lli.o
         6          0          0          0          0          0   _printf_llo.o
         6          0          0          0          0          0   _printf_llu.o
         6          0          0          0          0          0   _printf_llx.o
       124         16          0          0          0         92   _printf_longlong_dec.o
         6          0          0          0          0          0   _printf_ls.o
         6          0          0          0          0          0   _printf_n.o
         6          0          0          0          0          0   _printf_o.o
       112         10          0          0          0        124   _printf_oct_int_ll.o
         6          0          0          0          0          0   _printf_p.o
        78          0          0          0          0        108   _printf_pad.o
         0          0          0          0          0          0   _printf_percent.o
         4          0          0          0          0          0   _printf_percent_end.o
         6          0          0          0          0          0   _printf_s.o
        82          0          0          0          0         80   _printf_str.o
        36          0          0          0          0         84   _printf_truncate.o
         6          0          0          0          0          0   _printf_u.o
        44          0          0          0          0        108   _printf_wchar.o
       188          6          8          0          0         92   _printf_wctomb.o
         6          0          0          0          0          0   _printf_x.o
        22          0          0          0          0        100   _rserrno.o
        16          0          0          0          0         68   _snputc.o
        10          0          0          0          0         68   _sputc.o
        64          0          0          0          0         92   _wcrtomb.o
        16          0          0          0          0         68   aeabi_memset.o
       228          4        148          0          0         96   bigflt0.o
      1936        128          0          0          0        672   btod.o
        18          0          0          0          0         80   exit.o
         8          0          0          0          0         68   ferror.o
         6          0          0          0          0        152   heapauxi.o
        44         10        272          0          0         76   lc_ctype_c.o
        44         10         28          0          0         76   lc_numeric_c.o
         2          0          0          0          0          0   libinit.o
        38          0          0          0          0          0   libinit2.o
         2          0          0          0          0          0   libshutdown.o
         2          0          0          0          0          0   libshutdown2.o
         8          4          0          0         96         68   libspace.o
        72          0          0          0          0         76   llsdiv.o
       138          0          0          0          0         80   lludiv10.o
       238          0          0          0          0        100   lludivv7m.o
        88          0          0          0          0         76   memcmp.o
       112         18          0          0        228        160   rand.o
        16          4          0          0          0         76   rt_ctype_table.o
         8          4          0          0          0         68   rt_errno_addr_intlibspace.o
         8          4          0          0          0         68   rt_locale_intlibspace.o
        68          0          0          0          0         68   rt_memclr.o
        78          0          0          0          0         80   rt_memclr_w.o
       138          0          0          0          0         68   rt_memcpy_v6.o
       100          0          0          0          0         80   rt_memcpy_w.o
         2          0          0          0          0          0   rtexit.o
        10          0          0          0          0          0   rtexit2.o
        24          0          0          0          0         68   strcat.o
        20          0          0          0          0         68   strchr.o
       128          0          0          0          0         68   strcmpv7m.o
        72          0          0          0          0         80   strcpy.o
        62          0          0          0          0         76   strlen.o
        36          0          0          0          0         80   strstr.o
        74          0          0          0          0         80   sys_stackheap_outer.o
         2          0          0          0          0         68   use_no_semi.o
         2          0          0          0          0         68   use_no_semi_2.o
        52          4          0          0          0         80   vsnprintf.o
        24          0          0          0          0        164   basic.o
        98          4          0          0          0        140   d2f.o
       826         16          0          0          0        492   daddsub_clz.o
        24          0          0          0          0        116   dcmpi.o
       688        140          0          0          0        256   ddiv.o
        94          4          0          0          0        140   dfix.o
        90          4          0          0          0        140   dfixu.o
        84          0          0          0          0        232   dflt_clz.o
       120          4          0          0          0        140   dleqf.o
       340         12          0          0          0        152   dmul.o
       156          4          0          0          0        140   dnaninf.o
        12          0          0          0          0        116   dretinf.o
       108          0          0          0          0        128   drleqf.o
       408         56          0          0          0        168   dsqrt_umaal.o
        86          4          0          0          0        132   f2d.o
       140          4          0          0          0        132   fnaninf.o
        10          0          0          0          0        116   fpinit.o
        10          0          0          0          0        116   fretinf.o
         4          0          0          0          0        116   printf1.o
         4          0          0          0          0        116   printf2.o
         0          0          0          0          0          0   usenofp.o
       864         94         80          0          0        280   asin.o
       744        106        152          0          0        352   atan.o
       496         64          0          0          0        192   atan2.o
       104         16          0          0          0        496   dunder.o
        24          0          0          0          0        124   fabs.o
       280         28          0          0          0        156   floor.o
        48          0          0          0          0        124   fpclassify.o
       248          0          0          0          0        152   poly.o
         0          0          8          0          0          0   qnan.o
       232          0          0          0          0        296   sqrt.o

    ----------------------------------------------------------------------
     14450        858        796          0        328      11020   Library Totals
        34          0          5          0          4          0   (incl. Padding)

    ----------------------------------------------------------------------

      Code (inc. data)   RO Data    RW Data    ZI Data      Debug   Library Name

      8050        298        551          0        324       5596   c_w.l
      3326        252          0          0          0       3252   fz_wm.l
      3040        308        240          0          0       2172   m_wm.l

    ----------------------------------------------------------------------
     14450        858        796          0        328      11020   Library Totals

    ----------------------------------------------------------------------

==============================================================================


      Code (inc. data)   RO Data    RW Data    ZI Data      Debug   

    285570       6854     141578        956      68316    3462823   Grand Totals
    285570       6854     141578        240      68316    3462823   ELF Image Totals (compressed)
    285570       6854     141578        240          0          0   ROM Totals

==============================================================================

    Total RO  Size (Code + RO Data)               427148 ( 417.14kB)
    Total RW  Size (RW Data + ZI Data)             69272 (  67.65kB)
    Total ROM Size (Code + RO Data + RW Data)     427388 ( 417.37kB)

==============================================================================

