<html>
<body>
<pre>
<h1>礦ision Build Log</h1>
<h2>Tool Versions:</h2>
IDE-Version: μVision V5.37.0.0
Copyright (C) 2022 ARM Ltd and ARM Germany GmbH. All rights reserved.
License Information: coucou coucou, ASY, LIC=0VRJ7-EFLFC-JPCZQ-NWVU8-PT15Y-XP3VE
 
Tool Versions:
Toolchain:       MDK-ARM Professional  Version: 5.37.0.0
Toolchain Path:  F:\Keil_v5\ARM\ARMCC\Bin
C Compiler:      Armcc.exe V5.06 update 5 (build 528)
Assembler:       Armasm.exe V5.06 update 5 (build 528)
Linker/Locator:  ArmLink.exe V5.06 update 5 (build 528)
Library Manager: ArmAr.exe V5.06 update 5 (build 528)
Hex Converter:   FromElf.exe V5.06 update 5 (build 528)
CPU DLL:         SARMCM3.DLL V5.37.0.0
Dialog DLL:      DCM.DLL V1.17.5.0
Target DLL:      STLink\ST-LINKIII-KEIL_SWO.dll V3.0.9.0
Dialog DLL:      TCM.DLL V1.56.1.0
 
<h2>Project:</h2>
E:\我的课程\单片机\lvgl\my_lvgl_test\test\USER\template.uvprojx
Project File Date:  02/25/2023

<h2>Output:</h2>
*** Using Compiler 'V5.06 update 5 (build 528)', folder: 'F:\Keil_v5\ARM\ARMCC\Bin'
Rebuild target 'TEMPLATE'
compiling system_stm32f4xx.c...
compiling stm32f4xx_it.c...
compiling led.c...
compiling getdata.c...
getdata.h(7): warning:  #1295-D: Deprecated declaration get_weather_str - give arg types
  void get_weather_str();
getdata.c(10): warning:  #223-D: function "ESP8266_SendCmd" declared implicitly
  	while(ESP8266_SendCmd("AT+CWMODE=1\r\n", "OK"))
getdata.c(11): warning:  #223-D: function "delay_ms" declared implicitly
  		delay_ms(500);
getdata.c(13): warning:  #223-D: function "ESP8266_SendCmd" declared implicitly
  	while(ESP8266_SendCmd("AT+CIPMUX=0\r\n", "OK"))
getdata.c(14): warning:  #223-D: function "delay_ms" declared implicitly
  		delay_ms(500);
getdata.c(16): warning:  #223-D: function "ESP8266_SendCmd" declared implicitly
  	while(ESP8266_SendCmd("AT+CIPSTART=\"TCP\",\"api.seniverse.com\",80\r\n", "OK"))
getdata.c(17): warning:  #223-D: function "delay_ms" declared implicitly
  		delay_ms(500);
getdata.c(20): warning:  #223-D: function "ESP8266_SendCmd" declared implicitly
  	while(ESP8266_SendCmd("AT+CIPMODE=1\r\n", "OK"))
getdata.c(21): warning:  #223-D: function "delay_ms" declared implicitly
  		delay_ms(500);
getdata.c(24): warning:  #223-D: function "ESP8266_SendCmd" declared implicitly
  	while(ESP8266_SendCmd("AT+CIPSEND\r\n", "OK"))
getdata.c(25): warning:  #223-D: function "delay_ms" declared implicitly
  		delay_ms(500);
getdata.c(28): warning:  #223-D: function "delay_ms" declared implicitly
  	delay_ms(1000);
getdata.c(33): warning:  #223-D: function "ESP8266_SendCmd" declared implicitly
  	while(ESP8266_SendCmd("AT+CIPCLOSE\r\n", "OK"))
getdata.c: 13 warnings, 0 errors
compiling lcd.c...
compiling main.c...
getdata.h(7): warning:  #1295-D: Deprecated declaration get_weather_str - give arg types
  void get_weather_str();
main.c: 1 warning, 0 errors
compiling key.c...
compiling myiic.c...
compiling 24cxx.c...
compiling gt9147.c...
compiling ctiic.c...
compiling ott2001a.c...
compiling ft5206.c...
compiling esp8266.c...
compiling touch.c...
compiling beep.c...
compiling timer.c...
compiling usart3.c...
assembling startup_stm32f40_41xxx.s...
compiling Adc.c...
compiling WS2812.c...
..\HARDWARE\WS2812\WS2812.c(356): warning:  #223-D: function "rand" declared implicitly
  		color = rand()%7;
..\HARDWARE\WS2812\WS2812.c: 1 warning, 0 errors
compiling sys.c...
compiling delay.c...
compiling usart.c...
compiling misc.c...
compiling stm32f4xx_gpio.c...
compiling stm32f4xx_rcc.c...
compiling stm32f4xx_fsmc.c...
compiling stm32f4xx_syscfg.c...
compiling lv_disp.c...
compiling stm32f4xx_usart.c...
compiling lv_event.c...
compiling stm32f4xx_dma.c...
compiling stm32f4xx_tim.c...
compiling stm32f4xx_spi.c...
compiling stm32f4xx_adc.c...
compiling lv_group.c...
compiling lv_indev.c...
compiling lv_obj_class.c...
compiling lv_obj_draw.c...
compiling lv_indev_scroll.c...
compiling lv_obj.c...
compiling lv_obj_pos.c...
compiling lv_obj_scroll.c...
compiling lv_obj_style_gen.c...
compiling lv_obj_tree.c...
compiling lv_obj_style.c...
compiling lv_refr.c...
compiling lv_theme.c...
compiling lv_draw_arc.c...
compiling lv_draw_img.c...
compiling lv_draw_label.c...
compiling lv_draw_blend.c...
compiling lv_draw_line.c...
compiling lv_draw_triangle.c...
compiling lv_img_cache.c...
compiling lv_img_buf.c...
compiling lv_draw_mask.c...
compiling lv_img_decoder.c...
compiling lv_draw_rect.c...
compiling lv_extra.c...
compiling lv_grid.c...
..\lvgl\src\extra\layouts\grid\lv_grid.c(103): warning:  #188-D: enumerated type mixed with another type
      LV_STYLE_GRID_COLUMN_DSC_ARRAY = lv_style_register_prop() | 
V_STYLE_PROP_LAYOUT_REFR;
..\lvgl\src\extra\layouts\grid\lv_grid.c(104): warning:  #188-D: enumerated type mixed with another type
      LV_STYLE_GRID_ROW_DSC_ARRAY = lv_style_register_prop() | 
V_STYLE_PROP_LAYOUT_REFR;
..\lvgl\src\extra\layouts\grid\lv_grid.c(105): warning:  #188-D: enumerated type mixed with another type
      LV_STYLE_GRID_COLUMN_ALIGN = lv_style_register_prop() | 
V_STYLE_PROP_LAYOUT_REFR;
..\lvgl\src\extra\layouts\grid\lv_grid.c(106): warning:  #188-D: enumerated type mixed with another type
      LV_STYLE_GRID_ROW_ALIGN = lv_style_register_prop() | 
V_STYLE_PROP_LAYOUT_REFR;
..\lvgl\src\extra\layouts\grid\lv_grid.c(108): warning:  #188-D: enumerated type mixed with another type
      LV_STYLE_GRID_CELL_ROW_SPAN = lv_style_register_prop() | 
V_STYLE_PROP_LAYOUT_REFR;
..\lvgl\src\extra\layouts\grid\lv_grid.c(109): warning:  #188-D: enumerated type mixed with another type
      LV_STYLE_GRID_CELL_ROW_POS = lv_style_register_prop() | 
V_STYLE_PROP_LAYOUT_REFR;
..\lvgl\src\extra\layouts\grid\lv_grid.c(110): warning:  #188-D: enumerated type mixed with another type
      LV_STYLE_GRID_CELL_COLUMN_SPAN = lv_style_register_prop() | 
V_STYLE_PROP_LAYOUT_REFR;
..\lvgl\src\extra\layouts\grid\lv_grid.c(111): warning:  #188-D: enumerated type mixed with another type
      LV_STYLE_GRID_CELL_COLUMN_POS = lv_style_register_prop() | 
V_STYLE_PROP_LAYOUT_REFR;
..\lvgl\src\extra\layouts\grid\lv_grid.c(112): warning:  #188-D: enumerated type mixed with another type
      LV_STYLE_GRID_CELL_X_ALIGN = lv_style_register_prop() | 
V_STYLE_PROP_LAYOUT_REFR;
..\lvgl\src\extra\layouts\grid\lv_grid.c(113): warning:  #188-D: enumerated type mixed with another type
      LV_STYLE_GRID_CELL_Y_ALIGN = lv_style_register_prop() | 
V_STYLE_PROP_LAYOUT_REFR;
..\lvgl\src\extra\layouts\grid\lv_grid.c(554): warning:  #188-D: enumerated type mixed with another type
      lv_grid_align_t col_align = get_cell_col_align(item);
..\lvgl\src\extra\layouts\grid\lv_grid.c(555): warning:  #188-D: enumerated type mixed with another type
      lv_grid_align_t row_align = get_cell_row_align(item);
..\lvgl\src\extra\layouts\grid\lv_grid.c: 12 warnings, 0 errors
compiling lv_flex.c...
..\lvgl\src\extra\layouts\flex\lv_flex.c(94): warning:  #188-D: enumerated type mixed with another type
      LV_STYLE_FLEX_MAIN_PLACE = lv_style_register_prop() | 
V_STYLE_PROP_LAYOUT_REFR;
..\lvgl\src\extra\layouts\flex\lv_flex.c(95): warning:  #188-D: enumerated type mixed with another type
      LV_STYLE_FLEX_CROSS_PLACE = lv_style_register_prop() | 
V_STYLE_PROP_LAYOUT_REFR;
..\lvgl\src\extra\layouts\flex\lv_flex.c(96): warning:  #188-D: enumerated type mixed with another type
      LV_STYLE_FLEX_TRACK_PLACE = lv_style_register_prop() | 
V_STYLE_PROP_LAYOUT_REFR;
..\lvgl\src\extra\layouts\flex\lv_flex.c: 3 warnings, 0 errors
compiling lv_theme_basic.c...
compiling lv_theme_default.c...
..\lvgl\src\extra\themes\default\lv_theme_default.c(207): warning:  #188-D: enumerated type mixed with another type
..\lvgl\src\extra\themes\default\lv_theme_default.c: 1 warning, 0 errors
compiling lv_animimg.c...
compiling lv_theme_mono.c...
compiling lv_calendar_header_dropdown.c...
compiling lv_calendar_header_arrow.c...
compiling lv_calendar.c...
compiling lv_imgbtn.c...
compiling lv_led.c...
compiling lv_list.c...
compiling lv_keyboard.c...
compiling lv_colorwheel.c...
compiling lv_chart.c...
compiling lv_spinbox.c...
compiling lv_spinner.c...
compiling lv_msgbox.c...
compiling lv_meter.c...
compiling lv_tabview.c...
compiling lv_span.c...
..\lvgl\src\extra\widgets\span\lv_span.c(60): warning:  #1295-D: Deprecated declaration lv_get_snippet_cnt - give arg types
  static uint16_t lv_get_snippet_cnt();
..\lvgl\src\extra\widgets\span\lv_span.c(829): warning:  #546-D: transfer of control bypasses initialization of:
            variable "ellipsis_valid"  (declared at line 833)
            variable "align"  (declared at line 851)
              goto Next_line_init;
              ^
..\lvgl\src\extra\widgets\span\lv_span.c: 2 warnings, 0 errors
compiling lv_tileview.c...
compiling lv_font.c...
compiling lv_font_fmt_txt.c...
compiling lv_font_dejavu_16_persian_hebrew.c...
compiling lv_win.c...
compiling lv_font_loader.c...
compiling lv_font_montserrat_12.c...
compiling lv_font_montserrat_10.c...
compiling lv_font_montserrat_12_subpx.c...
compiling lv_font_montserrat_8.c...
compiling lv_font_montserrat_14.c...
compiling lv_font_montserrat_16.c...
compiling lv_font_montserrat_18.c...
compiling lv_font_montserrat_22.c...
compiling lv_font_montserrat_20.c...
compiling lv_font_montserrat_24.c...
compiling lv_font_montserrat_26.c...
compiling lv_font_montserrat_28.c...
compiling lv_font_montserrat_30.c...
compiling lv_font_montserrat_34.c...
compiling lv_font_montserrat_28_compressed.c...
compiling lv_font_montserrat_32.c...
compiling lv_font_montserrat_36.c...
compiling lv_font_montserrat_40.c...
compiling lv_font_montserrat_42.c...
compiling lv_font_montserrat_44.c...
compiling lv_font_montserrat_38.c...
compiling lv_font_montserrat_46.c...
compiling lv_font_montserrat_48.c...
compiling lv_gpu_nxp_pxp_osa.c...
compiling lv_gpu_nxp_vglite.c...
compiling lv_gpu_nxp_pxp.c...
compiling lv_font_unscii_8.c...
compiling lv_font_simsun_16_cjk.c...
compiling lv_font_unscii_16.c...
compiling lv_gpu_stm32_dma2d.c...
compiling lv_hal_disp.c...
..\lvgl\src\hal\lv_hal_disp.c(403): warning:  #188-D: enumerated type mixed with another type
      return disp->driver->rotated;
..\lvgl\src\hal\lv_hal_disp.c: 1 warning, 0 errors
compiling lv_hal_indev.c...
compiling lv_hal_tick.c...
compiling lv_area.c...
compiling lv_anim.c...
compiling lv_async.c...
compiling lv_bidi.c...
compiling lv_color.c...
compiling lv_fs.c...
compiling lv_gc.c...
compiling lv_ll.c...
compiling lv_log.c...
compiling lv_math.c...
compiling lv_mem.c...
compiling lv_templ.c...
compiling lv_style.c...
..\lvgl\src\misc\lv_style.c(75): warning:  #188-D: enumerated type mixed with another type
      return act_id;
..\lvgl\src\misc\lv_style.c: 1 warning, 0 errors
compiling lv_printf.c...
compiling lv_style_gen.c...
compiling lv_timer.c...
compiling lv_tlsf.c...
compiling lv_txt.c...
compiling lv_txt_ap.c...
compiling lv_utils.c...
compiling lv_bar.c...
..\lvgl\src\widgets\lv_bar.c(133): warning:  #188-D: enumerated type mixed with another type
          lv_bar_set_value(obj, bar->cur_value, 
alse);
..\lvgl\src\widgets\lv_bar.c(137): warning:  #188-D: enumerated type mixed with another type
          lv_bar_set_value(obj, bar->cur_value, 
alse);
..\lvgl\src\widgets\lv_bar.c: 2 warnings, 0 errors
compiling lv_btn.c...
compiling lv_arc.c...
compiling lv_checkbox.c...
compiling lv_btnmatrix.c...
compiling lv_canvas.c...
compiling lv_objx_templ.c...
compiling lv_line.c...
compiling lv_img.c...
compiling lv_dropdown.c...
compiling lv_label.c...
compiling lv_switch.c...
compiling lv_roller.c...
..\lvgl\src\widgets\lv_roller.c(335): warning:  #188-D: enumerated type mixed with another type
          refr_position(obj, 
alse);
..\lvgl\src\widgets\lv_roller.c(338): warning:  #188-D: enumerated type mixed with another type
          refr_position(obj, 
alse);
..\lvgl\src\widgets\lv_roller.c(368): warning:  #188-D: enumerated type mixed with another type
                      refr_position(obj, 
rue);
..\lvgl\src\widgets\lv_roller.c(385): warning:  #188-D: enumerated type mixed with another type
              refr_position(obj, 
rue);
..\lvgl\src\widgets\lv_roller.c(393): warning:  #188-D: enumerated type mixed with another type
                  lv_roller_set_selected(obj, roller->sel_opt_id + 1, 
rue);
..\lvgl\src\widgets\lv_roller.c(401): warning:  #188-D: enumerated type mixed with another type
                  lv_roller_set_selected(obj, roller->sel_opt_id - 1, 
rue);
..\lvgl\src\widgets\lv_roller.c: 6 warnings, 0 errors
compiling lv_slider.c...
compiling lv_table.c...
compiling lv_port_fs.c...
compiling lv_textarea.c...
compiling lv_port_disp.c...
compiling croutine.c...
compiling list.c...
compiling event_groups.c...
compiling queue.c...
compiling lv_port_indev.c...
..\lvgl\porting\lv_port_indev.c(219): warning:  #177-D: function "touchpad_is_pressed"  was declared but never referenced
  static bool touchpad_is_pressed(void)
..\lvgl\porting\lv_port_indev.c(227): warning:  #177-D: function "touchpad_get_xy"  was declared but never referenced
  static void touchpad_get_xy(lv_coord_t * x, lv_coord_t * y)
..\lvgl\porting\lv_port_indev.c(240): warning:  #177-D: function "mouse_init"  was declared but never referenced
  static void mouse_init(void)
..\lvgl\porting\lv_port_indev.c(246): warning:  #177-D: function "mouse_read"  was declared but never referenced
  static void mouse_read(lv_indev_drv_t * indev_drv, lv_indev_data_t * data)
..\lvgl\porting\lv_port_indev.c(281): warning:  #177-D: function "keypad_init"  was declared but never referenced
  static void keypad_init(void)
..\lvgl\porting\lv_port_indev.c(287): warning:  #177-D: function "keypad_read"  was declared but never referenced
  static void keypad_read(lv_indev_drv_t * indev_drv, lv_indev_data_t * data)
..\lvgl\porting\lv_port_indev.c(339): warning:  #177-D: function "encoder_init"  was declared but never referenced
  static void encoder_init(void)
..\lvgl\porting\lv_port_indev.c(345): warning:  #177-D: function "encoder_read"  was declared but never referenced
  static void encoder_read(lv_indev_drv_t * indev_drv, lv_indev_data_t * data)
..\lvgl\porting\lv_port_indev.c(353): warning:  #177-D: function "encoder_handler"  was declared but never referenced
  static void encoder_handler(void)
..\lvgl\porting\lv_port_indev.c(366): warning:  #177-D: function "button_init"  was declared but never referenced
  static void button_init(void)
..\lvgl\porting\lv_port_indev.c(372): warning:  #177-D: function "button_read"  was declared but never referenced
  static void button_read(lv_indev_drv_t * indev_drv, lv_indev_data_t * data)
..\lvgl\porting\lv_port_indev.c: 11 warnings, 0 errors
compiling led_img.c...
compiling port.c...
compiling timers.c...
compiling tasks.c...
compiling heap_4.c...
compiling app.c...
linking...
Program Size: Code=267968 RO-data=138008 RW-data=852 ZI-data=68156  
FromELF: creating hex file...
"..\OBJ\template.axf" - 0 Error(s), 54 Warning(s).

<h2>Software Packages used:</h2>

Package Vendor: Keil
                http://www.keil.com/pack/Keil.STM32F4xx_DFP.2.16.0.pack
                Keil.STM32F4xx_DFP.2.16.0
                STMicroelectronics STM32F4 Series Device Support, Drivers and Examples

<h2>Collection of Component include folders:</h2>
  F:/Keil_v5/ARM/PACK/Keil/STM32F4xx_DFP/2.16.0/Drivers/CMSIS/Device/ST/STM32F4xx/Include

<h2>Collection of Component Files used:</h2>
Build Time Elapsed:  00:00:15
</pre>
</body>
</html>
