Component: ARM Compiler 5.06 update 5 (build 528) Tool: armlink [4d35e2]

==============================================================================

Section Cross References

    main.o(.text) refers to _printf_percent.o(.ARM.Collect$$_printf_percent$$00000000) for _printf_percent
    main.o(.text) refers to _printf_d.o(.ARM.Collect$$_printf_percent$$00000009) for _printf_d
    main.o(.text) refers to _printf_dec.o(.text) for _printf_int_dec
    main.o(.text) refers to adc.o(.text) for Get_Adc_Average
    main.o(.text) refers to __2printf.o(.text) for __2printf
    main.o(.text) refers to ws2812.o(.text) for ws281x_setPixelRGB2
    main.o(.text) refers to tasks.o(.text) for vTaskDelay
    main.o(.text) refers to delay.o(.text) for delay_ms
    main.o(.text) refers to lv_timer.o(.text) for lv_timer_handler
    main.o(.text) refers to port.o(.text) for vPortEnterCritical
    main.o(.text) refers to misc.o(.text) for NVIC_PriorityGroupConfig
    main.o(.text) refers to usart.o(.text) for uart_init
    main.o(.text) refers to usart3.o(.text) for usart3_Init
    main.o(.text) refers to led.o(.text) for LED_Init
    main.o(.text) refers to lcd.o(.text) for LCD_Init
    main.o(.text) refers to key.o(.text) for KEY_Init
    main.o(.text) refers to beep.o(.text) for BEEP_Init
    main.o(.text) refers to timer.o(.text) for TIM3_Int_Init
    main.o(.text) refers to lv_obj.o(.text) for lv_init
    main.o(.text) refers to lv_port_disp.o(.text) for lv_port_disp_init
    main.o(.text) refers to lv_port_indev.o(.text) for lv_port_indev_init
    main.o(.text) refers to app.o(.text) for app_start
    main.o(.text) refers to main.o(.data) for last_VALUE
    main.o(.text) refers to touch.o(.data) for tp_dev
    system_stm32f4xx.o(.text) refers to system_stm32f4xx.o(.data) for SystemCoreClock
    getdata.o(.text) refers to esp8266.o(.text) for ESP8266_Clear
    getdata.o(.text) refers to delay.o(.text) for delay_ms
    getdata.o(.text) refers to usart3.o(.text) for UsartPrintf
    getdata.o(.text) refers to strlen.o(.text) for strlen
    getdata.o(.text) refers to getdata.o(.conststring) for .conststring
    led.o(.text) refers to stm32f4xx_rcc.o(.text) for RCC_AHB1PeriphClockCmd
    led.o(.text) refers to stm32f4xx_gpio.o(.text) for GPIO_Init
    lcd.o(.text) refers to _printf_percent.o(.ARM.Collect$$_printf_percent$$00000000) for _printf_percent
    lcd.o(.text) refers to _printf_x.o(.ARM.Collect$$_printf_percent$$0000000C) for _printf_x
    lcd.o(.text) refers to _printf_hex_int_ll_ptr.o(.text) for _printf_longlong_hex
    lcd.o(.text) refers to delay.o(.text) for delay_us
    lcd.o(.text) refers to lcd.o(.bss) for lcddev
    lcd.o(.text) refers to dflt_clz.o(x$fpl$dfltu) for __aeabi_ui2d
    lcd.o(.text) refers to dmul.o(x$fpl$dmul) for __aeabi_dmul
    lcd.o(.text) refers to dfixu.o(x$fpl$dfixu) for __aeabi_d2uiz
    lcd.o(.text) refers to lcd.o(.data) for POINT_COLOR
    lcd.o(.text) refers to stm32f4xx_rcc.o(.text) for RCC_AHB1PeriphClockCmd
    lcd.o(.text) refers to stm32f4xx_gpio.o(.text) for GPIO_Init
    lcd.o(.text) refers to stm32f4xx_fsmc.o(.text) for FSMC_NORSRAMInit
    lcd.o(.text) refers to __2printf.o(.text) for __2printf
    lcd.o(.text) refers to lcd.o(.constdata) for asc2_1206
    key.o(.text) refers to stm32f4xx_rcc.o(.text) for RCC_AHB1PeriphClockCmd
    key.o(.text) refers to stm32f4xx_gpio.o(.text) for GPIO_Init
    key.o(.text) refers to delay.o(.text) for delay_ms
    key.o(.text) refers to key.o(.data) for key_up
    myiic.o(.text) refers to stm32f4xx_rcc.o(.text) for RCC_AHB1PeriphClockCmd
    myiic.o(.text) refers to stm32f4xx_gpio.o(.text) for GPIO_Init
    myiic.o(.text) refers to delay.o(.text) for delay_us
    24cxx.o(.text) refers to myiic.o(.text) for IIC_Init
    24cxx.o(.text) refers to delay.o(.text) for delay_ms
    ctiic.o(.text) refers to delay.o(.text) for delay_us
    ctiic.o(.text) refers to stm32f4xx_rcc.o(.text) for RCC_AHB1PeriphClockCmd
    ctiic.o(.text) refers to stm32f4xx_gpio.o(.text) for GPIO_Init
    gt9147.o(.text) refers to _printf_percent.o(.ARM.Collect$$_printf_percent$$00000000) for _printf_percent
    gt9147.o(.text) refers to _printf_s.o(.ARM.Collect$$_printf_percent$$00000014) for _printf_s
    gt9147.o(.text) refers to _printf_str.o(.text) for _printf_str
    gt9147.o(.text) refers to _printf_d.o(.ARM.Collect$$_printf_percent$$00000009) for _printf_d
    gt9147.o(.text) refers to _printf_dec.o(.text) for _printf_int_dec
    gt9147.o(.text) refers to ctiic.o(.text) for CT_IIC_Start
    gt9147.o(.text) refers to stm32f4xx_rcc.o(.text) for RCC_AHB1PeriphClockCmd
    gt9147.o(.text) refers to stm32f4xx_gpio.o(.text) for GPIO_Init
    gt9147.o(.text) refers to delay.o(.text) for delay_ms
    gt9147.o(.text) refers to __2printf.o(.text) for __2printf
    gt9147.o(.text) refers to strcmpv7m.o(.text) for strcmp
    gt9147.o(.text) refers to gt9147.o(.constdata) for GT9147_CFG_TBL
    gt9147.o(.text) refers to gt9147.o(.data) for t
[...]
    _printf_str                              0x0803f101   Thumb Code    82  _printf_str.o(.text)
    _printf_int_dec                          0x0803f155   Thumb Code   104  _printf_dec.o(.text)
    _printf_longlong_hex                     0x0803f1cd   Thumb Code    86  _printf_hex_int_ll_ptr.o(.text)
    _printf_int_hex                          0x0803f223   Thumb Code    28  _printf_hex_int_ll_ptr.o(.text)
    _printf_ll_hex                           0x0803f23f   Thumb Code    12  _printf_hex_int_ll_ptr.o(.text)
    _printf_hex_ptr                          0x0803f24b   Thumb Code    18  _printf_hex_int_ll_ptr.o(.text)
    __printf                                 0x0803f261   Thumb Code   388  __printf_flags_ss_wp.o(.text)
    srand                                    0x0803f3e9   Thumb Code    42  rand.o(.text)
    _rand_init                               0x0803f413   Thumb Code     4  rand.o(.text)
    strchr                                   0x0803f425   Thumb Code    20  strchr.o(.text)
    strstr                                   0x0803f439   Thumb Code    36  strstr.o(.text)
    strcpy                                   0x0803f45d   Thumb Code    72  strcpy.o(.text)
    strlen                                   0x0803f4a5   Thumb Code    62  strlen.o(.text)
    strcat                                   0x0803f4e3   Thumb Code    24  strcat.o(.text)
    __aeabi_memcpy                           0x0803f4fb   Thumb Code     0  rt_memcpy_v6.o(.text)
    __rt_memcpy                              0x0803f4fb   Thumb Code   138  rt_memcpy_v6.o(.text)
    _memcpy_lastbytes                        0x0803f561   Thumb Code     0  rt_memcpy_v6.o(.text)
    __aeabi_memcpy4                          0x0803f585   Thumb Code     0  rt_memcpy_w.o(.text)
    __aeabi_memcpy8                          0x0803f585   Thumb Code     0  rt_memcpy_w.o(.text)
    __rt_memcpy_w                            0x0803f585   Thumb Code   100  rt_memcpy_w.o(.text)
    _memcpy_lastbytes_aligned                0x0803f5cd   Thumb Code     0  rt_memcpy_w.o(.text)
    __aeabi_memset                           0x0803f5e9   Thumb Code    16  aeabi_memset.o(.text)
    __aeabi_memclr                           0x0803f5f9   Thumb Code     0  rt_memclr.o(.text)
    __rt_memclr                              0x0803f5f9   Thumb Code    68  rt_memclr.o(.text)
    _memset                                  0x0803f5fd   Thumb Code     0  rt_memclr.o(.text)
    __aeabi_memclr4                          0x0803f63d   Thumb Code     0  rt_memclr_w.o(.text)
    __aeabi_memclr8                          0x0803f63d   Thumb Code     0  rt_memclr_w.o(.text)
    __rt_memclr_w                            0x0803f63d   Thumb Code    78  rt_memclr_w.o(.text)
    _memset_w                                0x0803f641   Thumb Code     0  rt_memclr_w.o(.text)
    strcmp                                   0x0803f68d   Thumb Code   128  strcmpv7m.o(.text)
    __use_two_region_memory                  0x0803f70d   Thumb Code     2  heapauxi.o(.text)
    __rt_heap_escrow$2region                 0x0803f70f   Thumb Code     2  heapauxi.o(.text)
    __rt_heap_expand$2region                 0x0803f711   Thumb Code     2  heapauxi.o(.text)
    __I$use$semihosting                      0x0803f713   Thumb Code     0  use_no_semi.o(.text)
    __use_no_semihosting_swi                 0x0803f713   Thumb Code     2  use_no_semi.o(.text)
    __read_errno                             0x0803f715   Thumb Code    10  _rserrno.o(.text)
    __set_errno                              0x0803f71f   Thumb Code    12  _rserrno.o(.text)
    _printf_pre_padding                      0x0803f72b   Thumb Code    44  _printf_pad.o(.text)
    _printf_post_padding                     0x0803f757   Thumb Code    34  _printf_pad.o(.text)
    _printf_truncate_signed                  0x0803f779   Thumb Code    18  _printf_truncate.o(.text)
    _printf_truncate_unsigned                0x0803f78b   Thumb Code    18  _printf_truncate.o(.text)
    _printf_int_common                       0x0803f79d   Thumb Code   178  _printf_intcommon.o(.text)
    _printf_charcount                        0x0803f84f   Thumb Code    40  _printf_charcount.o(.text)
    _printf_char_common                      0x0803f883   Thumb Code    32  _printf_char_common.o(.text)
    _sputc                                   0x0803f8a9   Thumb Code    10  _sputc.o(.text)
    _snputc                                  0x0803f8b3   Thumb Code    16  _snputc.o(.text)
    _printf_cs_common                        0x0803f8c3   Thumb Code    20  _printf_char.o(.text)
    _printf_char                             0x0803f8d7   Thumb Code    16  _printf_char.o(.text)
    _printf_string                           0x0803f8e7   Thumb Code     8  _printf_char.o(.text)
    _printf_char_file                        0x0803f8f1   Thumb Code    32  _printf_char_file.o(.text)
    _printf_wctomb                           0x0803f915   Thumb Code   182  _printf_wctomb.o(.text)
    _printf_longlong_dec                     0x0803f9d1   Thumb Code   108  _printf_longlong_dec.o(.text)
    _printf_longlong_oct                     0x0803fa4d   Thumb Code    66  _printf_oct_int_ll.o(.text)
    _printf_int_oct                          0x0803fa8f   Thumb Code    24  _printf_oct_int_ll.o(.text)
    _printf_ll_oct                           0x0803faa7   Thumb Code    12  _printf_oct_int_ll.o(.text)
    __aeabi_errno_addr                       0x0803fabd   Thumb Code     8  rt_errno_addr_intlibspace.o(.text)
    __errno$intlibspace                      0x0803fabd   Thumb Code     0  rt_errno_addr_intlibspace.o(.text)
    __rt_errno_addr$intlibspace              0x0803fabd   Thumb Code     0  rt_errno_addr_intlibspace.o(.text)
    _ll_udiv10                               0x0803fac5   Thumb Code   138  lludiv10.o(.text)
    __lib_sel_fp_printf                      0x0803fb4f   Thumb Code     2  _printf_fp_dec.o(.text)
    _printf_fp_dec_real                      0x0803fd01   Thumb Code   620  _printf_fp_dec.o(.text)
    _printf_fp_hex_real                      0x0803ff6d   Thumb Code   756  _printf_fp_hex.o(.text)
    _printf_lcs_common                       0x08040269   Thumb Code    20  _printf_wchar.o(.text)
    _printf_wchar                            0x0804027d   Thumb Code    16  _printf_wchar.o(.text)
    _printf_wstring                          0x0804028d   Thumb Code     8  _printf_wchar.o(.text)
    ferror                                   0x08040295   Thumb Code     8  ferror.o(.text)
    _wcrtomb                                 0x0804029d   Thumb Code    64  _wcrtomb.o(.text)
    __user_libspace                          0x080402dd   Thumb Code     8  libspace.o(.text)
    __user_perproc_libspace                  0x080402dd   Thumb Code     0  libspace.o(.text)
    __user_perthread_libspace                0x080402dd   Thumb Code     0  libspace.o(.text)
    __user_setup_stackheap                   0x080402e5   Thumb Code    74  sys_stackheap_outer.o(.text)
    __rt_ctype_table                         0x08040331   Thumb Code    16  rt_ctype_table.o(.text)
    __rt_locale                              0x08040341   Thumb Code     8  rt_locale_intlibspace.o(.text)
    _printf_fp_infnan                        0x08040349   Thumb Code   112  _printf_fp_infnan.o(.text)
    _btod_etento                             0x080403c9   Thumb Code   224  bigflt0.o(.text)
    exit                                     0x080404ad   Thumb Code    18  exit.o(.text)
    _btod_d2e                                0x080404bf   Thumb Code    62  btod.o(CL$$btod_d2e)
    _d2e_denorm_low                          0x080404fd   Thumb Code    70  btod.o(CL$$btod_d2e_denorm_low)
    _d2e_norm_op1                            0x08040543   Thumb Code    96  btod.o(CL$$btod_d2e_norm_op1)
    __btod_div_common                        0x080405a3   Thumb Code   696  btod.o(CL$$btod_div_common)
    _e2e                                     0x080408db   Thumb Code   220  btod.o(CL$$btod_e2e)
    _btod_ediv                               0x080409b7   Thumb Code    42  btod.o(CL$$btod_ediv)
    _btod_emul                               0x080409e1   Thumb Code    42  btod.o(CL$$btod_emul)
    __btod_mult_common                       0x08040a0b   Thumb Code   580  btod.o(CL$$btod_mult_common)
    __ARM_fpclassify                         0x08040c4f   Thumb Code    48  fpclassify.o(i.__ARM_fpclassify)
    __hardfp_floor                           0x08040c81   Thumb Code   252  floor.o(i.__hardfp_floor)
    __hardfp_sqrt                            0x08040d99   Thumb Code   122  sqrt.o(i.__hardfp_sqrt)
    _is_digit                                0x08040e13   Thumb Code    14  __printf_wp.o(i._is_digit)
    _get_lc_numeric                          0x08040e21   Thumb Code    44  lc_numeric_c.o(locale$$code)
    _get_lc_ctype                            0x08040e4d   Thumb Code    44  lc_ctype_c.o(locale$$code)
    __aeabi_dadd                             0x08040e79   Thumb Code     0  daddsub_clz.o(x$fpl$dadd)
    _dadd                                    0x08040e79   Thumb Code   332  daddsub_clz.o(x$fpl$dadd)
    __fpl_dcmp_Inf                           0x08040fc9   Thumb Code    24  dcmpi.o(x$fpl$dcmpinf)
    __aeabi_d2iz                             0x08040fe1   Thumb Code     0  dfix.o(x$fpl$dfix)
    _dfix                                    0x08040fe1   Thumb Code    94  dfix.o(x$fpl$dfix)
    __aeabi_d2uiz                            0x08041041   Thumb Code     0  dfixu.o(x$fpl$dfixu)
    _dfixu                                   0x08041041   Thumb Code    90  dfixu.o(x$fpl$dfixu)
    __aeabi_i2d                              0x0804109b   Thumb Code     0  dflt_clz.o(x$fpl$dflt)
    _dflt                                    0x0804109b   Thumb Code    46  dflt_clz.o(x$fpl$dflt)
    __aeabi_ui2d                             0x080410c9   Thumb Code     0  dflt_clz.o(x$fpl$dfltu)
    _dfltu                                   0x080410c9   Thumb Code    38  dflt_clz.o(x$fpl$dfltu)
    __aeabi_cdcmple                          0x080410f1   Thumb Code     0  dleqf.o(x$fpl$dleqf)
    _dcmple                                  0x080410f1   Thumb Code   120  dleqf.o(x$fpl$dleqf)
    __fpl_dcmple_InfNaN                      0x08041153   Thumb Code     0  dleqf.o(x$fpl$dleqf)
    __aeabi_dmul                             0x08041169   Thumb Code     0  dmul.o(x$fpl$dmul)
    _dmul                                    0x08041169   Thumb Code   332  dmul.o(x$fpl$dmul)
    __fpl_dnaninf                            0x080412bd   Thumb Code   156  dnaninf.o(x$fpl$dnaninf)
    __fpl_dretinf                            0x08041359   Thumb Code    12  dretinf.o(x$fpl$dretinf)
    __aeabi_cdrcmple                         0x08041365   Thumb Code     0  drleqf.o(x$fpl$drleqf)
    _drcmple                                 0x08041365   Thumb Code   108  drleqf.o(x$fpl$drleqf)
    __aeabi_drsub                            0x080413d1   Thumb Code     0  daddsub_clz.o(x$fpl$drsb)
    _drsb                                    0x080413d1   Thumb Code    22  daddsub_clz.o(x$fpl$drsb)
    _dsqrt                                   0x080413e9   Thumb Code   404  dsqrt_umaal.o(x$fpl$dsqrt)
    __aeabi_dsub                             0x08041581   Thumb Code     0  daddsub_clz.o(x$fpl$dsub)
    _dsub                                    0x08041581   Thumb Code   464  daddsub_clz.o(x$fpl$dsub)
    __aeabi_f2d                              0x08041755   Thumb Code     0  f2d.o(x$fpl$f2d)
    _f2d                                     0x08041755   Thumb Code    86  f2d.o(x$fpl$f2d)
    __fpl_fnaninf                            0x080417ab   Thumb Code   140  fnaninf.o(x$fpl$fnaninf)
    _fp_init                                 0x08041837   Thumb Code    10  fpinit.o(x$fpl$fpinit)
    __fplib_config_fpu_vfp                   0x0804183f   Thumb Code     0  fpinit.o(x$fpl$fpinit)
    __fplib_config_pureend_doubles           0x0804183f   Thumb Code     0  fpinit.o(x$fpl$fpinit)
    _printf_fp_dec                           0x08041841   Thumb Code     4  printf1.o(x$fpl$printf1)
    _printf_fp_hex                           0x08041845   Thumb Code     4  printf2.o(x$fpl$printf2)
    __I$use$fp                               0x08041848   Number         0  usenofp.o(x$fpl$usenofp)
    asc2_1206                                0x08041848   Data        1140  lcd.o(.constdata)
    asc2_1608                                0x08041cbc   Data        1520  lcd.o(.constdata)
    asc2_2412                                0x080422ac   Data        3420  lcd.o(.constdata)
    GT9147_CFG_TBL                           0x08043008   Data         184  gt9147.o(.constdata)
    GT9147_TPX_TBL                           0x080430c0   Data          10  gt9147.o(.constdata)
    OTT_TPX_TBL                              0x080430ca   Data          10  ott2001a.o(.constdata)
    FT5206_TPX_TBL                           0x080430d4   Data          10  ft5206.o(.constdata)
    TP_REMIND_MSG_TBL                        0x080430e0   Data           4  touch.o(.constdata)
    RED                                      0x080430e4   Data           3  ws2812.o(.constdata)
    GREEN                                    0x080430e7   Data           3  ws2812.o(.constdata)
    BLUE                                     0x080430ea   Data           3  ws2812.o(.constdata)
    SKY                                      0x080430ed   Data           3  ws2812.o(.constdata)
    MAGENTA                                  0x080430f0   Data           3  ws2812.o(.constdata)
    YELLOW                                   0x080430f3   Data           3  ws2812.o(.constdata)
    ORANGE                                   0x080430f6   Data           3  ws2812.o(.constdata)
    BLACK                                    0x080430f9   Data           3  ws2812.o(.constdata)
    WHITE                                    0x080430fc   Data           3  ws2812.o(.constdata)
    PURPLE                                   0x080430ff   Data           3  ws2812.o(.constdata)
    FSMC_DefaultTimingStruct                 0x08043104   Data          28  stm32f4xx_fsmc.o(.constdata)
    lv_obj_class                             0x08043120   Data          28  lv_obj.o(.constdata)
    _lv_bpp1_opa_table                       0x08043144   Data           2  lv_draw_label.o(.constdata)
    _lv_bpp2_opa_table                       0x08043146   Data           4  lv_draw_label.o(.constdata)
    _lv_bpp3_opa_table                       0x0804314a   Data           8  lv_draw_label.o(.constdata)
    _lv_bpp4_opa_table                       0x08043152   Data          16  lv_draw_label.o(.constdata)
    _lv_bpp8_opa_table                       0x08043162   Data         256  lv_draw_label.o(.constdata)
    lv_calendar_class                        0x0804329c   Data          28  lv_calendar.o(.constdata)
    lv_calendar_header_arrow_class           0x080432b8   Data          28  lv_calendar_header_arrow.o(.constdata)
    lv_calendar_header_dropdown_class        0x080432d4   Data          28  lv_calendar_header_dropdown.o(.constdata)
    lv_chart_class                           0x080432f0   Data          28  lv_chart.o(.constdata)
    lv_colorwheel_class                      0x0804330c   Data          28  lv_colorwheel.o(.constdata)
    lv_keyboard_class                        0x08043328   Data          28  lv_keyboard.o(.constdata)
    lv_led_class                             0x080436bc   Data          28  lv_led.o(.constdata)
    lv_list_class                            0x080436d8   Data          28  lv_list.o(.constdata)
    lv_list_btn_class                        0x080436f4   Data          28  lv_list.o(.constdata)
    lv_list_text_class                       0x08043710   Data          28  lv_list.o(.constdata)
    lv_meter_class                           0x0804372c   Data          28  lv_meter.o(.constdata)
    lv_msgbox_class                          0x08043748   Data          28  lv_msgbox.o(.constdata)
    lv_spinbox_class                         0x08043764   Data          28  lv_spinbox.o(.constdata)
    lv_spinner_class                         0x08043780   Data          28  lv_spinner.o(.constdata)
    lv_tabview_class                         0x0804379c   Data          28  lv_tabview.o(.constdata)
    lv_tileview_class                        0x080437b8   Data          28  lv_tileview.o(.constdata)
    lv_tileview_tile_class                   0x080437d4   Data          28  lv_tileview.o(.constdata)
    lv_win_class                             0x080437f0   Data          28  lv_win.o(.constdata)
    lv_font_montserrat_14                    0x08046d34   Data          24  lv_font_montserrat_14.o(.constdata)
    lv_font_montserrat_26                    0x0804edac   Data          24  lv_font_montserrat_26.o(.constdata)
    lv_arc_class                             0x0804eff8   Data          28  lv_arc.o(.constdata)
    lv_bar_class                             0x0804f014   Data          28  lv_bar.o(.constdata)
    lv_btn_class                             0x0804f030   Data          28  lv_btn.o(.constdata)
    lv_btnmatrix_class                       0x0804f04c   Data          28  lv_btnmatrix.o(.constdata)
    lv_checkbox_class                        0x0804f068   Data          28  lv_checkbox.o(.constdata)
    lv_dropdown_class                        0x0804f084   Data          28  lv_dropdown.o(.constdata)
    lv_dropdownlist_class                    0x0804f0a0   Data          28  lv_dropdown.o(.constdata)
    lv_img_class                             0x0804f0bc   Data          28  lv_img.o(.constdata)
    lv_label_class                           0x0804f0d8   Data          28  lv_label.o(.constdata)
    lv_line_class                            0x0804f0f4   Data          28  lv_line.o(.constdata)
    lv_roller_class                          0x0804f110   Data          28  lv_roller.o(.constdata)
    lv_roller_label_class                    0x0804f12c   Data          28  lv_roller.o(.constdata)
    lv_slider_class                          0x0804f148   Data          28  lv_slider.o(.constdata)
    lv_switch_class                          0x0804f164   Data          28  lv_switch.o(.constdata)
    lv_table_class                           0x0804f180   Data          28  lv_table.o(.constdata)
    lv_textarea_class                        0x0804f19c   Data          28  lv_textarea.o(.constdata)
    led_img_map                              0x0804f1b8   Data       80000  led_img.o(.constdata)
    led_img                                  0x08062a38   Data          12  led_img.o(.constdata)
    Region$$Table$$Base                      0x0806308c   Number         0  anon$$obj.o(Region$$Table)
    Region$$Table$$Limit                     0x080630ac   Number         0  anon$$obj.o(Region$$Table)
    __ctype                                  0x080630d5   Data           0  lc_ctype_c.o(locale$$data)
    led_mode                                 0x20000000   Data           1  main.o(.data)
    led_light                                0x20000001   Data           1  main.o(.data)
    led_color                                0x20000002   Data           1  main.o(.data)
    led_flag                                 0x20000003   Data           1  main.o(.data)
    led_red                                  0x20000004   Data           4  main.o(.data)
    led_green                                0x20000008   Data           4  main.o(.data)
    led_blue                                 0x2000000c   Data           4  main.o(.data)
    led_rgb                                  0x20000010   Data           4  main.o(.data)
    max9814_data                             0x20000014   Data           2  main.o(.data)
    last_VALUE                               0x20000018   Data           4  main.o(.data)
    light_ADC                                0x2000001c   Data           4  main.o(.data)
    num                                      0x20000020   Data           4  main.o(.data)
    StartTask_Handler                        0x20000024   Data           4  main.o(.data)
    Task1Task_Handler                        0x20000028   Data           4  main.o(.data)
    Task2Task_Handler                        0x2000002c   Data           4  main.o(.data)
    SystemCoreClock                          0x20000030   Data           4  system_stm32f4xx.o(.data)
    AHBPrescTable                            0x20000034   Data          16  system_stm32f4xx.o(.data)
    POINT_COLOR                              0x20000044   Data           2  lcd.o(.data)
    BACK_COLOR                               0x20000046   Data           2  lcd.o(.data)
    tp_dev                                   0x2000004c   Data          52  touch.o(.data)
    CMD_RDX                                  0x20000080   Data           1  touch.o(.data)
    CMD_RDY                                  0x20000081   Data           1  touch.o(.data)
    esp8266_cnt                              0x20000082   Data           2  esp8266.o(.data)
    esp8266_cntPre                           0x20000084   Data           2  esp8266.o(.data)
    rgb_color                                0x20000086   Data           4  ws2812.o(.data)
    __stdout                                 0x20000090   Data           4  usart.o(.data)
    USART_RX_STA                             0x20000094   Data           2  usart.o(.data)
    LV_LAYOUT_FLEX                           0x200000e0   Data           4  lv_flex.o(.data)
    LV_STYLE_FLEX_FLOW                       0x200000e4   Data           2  lv_flex.o(.data)
    LV_STYLE_FLEX_MAIN_PLACE                 0x200000e6   Data           2  lv_flex.o(.data)
    LV_STYLE_FLEX_CROSS_PLACE                0x200000e8   Data           2  lv_flex.o(.data)
    LV_STYLE_FLEX_TRACK_PLACE                0x200000ea   Data           2  lv_flex.o(.data)
    LV_STYLE_FLEX_GROW                       0x200000ec   Data           2  lv_flex.o(.data)
    LV_LAYOUT_GRID                           0x200000f0   Data           4  lv_grid.o(.data)
    LV_STYLE_GRID_COLUMN_DSC_ARRAY           0x200000f4   Data           2  lv_grid.o(.data)
    LV_STYLE_GRID_COLUMN_ALIGN               0x200000f6   Data           2  lv_grid.o(.data)
    LV_STYLE_GRID_ROW_DSC_ARRAY              0x200000f8   Data           2  lv_grid.o(.data)
    LV_STYLE_GRID_ROW_ALIGN                  0x200000fa   Data           2  lv_grid.o(.data)
    LV_STYLE_GRID_CELL_COLUMN_POS            0x200000fc   Data           2  lv_grid.o(.data)
    LV_STYLE_GRID_CELL_COLUMN_SPAN           0x200000fe   Data           2  lv_grid.o(.data)
    LV_STYLE_GRID_CELL_X_ALIGN               0x20000100   Data           2  lv_grid.o(.data)
    LV_STYLE_GRID_CELL_ROW_POS               0x20000102   Data           2  lv_grid.o(.data)
    LV_STYLE_GRID_CELL_ROW_SPAN              0x20000104   Data           2  lv_grid.o(.data)
    LV_STYLE_GRID_CELL_Y_ALIGN               0x20000106   Data           2  lv_grid.o(.data)
    _lv_layout_list                          0x20000204   Data           4  lv_gc.o(.data)
    _lv_timer_act                            0x20000208   Data           4  lv_gc.o(.data)
    _lv_theme_default_styles                 0x2000020c   Data           4  lv_gc.o(.data)
    _lv_txt_encoded_size                     0x20000234   Data           4  lv_txt.o(.data)
    _lv_txt_unicode_to_encoded               0x20000238   Data           4  lv_txt.o(.data)
    _lv_txt_encoded_conv_wc                  0x2000023c   Data           4  lv_txt.o(.data)
    _lv_txt_encoded_next                     0x20000240   Data           4  lv_txt.o(.data)
    _lv_txt_encoded_prev                     0x20000244   Data           4  lv_txt.o(.data)
    _lv_txt_encoded_get_byte_id              0x20000248   Data           4  lv_txt.o(.data)
    _lv_txt_encoded_get_char_id              0x2000024c   Data           4  lv_txt.o(.data)
    _lv_txt_get_encoded_length               0x20000250   Data           4  lv_txt.o(.data)
    indev_touchpad                           0x20000274   Data           4  lv_port_indev.o(.data)
    indev_mouse                              0x20000278   Data           4  lv_port_indev.o(.data)
    indev_keypad                             0x2000027c   Data           4  lv_port_indev.o(.data)
    indev_encoder                            0x20000280   Data           4  lv_port_indev.o(.data)
    indev_button                             0x20000284   Data           4  lv_port_indev.o(.data)
    pxCurrentTCB                             0x2000029c   Data           4  tasks.o(.data)
    lcddev                                   0x20000354   Data          14  lcd.o(.bss)
    esp8266_buf                              0x20000362   Data         128  esp8266.o(.bss)
    hsv_color                                0x20000534   Data          12  ws2812.o(.bss)
    USART_RX_BUF                             0x20000540   Data         200  usart.o(.bss)
    _lv_timer_ll                             0x20000778   Data          12  lv_gc.o(.bss)
    _lv_disp_ll                              0x20000784   Data          12  lv_gc.o(.bss)
    _lv_indev_ll                             0x20000790   Data          12  lv_gc.o(.bss)
    _lv_fsdrv_ll                             0x2000079c   Data          12  lv_gc.o(.bss)
    _lv_anim_ll                              0x200007a8   Data          12  lv_gc.o(.bss)
    _lv_group_ll                             0x200007b4   Data          12  lv_gc.o(.bss)
    _lv_img_decoder_ll                       0x200007c0   Data          12  lv_gc.o(.bss)
    _lv_obj_style_trans_ll                   0x200007cc   Data          12  lv_gc.o(.bss)
    _lv_img_cache_single                     0x200007d8   Data          44  lv_gc.o(.bss)
    lv_mem_buf                               0x20000804   Data         128  lv_gc.o(.bss)
    _lv_draw_mask_list                       0x20000884   Data         128  lv_gc.o(.bss)
    xQueueRegistry                           0x2000af00   Data          64  queue.o(.bss)
    _random_number_data                      0x2001024c   Data         228  rand.o(.bss)
    __libspace_start                         0x20010330   Data          96  libspace.o(.bss)
    __temporary_stack_top$libspace           0x20010390   Data           0  libspace.o(.bss)



==============================================================================

Memory Map of the image

  Image Entry point : 0x08000189

  Load Region LR_IROM1 (Base: 0x08000000, Size: 0x0006352c, Max: 0x00100000, ABSOLUTE, COMPRESSED[0x000632b8])

    Execution Region ER_IROM1 (Exec base: 0x08000000, Load base: 0x08000000, Size: 0x000631d8, Max: 0x00100000, ABSOLUTE)

    Exec Addr    Load Addr    Size         Type   Attr      Idx    E Section Name        Object

    0x08000000   0x08000000   0x00000188   Data   RO         1165    RESET               startup_stm32f40_41xxx.o
    0x08000188   0x08000188   0x00000008   Code   RO        14679  * !!!main             c_w.l(__main.o)
    0x08000190   0x08000190   0x00000034   Code   RO        15026    !!!scatter          c_w.l(__scatter.o)
    0x080001c4   0x080001c4   0x0000005a   Code   RO        15024    !!dczerorl2         c_w.l(__dczerorl2.o)
    0x0800021e   0x0800021e   0x00000002   PAD
    0x08000220   0x08000220   0x0000001c   Code   RO        15028    !!handler_zi        c_w.l(__scatter_zi.o)
    0x0800023c   0x0800023c   0x00000000   Code   RO        14647    .ARM.Collect$$_printf_percent$$00000000  c_w.l(_printf_percent.o)
    0x0800023c   0x0800023c   0x00000006   Code   RO        14765    .ARM.Collect$$_printf_percent$$00000001  c_w.l(_printf_n.o)
    0x08000242   0x08000242   0x00000006   Code   RO        14766    .ARM.Collect$$_printf_percent$$00000002  c_w.l(_printf_p.o)
    0x08000248   0x08000248   0x00000006   Code   RO        14769    .ARM.Collect$$_printf_percent$$00000003  c_w.l(_printf_f.o)
    0x0800024e   0x0800024e   0x00000006   Code   RO        14770    .ARM.Collect$$_printf_percent$$00000004  c_w.l(_printf_e.o)
    0x08000254   0x08000254   0x00000006   Code   RO        14771    .ARM.Collect$$_printf_percent$$00000005  c_w.l(_printf_g.o)
    0x0800025a   0x0800025a   0x00000006   Code   RO        14772    .ARM.Collect$$_printf_percent$$00000006  c_w.l(_printf_a.o)
    0x08000260   0x08000260   0x0000000a   Code   RO        14777    .ARM.Collect$$_printf_percent$$00000007  c_w.l(_printf_ll.o)
    0x0800026a   0x0800026a   0x00000006   Code   RO        14768    .ARM.Collect$$_printf_percent$$00000008  c_w.l(_printf_i.o)
    0x08000270   0x08000270   0x00000006   Code   RO        14645    .ARM.Collect$$_printf_percent$$00000009  c_w.l(_printf_d.o)
    0x08000276   0x08000276   0x00000006   Code   RO        14646    .ARM.Collect$$_printf_percent$$0000000A  c_w.l(_printf_u.o)
    0x0800027c   0x0800027c   0x00000006   Code   RO        14767    .ARM.Collect$$_printf_percent$$0000000B  c_w.l(_printf_o.o)
    0x08000282   0x08000282   0x00000006   Code   RO        14644    .ARM.Collect$$_printf_percent$$0000000C  c_w.l(_printf_x.o)
    0x08000288   0x08000288   0x00000006   Code   RO        14774    .ARM.Collect$$_printf_percent$$0000000D  c_w.l(_printf_lli.o)
    0x0800028e   0x0800028e   0x00000006   Code   RO        14775    .ARM.Collect$$_printf_percent$$0000000E  c_w.l(_printf_lld.o)
    0x08000294   0x08000294   0x00000006   Code   RO        14776    .ARM.Collect$$_printf_percent$$0000000F  c_w.l(_printf_llu.o)
    0x0800029a   0x0800029a   0x00000006   Code   RO        14781    .ARM.Collect$$_printf_percent$$00000010  c_w.l(_printf_llo.o)
    0x080002a0   0x080002a0   0x00000006   Code   RO        14782    .ARM.Collect$$_printf_percent$$00000011  c_w.l(_printf_llx.o)
    0x080002a6   0x080002a6   0x0000000a   Code   RO        14778    .ARM.Collect$$_printf_percent$$00000012  c_w.l(_printf_l.o)
    0x080002b0   0x080002b0   0x00000006   Code   RO        14642    .ARM.Collect$$_printf_percent$$00000013  c_w.l(_printf_c.o)
    0x080002b6   0x080002b6   0x00000006   Code   RO        14643    .ARM.Collect$$_printf_percent$$00000014  c_w.l(_printf_s.o)
    0x080002bc   0x080002bc   0x00000006   Code   RO        14779    .ARM.Collect$$_printf_percent$$00000015  c_w.l(_printf_lc.o)
    0x080002c2   0x080002c2   0x00000006   Code   RO        14780    .ARM.Collect$$_printf_percent$$00000016  c_w.l(_printf_ls.o)
    0x080002c8   0x080002c8   0x00000004   Code   RO        14773    .ARM.Collect$$_printf_percent$$00000017  c_w.l(_printf_percent_end.o)
    0x080002cc   0x080002cc   0x00000002   Code   RO        14947    .ARM.Collect$$libinit$$00000000  c_w.l(libinit.o)
    0x080002ce   0x080002ce   0x00000004   Code   RO        14783    .ARM.Collect$$libinit$$00000001  c_w.l(libinit2.o)
    0x080002d2   0x080002d2   0x00000000   Code   RO        14786    .ARM.Collect$$libinit$$00000004  c_w.l(libinit2.o)
    0x080002d2   0x080002d2   0x00000000   Code   RO        14789    .ARM.Collect$$libinit$$0000000A  c_w.l(libinit2.o)
    0x080002d2   0x080002d2   0x00000000   Code   RO        14791    .ARM.Collect$$libinit$$0000000C  c_w.l(libinit2.o)
    0x080002d2   0x080002d2   0x00000004   Code   RO        14792    .ARM.Collect$$libinit$$0000000D  c_w.l(libinit2.o)
    0x080002d6   0x080002d6   0x00000000   Code   RO        14793    .ARM.Collect$$libinit$$0000000E  c_w.l(libinit2.o)
    0x080002d6   0x080002d6   0x00000006   Code   RO        14794    .ARM.Collect$$libinit$$0000000F  c_w.l(libinit2.o)
    0x080002dc   0x080002dc   0x00000000   Code   RO        14796    .ARM.Collect$$libinit$$00000011  c_w.l(libinit2.o)
    0x080002dc   0x080002dc   0x0000000c   Code   RO        14797    .ARM.Collect$$libinit$$00000012  c_w.l(libinit2.o)
    0x080002e8   0x080002e8   0x00000000   Code   RO        14798    .ARM.Collect$$libinit$$00000013  c_w.l(libinit2.o)
    0x080002e8   0x080002e8   0x00000000   Code   RO        14800    .ARM.Collect$$libinit$$00000015  c_w.l(libinit2.o)
    0x080002e8   0x080002e8   0x0000000a   Code   RO        14801    .ARM.Collect$$libinit$$00000016  c_w.l(libinit2.o)
    0x080002f2   0x080002f2   0x00000000   Code   RO        14802    .ARM.Collect$$libinit$$00000017  c_w.l(libinit2.o)
    0x080002f2   0x080002f2   0x00000000   Code   RO        14804    .ARM.Collect$$libinit$$00000019  c_w.l(libinit2.o)
    0x080002f2   0x080002f2   0x00000000   Code   RO        14806    .ARM.Collect$$libinit$$0000001B  c_w.l(libinit2.o)
    0x080002f2   0x080002f2   0x00000000   Code   RO        14808    .ARM.Collect$$libinit$$0000001D  c_w.l(libinit2.o)
    0x080002f2   0x080002f2   0x00000000   Code   RO        14810    .ARM.Collect$$libinit$$0000001F  c_w.l(libinit2.o)
    0x080002f2   0x080002f2   0x00000000   Code   RO        14812    .ARM.Collect$$libinit$$00000021  c_w.l(libinit2.o)
    0x080002f2   0x080002f2   0x00000000   Code   RO        14814    .ARM.Collect$$libinit$$00000023  c_w.l(libinit2.o)
    0x080002f2   0x080002f2   0x00000000   Code   RO        14816    .ARM.Collect$$libinit$$00000025  c_w.l(libinit2.o)
    0x080002f2   0x080002f2   0x00000000   Code   RO        14820    .ARM.Collect$$libinit$$0000002C  c_w.l(libinit2.o)
    0x080002f2   0x080002f2   0x00000000   Code   RO        14822    .ARM.Collect$$libinit$$0000002E  c_w.l(libinit2.o)
    0x080002f2   0x080002f2   0x00000000   Code   RO        14824    .ARM.Collect$$libinit$$00000030  c_w.l(libinit2.o)
    0x080002f2   0x080002f2   0x00000000   Code   RO        14826    .ARM.Collect$$libinit$$00000032  c_w.l(libinit2.o)
    0x080002f2   0x080002f2   0x00000002   Code   RO        14827    .ARM.Collect$$libinit$$00000033  c_w.l(libinit2.o)
    0x080002f4   0x080002f4   0x00000002   Code   RO        14991    .ARM.Collect$$libshutdown$$00000000  c_w.l(libshutdown.o)
    0x080002f6   0x080002f6   0x00000000   Code   RO        15007    .ARM.Collect$$libshutdown$$00000002  c_w.l(libshutdown2.o)
    0x080002f6   0x080002f6   0x00000000   Code   RO        15009    .ARM.Collect$$libshutdown$$00000004  c_w.l(libshutdown2.o)
    0x080002f6   0x080002f6   0x00000000   Code   RO        15012    .ARM.Collect$$libshutdown$$00000007  c_w.l(libshutdown2.o)
    0x080002f6   0x080002f6   0x00000000   Code   RO        15015    .ARM.Collect$$libshutdown$$0000000A  c_w.l(libshutdown2.o)
    0x080002f6   0x080002f6   0x00000000   Code   RO        15017    .ARM.Collect$$libshutdown$$0000000C  c_w.l(libshutdown2.o)
    0x080002f6   0x080002f6   0x00000000   Code   RO        15020    .ARM.Collect$$libshutdown$$0000000F  c_w.l(libshutdown2.o)
    0x080002f6   0x080002f6   0x00000002   Code   RO        15021    .ARM.Collect$$libshutdown$$00000010  c_w.l(libshutdown2.o)
    0x080002f8   0x080002f8   0x00000000   Code   RO        14729    .ARM.Collect$$rtentry$$00000000  c_w.l(__rtentry.o)
    0x080002f8   0x080002f8   0x00000000   Code   RO        14848    .ARM.Collect$$rtentry$$00000002  c_w.l(__rtentry2.o)
    0x080002f8   0x080002f8   0x00000006   Code   RO        14860    .ARM.Collect$$rtentry$$00000004  c_w.l(__rtentry4.o)
    0x080002fe   0x080002fe   0x00000000   Code   RO        14850    .ARM.Collect$$rtentry$$00000009  c_w.l(__rtentry2.o)
    0x080002fe   0x080002fe   0x00000004   Code   RO        14851    .ARM.Collect$$rtentry$$0000000A  c_w.l(__rtentry2.o)
    0x08000302   0x08000302   0x00000000   Code   RO        14853    .ARM.Collect$$rtentry$$0000000C  c_w.l(__rtentry2.o)
    0x08000302   0x08000302   0x00000008   Code   RO        14854    .ARM.Collect$$rtentry$$0000000D  c_w.l(__rtentry2.o)
    0x0800030a   0x0800030a   0x00000002   Code   RO        14954    .ARM.Collect$$rtexit$$00000000  c_w.l(rtexit.o)
    0x0800030c   0x0800030c   0x00000000   Code   RO        14973    .ARM.Collect$$rtexit$$00000002  c_w.l(rtexit2.o)
    0x0800030c   0x0800030c   0x00000004   Code   RO        14974    .ARM.Collect$$rtexit$$00000003  c_w.l(rtexit2.o)
    0x08000310   0x08000310   0x00000006   Code   RO        14975    .ARM.Collect$$rtexit$$00000004  c_w.l(rtexit2.o)
    0x08000316   0x08000316   0x00000002   PAD
    0x08000318   0x08000318   0x000000b6   Code   RO        14298    .emb_text           port.o
    0x080003ce   0x080003ce   0x00000002   PAD
    0x080003d0   0x080003d0   0x00000034   Code   RO        14648    .emb_text           c_w.l(rand.o)
    0x08000404   0x08000404   0x000002e8   Code   RO            3    .text               main.o
    0x080006ec   0x080006ec   0x00000014   Code   RO          578    .text               stm32f4xx_it.o
    0x08000700   0x08000700   0x00000210   Code   RO          627    .text               system_stm32f4xx.o
    0x08000910   0x08000910   0x00000040   Code   RO          677    .text               led.o
    0x08000950   0x08000950   0x00003664   Code   RO          697    .text               lcd.o
    0x08003fb4   0x08003fb4   0x00000104   Code   RO          735    .text               key.o
    0x080040b8   0x080040b8   0x0000025c   Code   RO          756    .text               myiic.o
    0x08004314   0x08004314   0x0000017a   Code   RO          779    .text               24cxx.o
    0x0800448e   0x0800448e   0x00000002   PAD
    0x08004490   0x08004490   0x0000026c   Code   RO          802    .text               ctiic.o
    0x080046fc   0x080046fc   0x00000440   Code   RO          825    .text               gt9147.o
    0x08004b3c   0x08004b3c   0x00000390   Code   RO          853    .text               ott2001a.o
    0x08004ecc   0x08004ecc   0x0000033c   Code   RO          877    .text               ft5206.o
    0x08005208   0x08005208   0x000010dc   Code   RO          901    .text               touch.o
    0x080062e4   0x080062e4   0x0000007c   Code   RO          933    .text               timer.o
    0x08006360   0x08006360   0x00000040   Code   RO          965    .text               beep.o
    0x080063a0   0x080063a0   0x000003bc   Code   RO          985    .text               esp8266.o
    0x0800675c   0x0800675c   0x00000130   Code   RO         1012    .text               usart3.o
    0x0800688c   0x0800688c   0x00000b34   Code   RO         1036    .text               ws2812.o
    0x080073c0   0x080073c0   0x000000e0   Code   RO         1068    .text               adc.o
    0x080074a0   0x080074a0   0x000000ec   Code   RO         1088    .text               delay.o
    0x0800758c   0x0800758c   0x00000148   Code   RO         1128    .text               usart.o
    0x080076d4   0x080076d4   0x00000040   Code   RO         1166    .text               startup_stm32f40_41xxx.o
    0x08007714   0x08007714   0x000000e0   Code   RO         1172    .text               misc.o
    0x080077f4   0x080077f4   0x00000294   Code   RO         1192    .text               stm32f4xx_gpio.o
    0x08007a88   0x08007a88   0x000005c8   Code   RO         1212    .text               stm32f4xx_fsmc.o
    0x08008050   0x08008050   0x0000065c   Code   RO         1235    .text               stm32f4xx_rcc.o
    0x080086ac   0x080086ac   0x00000454   Code   RO         1277    .text               stm32f4xx_usart.o
    0x08008b00   0x08008b00   0x00000ca2   Code   RO         1297    .text               stm32f4xx_tim.o
    0x080097a2   0x080097a2   0x00000002   PAD
    0x080097a4   0x080097a4   0x000003a8   Code   RO         1317    .text               stm32f4xx_dma.o
    0x08009b4c   0x08009b4c   0x00000480   Code   RO         1337    .text               stm32f4xx_spi.o
    0x08009fcc   0x08009fcc   0x00000464   Code   RO         1357    .text               stm32f4xx_adc.o
    0x0800a430   0x0800a430   0x0000059c   Code   RO         1375    .text               lv_disp.o
    0x0800a9cc   0x0800a9cc   0x00000588   Code   RO         1540    .text               lv_event.o
    0x0800af54   0x0800af54   0x000005de   Code   RO         1664    .text               lv_group.o
    0x0800b532   0x0800b532   0x00000002   PAD
    0x0800b534   0x0800b534   0x000011a0   Code   RO         1820    .text               lv_indev.o
    0x0800c6d4   0x0800c6d4   0x00000d2a   Code   RO         1879    .text               lv_indev_scroll.o
    0x0800d3fe   0x0800d3fe   0x00000002   PAD
    0x0800d400   0x0800d400   0x00000e98   Code   RO         1962    .text               lv_obj.o
    0x0800e298   0x0800e298   0x00000216   Code   RO         2064    .text               lv_obj_class.o
    0x0800e4ae   0x0800e4ae   0x00000920   Code   RO         2076    .text               lv_obj_draw.o
    0x0800edce   0x0800edce   0x00000002   PAD
    0x0800edd0   0x0800edd0   0x000016d8   Code   RO         2214    .text               lv_obj_pos.o
    0x080104a8   0x080104a8   0x00001370   Code   RO         2310    .text               lv_obj_scroll.o
    0x08011818   0x08011818   0x0000121c   Code   RO         2439    .text               lv_obj_style.o
    0x08012a34   0x08012a34   0x00000960   Code   RO         2533    .text               lv_obj_style_gen.o
    0x08013394   0x08013394   0x000005e4   Code   RO         2575    .text               lv_obj_tree.o
    0x08013978   0x08013978   0x00000da8   Code   RO         2593    .text               lv_refr.o
    0x08014720   0x08014720   0x00000100   Code   RO         2615    .text               lv_theme.o
    0x08014820   0x08014820   0x00001030   Code   RO         2959    .text               lv_draw_arc.o
    0x08015850   0x08015850   0x0000111c   Code   RO         3039    .text               lv_draw_blend.o
    0x0801696c   0x0801696c   0x00000a40   Code   RO         3158    .text               lv_draw_img.o
    0x080173ac   0x080173ac   0x00000adc   Code   RO         3281    .text               lv_draw_label.o
    0x08017e88   0x08017e88   0x00000bce   Code   RO         3377    .text               lv_draw_line.o
    0x08018a56   0x08018a56   0x00000002   PAD
    0x08018a58   0x08018a58   0x000015f4   Code   RO         3482    .text               lv_draw_mask.o
    0x0801a04c   0x0801a04c   0x000024e8   Code   RO         3528    .text               lv_draw_rect.o
    0x0801c534   0x0801c534   0x000011c4   Code   RO         3658    .text               lv_img_buf.o
    0x0801d6f8   0x0801d6f8   0x0000005c   Code   RO         3691    .text               lv_img_cache.o
    0x0801d754   0x0801d754   0x000009f0   Code   RO         3731    .text               lv_img_decoder.o
    0x0801e144   0x0801e144   0x0000000c   Code   RO         3812    .text               lv_extra.o
    0x0801e150   0x0801e150   0x00000f04   Code   RO         4156    .text               lv_flex.o
    0x0801f054   0x0801f054   0x00000f44   Code   RO         4322    .text               lv_grid.o
    0x0801ff98   0x0801ff98   0x000028ec   Code   RO         4839    .text               lv_theme_default.o
    0x08022884   0x08022884   0x00000f88   Code   RO         5191    .text               lv_theme_mono.o
    0x0802380c   0x0802380c   0x00000548   Code   RO         5888    .text               lv_calendar.o
    0x08023d54   0x08023d54   0x000002d4   Code   RO         6236    .text               lv_calendar_header_arrow.o
    0x08024028   0x08024028   0x00000254   Code   RO         6417    .text               lv_calendar_header_dropdown.o
    0x0802427c   0x0802427c   0x00002790   Code   RO         6445    .text               lv_chart.o
    0x08026a0c   0x08026a0c   0x00000e28   Code   RO         6791    .text               lv_colorwheel.o
    0x08027834   0x08027834   0x00000394   Code   RO         7484    .text               lv_keyboard.o
    0x08027bc8   0x08027bc8   0x000003f8   Code   RO         7657    .text               lv_led.o
    0x08027fc0   0x08027fc0   0x00001014   Code   RO         8184    .text               lv_meter.o
    0x08028fd4   0x08028fd4   0x000005b4   Code   RO         9223    .text               lv_spinbox.o
    0x08029588   0x08029588   0x000000f4   Code   RO         9569    .text               lv_spinner.o
    0x0802967c   0x0802967c   0x00000560   Code   RO         9916    .text               lv_tabview.o
    0x08029bdc   0x08029bdc   0x00000290   Code   RO        10263    .text               lv_tileview.o
    0x08029e6c   0x08029e6c   0x0000013c   Code   RO        10423    .text               lv_win.o
    0x08029fa8   0x08029fa8   0x00000050   Code   RO        10770    .text               lv_font.o
    0x08029ff8   0x08029ff8   0x000003c8   Code   RO        11142    .text               lv_font_fmt_txt.o
    0x0802a3c0   0x0802a3c0   0x00000480   Code   RO        11942    .text               lv_hal_disp.o
    0x0802a840   0x0802a840   0x000000ec   Code   RO        12110    .text               lv_hal_indev.o
    0x0802a92c   0x0802a92c   0x0000004c   Code   RO        12233    .text               lv_hal_tick.o
    0x0802a978   0x0802a978   0x00000602   Code   RO        12256    .text               lv_anim.o
    0x0802af7a   0x0802af7a   0x000007ec   Code   RO        12331    .text               lv_area.o
    0x0802b766   0x0802b766   0x00000002   PAD
    0x0802b768   0x0802b768   0x00000058   Code   RO        12346    .text               lv_async.o
    0x0802b7c0   0x0802b7c0   0x0000050c   Code   RO        12399    .text               lv_color.o
    0x0802bccc   0x0802bccc   0x000003e4   Code   RO        12415    .text               lv_fs.o
    0x0802c0b0   0x0802c0b0   0x000000ac   Code   RO        12440    .text               lv_gc.o
    0x0802c15c   0x0802c15c   0x00000342   Code   RO        12462    .text               lv_ll.o
    0x0802c49e   0x0802c49e   0x00000002   PAD
    0x0802c4a0   0x0802c4a0   0x00000244   Code   RO        12489    .text               lv_math.o
    0x0802c6e4   0x0802c6e4   0x00000680   Code   RO        12507    .text               lv_mem.o
    0x0802cd64   0x0802cd64   0x00000924   Code   RO        12532    .text               lv_printf.o
    0x0802d688   0x0802d688   0x00000454   Code   RO        12547    .text               lv_style.o
    0x0802dadc   0x0802dadc   0x000007d4   Code   RO        12591    .text               lv_style_gen.o
    0x0802e2b0   0x0802e2b0   0x000002a8   Code   RO        12614    .text               lv_timer.o
    0x0802e558   0x0802e558   0x00000cee   Code   RO        12632    .text               lv_tlsf.o
    0x0802f246   0x0802f246   0x00000002   PAD
    0x0802f248   0x0802f248   0x0000088c   Code   RO        12647    .text               lv_txt.o
    0x0802fad4   0x0802fad4   0x00000054   Code   RO        12740    .text               lv_utils.o
    0x0802fb28   0x0802fb28   0x00001484   Code   RO        12755    .text               lv_arc.o
    0x08030fac   0x08030fac   0x00000a84   Code   RO        12917    .text               lv_bar.o
    0x08031a30   0x08031a30   0x00000038   Code   RO        13017    .text               lv_btn.o
    0x08031a68   0x08031a68   0x00001392   Code   RO        13041    .text               lv_btnmatrix.o
    0x08032dfa   0x08032dfa   0x00000002   PAD
    0x08032dfc   0x08032dfc   0x00000566   Code   RO        13216    .text               lv_checkbox.o
    0x08033362   0x08033362   0x00000002   PAD
    0x08033364   0x08033364   0x0000126c   Code   RO        13305    .text               lv_dropdown.o
    0x080345d0   0x080345d0   0x00000e08   Code   RO        13407    .text               lv_img.o
    0x080353d8   0x080353d8   0x000015f4   Code   RO        13489    .text               lv_label.o
    0x080369cc   0x080369cc   0x00000280   Code   RO        13581    .text               lv_line.o
    0x08036c4c   0x08036c4c   0x00000d60   Code   RO        13606    .text               lv_roller.o
    0x080379ac   0x080379ac   0x00000bb4   Code   RO        13686    .text               lv_slider.o
    0x08038560   0x08038560   0x00000360   Code   RO        13756    .text               lv_switch.o
    0x080388c0   0x080388c0   0x00001294   Code   RO        13855    .text               lv_table.o
    0x08039b54   0x08039b54   0x000016cc   Code   RO        13951    .text               lv_textarea.o
    0x0803b220   0x0803b220   0x00000078   Code   RO        14050    .text               lv_port_disp.o
    0x0803b298   0x0803b298   0x00000198   Code   RO        14079    .text               lv_port_indev.o
    0x0803b430   0x0803b430   0x00000094   Code   RO        14164    .text               list.o
    0x0803b4c4   0x0803b4c4   0x00000d0c   Code   RO        14184    .text               queue.o
    0x0803c1d0   0x0803c1d0   0x00001820   Code   RO        14213    .text               tasks.o
    0x0803d9f0   0x0803d9f0   0x00000640   Code   RO        14252    .text               timers.o
    0x0803e030   0x0803e030   0x000002a0   Code   RO        14275    .text               heap_4.o
    0x0803e2d0   0x0803e2d0   0x000002f4   Code   RO        14299    .text               port.o
    0x0803e5c4   0x0803e5c4   0x000009d4   Code   RO        14336    .text               app.o
    0x0803ef98   0x0803ef98   0x00000002   Code   RO        14581    .text               c_w.l(use_no_semi_2.o)
    0x0803ef9a   0x0803ef9a   0x000000ee   Code   RO        14583    .text               c_w.l(lludivv7m.o)
    0x0803f088   0x0803f088   0x00000034   Code   RO        14585    .text               c_w.l(vsnprintf.o)
    0x0803f0bc   0x0803f0bc   0x00000018   Code   RO        14587    .text               c_w.l(__2printf.o)
    0x0803f0d4   0x0803f0d4   0x0000002c   Code   RO        14589    .text               c_w.l(__2sprintf.o)
    0x0803f100   0x0803f100   0x00000052   Code   RO        14597    .text               c_w.l(_printf_str.o)
    0x0803f152   0x0803f152   0x00000002   PAD
    0x0803f154   0x0803f154   0x00000078   Code   RO        14599    .text               c_w.l(_printf_dec.o)
    0x0803f1cc   0x0803f1cc   0x00000094   Code   RO        14619    .text               c_w.l(_printf_hex_int_ll_ptr.o)
    0x0803f260   0x0803f260   0x00000188   Code   RO        14639    .text               c_w.l(__printf_flags_ss_wp.o)
    0x0803f3e8   0x0803f3e8   0x0000003c   Code   RO        14649    .text               c_w.l(rand.o)
    0x0803f424   0x0803f424   0x00000014   Code   RO        14653    .text               c_w.l(strchr.o)
    0x0803f438   0x0803f438   0x00000024   Code   RO        14655    .text               c_w.l(strstr.o)
    0x0803f45c   0x0803f45c   0x00000048   Code   RO        14659    .text               c_w.l(strcpy.o)
    0x0803f4a4   0x0803f4a4   0x0000003e   Code   RO        14661    .text               c_w.l(strlen.o)
    0x0803f4e2   0x0803f4e2   0x00000018   Code   RO        14663    .text               c_w.l(strcat.o)
    0x0803f4fa   0x0803f4fa   0x0000008a   Code   RO        14665    .text               c_w.l(rt_memcpy_v6.o)
    0x0803f584   0x0803f584   0x00000064   Code   RO        14667    .text               c_w.l(rt_memcpy_w.o)
    0x0803f5e8   0x0803f5e8   0x00000010   Code   RO        14669    .text               c_w.l(aeabi_memset.o)
    0x0803f5f8   0x0803f5f8   0x00000044   Code   RO        14671    .text               c_w.l(rt_memclr.o)
    0x0803f63c   0x0803f63c   0x0000004e   Code   RO        14673    .text               c_w.l(rt_memclr_w.o)
    0x0803f68a   0x0803f68a   0x00000002   PAD
    0x0803f68c   0x0803f68c   0x00000080   Code   RO        14675    .text               c_w.l(strcmpv7m.o)
    0x0803f70c   0x0803f70c   0x00000006   Code   RO        14677    .text               c_w.l(heapauxi.o)
    0x0803f712   0x0803f712   0x00000002   Code   RO        14727    .text               c_w.l(use_no_semi.o)
    0x0803f714   0x0803f714   0x00000016   Code   RO        14734    .text               c_w.l(_rserrno.o)
    0x0803f72a   0x0803f72a   0x0000004e   Code   RO        14736    .text               c_w.l(_printf_pad.o)
    0x0803f778   0x0803f778   0x00000024   Code   RO        14738    .text               c_w.l(_printf_truncate.o)
    0x0803f79c   0x0803f79c   0x000000b2   Code   RO        14740    .text               c_w.l(_printf_intcommon.o)
    0x0803f84e   0x0803f84e   0x00000028   Code   RO        14742    .text               c_w.l(_printf_charcount.o)
    0x0803f876   0x0803f876   0x00000002   PAD
    0x0803f878   0x0803f878   0x00000030   Code   RO        14744    .text               c_w.l(_printf_char_common.o)
    0x0803f8a8   0x0803f8a8   0x0000000a   Code   RO        14746    .text               c_w.l(_sputc.o)
    0x0803f8b2   0x0803f8b2   0x00000010   Code   RO        14748    .text               c_w.l(_snputc.o)
    0x0803f8c2   0x0803f8c2   0x0000002c   Code   RO        14750    .text               c_w.l(_printf_char.o)
    0x0803f8ee   0x0803f8ee   0x00000002   PAD
    0x0803f8f0   0x0803f8f0   0x00000024   Code   RO        14752    .text               c_w.l(_printf_char_file.o)
    0x0803f914   0x0803f914   0x000000bc   Code   RO        14754    .text               c_w.l(_printf_wctomb.o)
    0x0803f9d0   0x0803f9d0   0x0000007c   Code   RO        14757    .text               c_w.l(_printf_longlong_dec.o)
    0x0803fa4c   0x0803fa4c   0x00000070   Code   RO        14763    .text               c_w.l(_printf_oct_int_ll.o)
    0x0803fabc   0x0803fabc   0x00000008   Code   RO        14867    .text               c_w.l(rt_errno_addr_intlibspace.o)
    0x0803fac4   0x0803fac4   0x0000008a   Code   RO        14869    .text               c_w.l(lludiv10.o)
    0x0803fb4e   0x0803fb4e   0x0000041e   Code   RO        14871    .text               c_w.l(_printf_fp_dec.o)
    0x0803ff6c   0x0803ff6c   0x000002fc   Code   RO        14873    .text               c_w.l(_printf_fp_hex.o)
    0x08040268   0x08040268   0x0000002c   Code   RO        14878    .text               c_w.l(_printf_wchar.o)
    0x08040294   0x08040294   0x00000008   Code   RO        14880    .text               c_w.l(ferror.o)
    0x0804029c   0x0804029c   0x00000040   Code   RO        14884    .text               c_w.l(_wcrtomb.o)
    0x080402dc   0x080402dc   0x00000008   Code   RO        14890    .text               c_w.l(libspace.o)
    0x080402e4   0x080402e4   0x0000004a   Code   RO        14893    .text               c_w.l(sys_stackheap_outer.o)
    0x0804032e   0x0804032e   0x00000002   PAD
    0x08040330   0x08040330   0x00000010   Code   RO        14895    .text               c_w.l(rt_ctype_table.o)
    0x08040340   0x08040340   0x00000008   Code   RO        14900    .text               c_w.l(rt_locale_intlibspace.o)
    0x08040348   0x08040348   0x00000080   Code   RO        14902    .text               c_w.l(_printf_fp_infnan.o)
    0x080403c8   0x080403c8   0x000000e4   Code   RO        14904    .text               c_w.l(bigflt0.o)
    0x080404ac   0x080404ac   0x00000012   Code   RO        14932    .text               c_w.l(exit.o)
    0x080404be   0x080404be   0x0000003e   Code   RO        14907    CL$$btod_d2e        c_w.l(btod.o)
    0x080404fc   0x080404fc   0x00000046   Code   RO        14909    CL$$btod_d2e_denorm_low  c_w.l(btod.o)
    0x08040542   0x08040542   0x00000060   Code   RO        14908    CL$$btod_d2e_norm_op1  c_w.l(btod.o)
    0x080405a2   0x080405a2   0x00000338   Code   RO        14917    CL$$btod_div_common  c_w.l(btod.o)
    0x080408da   0x080408da   0x000000dc   Code   RO        14914    CL$$btod_e2e        c_w.l(btod.o)
    0x080409b6   0x080409b6   0x0000002a   Code   RO        14911    CL$$btod_ediv       c_w.l(btod.o)
    0x080409e0   0x080409e0   0x0000002a   Code   RO        14910    CL$$btod_emul       c_w.l(btod.o)
    0x08040a0a   0x08040a0a   0x00000244   Code   RO        14916    CL$$btod_mult_common  c_w.l(btod.o)
    0x08040c4e   0x08040c4e   0x00000030   Code   RO        14950    i.__ARM_fpclassify  m_wm.l(fpclassify.o)
    0x08040c7e   0x08040c7e   0x00000002   PAD
    0x08040c80   0x08040c80   0x00000118   Code   RO        14709    i.__hardfp_floor    m_wm.l(floor.o)
    0x08040d98   0x08040d98   0x0000007a   Code   RO        14715    i.__hardfp_sqrt     m_wm.l(sqrt.o)
    0x08040e12   0x08040e12   0x0000000e   Code   RO        14632    i._is_digit         c_w.l(__printf_wp.o)
    0x08040e20   0x08040e20   0x0000002c   Code   RO        14930    locale$$code        c_w.l(lc_numeric_c.o)
    0x08040e4c   0x08040e4c   0x0000002c   Code   RO        14961    locale$$code        c_w.l(lc_ctype_c.o)
    0x08040e78   0x08040e78   0x00000150   Code   RO        14681    x$fpl$dadd          fz_wm.l(daddsub_clz.o)
    0x08040fc8   0x08040fc8   0x00000018   Code   RO        14828    x$fpl$dcmpinf       fz_wm.l(dcmpi.o)
    0x08040fe0   0x08040fe0   0x0000005e   Code   RO        14687    x$fpl$dfix          fz_wm.l(dfix.o)
    0x0804103e   0x0804103e   0x00000002   PAD
    0x08041040   0x08041040   0x0000005a   Code   RO        14691    x$fpl$dfixu         fz_wm.l(dfixu.o)
    0x0804109a   0x0804109a   0x0000002e   Code   RO        14696    x$fpl$dflt          fz_wm.l(dflt_clz.o)
    0x080410c8   0x080410c8   0x00000026   Code   RO        14695    x$fpl$dfltu         fz_wm.l(dflt_clz.o)
    0x080410ee   0x080410ee   0x00000002   PAD
    0x080410f0   0x080410f0   0x00000078   Code   RO        14701    x$fpl$dleqf         fz_wm.l(dleqf.o)
    0x08041168   0x08041168   0x00000154   Code   RO        14703    x$fpl$dmul          fz_wm.l(dmul.o)
    0x080412bc   0x080412bc   0x0000009c   Code   RO        14830    x$fpl$dnaninf       fz_wm.l(dnaninf.o)
    0x08041358   0x08041358   0x0000000c   Code   RO        14832    x$fpl$dretinf       fz_wm.l(dretinf.o)
    0x08041364   0x08041364   0x0000006c   Code   RO        14705    x$fpl$drleqf        fz_wm.l(drleqf.o)
    0x080413d0   0x080413d0   0x00000016   Code   RO        14682    x$fpl$drsb          fz_wm.l(daddsub_clz.o)
    0x080413e6   0x080413e6   0x00000002   PAD
    0x080413e8   0x080413e8   0x00000198   Code   RO        14834    x$fpl$dsqrt         fz_wm.l(dsqrt_umaal.o)
    0x08041580   0x08041580   0x000001d4   Code   RO        14683    x$fpl$dsub          fz_wm.l(daddsub_clz.o)
    0x08041754   0x08041754   0x00000056   Code   RO        14707    x$fpl$f2d           fz_wm.l(f2d.o)
    0x080417aa   0x080417aa   0x0000008c   Code   RO        14836    x$fpl$fnaninf       fz_wm.l(fnaninf.o)
    0x08041836   0x08041836   0x0000000a   Code   RO        14888    x$fpl$fpinit        fz_wm.l(fpinit.o)
    0x08041840   0x08041840   0x00000004   Code   RO        14838    x$fpl$printf1       fz_wm.l(printf1.o)
    0x08041844   0x08041844   0x00000004   Code   RO        14840    x$fpl$printf2       fz_wm.l(printf2.o)
    0x08041848   0x08041848   0x00000000   Code   RO        14846    x$fpl$usenofp       fz_wm.l(usenofp.o)
    0x08041848   0x08041848   0x000017c0   Data   RO          699    .constdata          lcd.o
    0x08043008   0x08043008   0x000000c2   Data   RO          826    .constdata          gt9147.o
    0x080430ca   0x080430ca   0x0000000a   Data   RO          854    .constdata          ott2001a.o
    0x080430d4   0x080430d4   0x0000000a   Data   RO          878    .constdata          ft5206.o
    0x080430de   0x080430de   0x00000002   PAD
    0x080430e0   0x080430e0   0x00000004   Data   RO          902    .constdata          touch.o
    0x080430e4   0x080430e4   0x0000001e   Data   RO         1038    .constdata          ws2812.o
    0x08043102   0x08043102   0x00000002   PAD
    0x08043104   0x08043104   0x0000001c   Data   RO         1213    .constdata          stm32f4xx_fsmc.o
    0x08043120   0x08043120   0x0000001c   Data   RO         1963    .constdata          lv_obj.o
    0x0804313c   0x0804313c   0x00000008   Data   RO         2215    .constdata          lv_obj_pos.o
    0x08043144   0x08043144   0x0000011e   Data   RO         3283    .constdata          lv_draw_label.o
    0x08043262   0x08043262   0x00000021   Data   RO         3378    .constdata          lv_draw_line.o
    0x08043283   0x08043283   0x00000001   PAD
    0x08043284   0x08043284   0x00000016   Data   RO         4841    .constdata          lv_theme_default.o
    0x0804329a   0x0804329a   0x00000002   PAD
    0x0804329c   0x0804329c   0x0000001c   Data   RO         5889    .constdata          lv_calendar.o
    0x080432b8   0x080432b8   0x0000001c   Data   RO         6237    .constdata          lv_calendar_header_arrow.o
    0x080432d4   0x080432d4   0x0000001c   Data   RO         6418    .constdata          lv_calendar_header_dropdown.o
    0x080432f0   0x080432f0   0x0000001c   Data   RO         6446    .constdata          lv_chart.o
    0x0804330c   0x0804330c   0x0000001c   Data   RO         6792    .constdata          lv_colorwheel.o
    0x08043328   0x08043328   0x00000392   Data   RO         7485    .constdata          lv_keyboard.o
    0x080436ba   0x080436ba   0x00000002   PAD
    0x080436bc   0x080436bc   0x0000001c   Data   RO         7658    .constdata          lv_led.o
    0x080436d8   0x080436d8   0x00000054   Data   RO         8004    .constdata          lv_list.o
    0x0804372c   0x0804372c   0x0000001c   Data   RO         8185    .constdata          lv_meter.o
    0x08043748   0x08043748   0x0000001c   Data   RO         8531    .constdata          lv_msgbox.o
    0x08043764   0x08043764   0x0000001c   Data   RO         9224    .constdata          lv_spinbox.o
    0x08043780   0x08043780   0x0000001c   Data   RO         9570    .constdata          lv_spinner.o
    0x0804379c   0x0804379c   0x0000001c   Data   RO         9917    .constdata          lv_tabview.o
    0x080437b8   0x080437b8   0x00000038   Data   RO        10264    .constdata          lv_tileview.o
    0x080437f0   0x080437f0   0x0000001c   Data   RO        10424    .constdata          lv_win.o
    0x0804380c   0x0804380c   0x00003540   Data   RO        11242    .constdata          lv_font_montserrat_14.o
    0x08046d4c   0x08046d4c   0x00008078   Data   RO        11469    .constdata          lv_font_montserrat_26.o
    0x0804edc4   0x0804edc4   0x0000017c   Data   RO        12400    .constdata          lv_color.o
    0x0804ef40   0x0804ef40   0x000000b6   Data   RO        12490    .constdata          lv_math.o
    0x0804eff6   0x0804eff6   0x00000002   PAD
    0x0804eff8   0x0804eff8   0x0000001c   Data   RO        12756    .constdata          lv_arc.o
    0x0804f014   0x0804f014   0x0000001c   Data   RO        12918    .constdata          lv_bar.o
    0x0804f030   0x0804f030   0x0000001c   Data   RO        13018    .constdata          lv_btn.o
    0x0804f04c   0x0804f04c   0x0000001c   Data   RO        13042    .constdata          lv_btnmatrix.o
    0x0804f068   0x0804f068   0x0000001c   Data   RO        13217    .constdata          lv_checkbox.o
    0x0804f084   0x0804f084   0x00000038   Data   RO        13306    .constdata          lv_dropdown.o
    0x0804f0bc   0x0804f0bc   0x0000001c   Data   RO        13408    .constdata          lv_img.o
    0x0804f0d8   0x0804f0d8   0x0000001c   Data   RO        13490    .constdata          lv_label.o
    0x0804f0f4   0x0804f0f4   0x0000001c   Data   RO        13582    .constdata          lv_line.o
    0x0804f110   0x0804f110   0x00000038   Data   RO        13607    .constdata          lv_roller.o
    0x0804f148   0x0804f148   0x0000001c   Data   RO        13687    .constdata          lv_slider.o
    0x0804f164   0x0804f164   0x0000001c   Data   RO        13757    .constdata          lv_switch.o
    0x0804f180   0x0804f180   0x0000001c   Data   RO        13856    .constdata          lv_table.o
    0x0804f19c   0x0804f19c   0x0000001c   Data   RO        13952    .constdata          lv_textarea.o
    0x0804f1b8   0x0804f1b8   0x0001388c   Data   RO        14570    .constdata          led_img.o
    0x08062a44   0x08062a44   0x00000028   Data   RO        14620    .constdata          c_w.l(_printf_hex_int_ll_ptr.o)
    0x08062a6c   0x08062a6c   0x00000011   Data   RO        14640    .constdata          c_w.l(__printf_flags_ss_wp.o)
    0x08062a7d   0x08062a7d   0x00000003   PAD
    0x08062a80   0x08062a80   0x00000008   Data   RO        14755    .constdata          c_w.l(_printf_wctomb.o)
    0x08062a88   0x08062a88   0x00000026   Data   RO        14874    .constdata          c_w.l(_printf_fp_hex.o)
    0x08062aae   0x08062aae   0x00000002   PAD
    0x08062ab0   0x08062ab0   0x00000094   Data   RO        14905    .constdata          c_w.l(bigflt0.o)
    0x08062b44   0x08062b44   0x00000079   Data   RO          903    .conststring        touch.o
    0x08062bbd   0x08062bbd   0x00000003   PAD
    0x08062bc0   0x08062bc0   0x0000001b   Data   RO         5890    .conststring        lv_calendar.o
    0x08062bdb   0x08062bdb   0x00000001   PAD
    0x08062bdc   0x08062bdc   0x00000069   Data   RO         6238    .conststring        lv_calendar_header_arrow.o
    0x08062c45   0x08062c45   0x00000003   PAD
    0x08062c48   0x08062c48   0x0000028c   Data   RO         6419    .conststring        lv_calendar_header_dropdown.o
    0x08062ed4   0x08062ed4   0x0000018d   Data   RO         7486    .conststring        lv_keyboard.o
    0x08063061   0x08063061   0x00000003   PAD
    0x08063064   0x08063064   0x00000025   Data   RO        13043    .conststring        lv_btnmatrix.o
    0x08063089   0x08063089   0x00000003   PAD
    0x0806308c   0x0806308c   0x00000020   Data   RO        15022    Region$$Table       anon$$obj.o
    0x080630ac   0x080630ac   0x0000001c   Data   RO        14929    locale$$data        c_w.l(lc_numeric_c.o)
    0x080630c8   0x080630c8   0x00000110   Data   RO        14960    locale$$data        c_w.l(lc_ctype_c.o)


    Execution Region RW_IRAM1 (Exec base: 0x20000000, Load base: 0x080631d8, Size: 0x00010d90, Max: 0x00020000, ABSOLUTE, COMPRESSED[0x000000e0])

    Exec Addr    Load Addr    Size         Type   Attr      Idx    E Section Name        Object

    0x20000000   COMPRESSED   0x00000030   Data   RW            4    .data               main.o
    0x20000030   COMPRESSED   0x00000014   Data   RW          628    .data               system_stm32f4xx.o
    0x20000044   COMPRESSED   0x00000004   Data   RW          700    .data               lcd.o
    0x20000048   COMPRESSED   0x00000001   Data   RW          736    .data               key.o
    0x20000049   COMPRESSED   0x00000001   Data   RW          827    .data               gt9147.o
    0x2000004a   COMPRESSED   0x00000001   Data   RW          855    .data               ott2001a.o
    0x2000004b   COMPRESSED   0x00000001   Data   RW          879    .data               ft5206.o
    0x2000004c   COMPRESSED   0x00000036   Data   RW          904    .data               touch.o
    0x20000082   COMPRESSED   0x00000004   Data   RW          987    .data               esp8266.o
    0x20000086   COMPRESSED   0x00000004   Data   RW         1039    .data               ws2812.o
    0x2000008a   COMPRESSED   0x00000004   Data   RW         1089    .data               delay.o
    0x2000008e   COMPRESSED   0x00000002   PAD
    0x20000090   COMPRESSED   0x00000006   Data   RW         1130    .data               usart.o
    0x20000096   COMPRESSED   0x00000010   Data   RW         1236    .data               stm32f4xx_rcc.o
    0x200000a6   COMPRESSED   0x00000002   PAD
    0x200000a8   COMPRESSED   0x00000008   Data   RW         1541    .data               lv_event.o
    0x200000b0   COMPRESSED   0x00000004   Data   RW         1665    .data               lv_group.o
    0x200000b4   COMPRESSED   0x00000009   Data   RW         1821    .data               lv_indev.o
    0x200000bd   COMPRESSED   0x00000003   PAD
    0x200000c0   COMPRESSED   0x00000008   Data   RW         1964    .data               lv_obj.o
    0x200000c8   COMPRESSED   0x00000005   Data   RW         2216    .data               lv_obj_pos.o
    0x200000cd   COMPRESSED   0x00000001   Data   RW         2440    .data               lv_obj_style.o
    0x200000ce   COMPRESSED   0x00000002   PAD
    0x200000d0   COMPRESSED   0x00000008   Data   RW         2594    .data               lv_refr.o
    0x200000d8   COMPRESSED   0x00000008   Data   RW         3284    .data               lv_draw_label.o
    0x200000e0   COMPRESSED   0x0000000e   Data   RW         4157    .data               lv_flex.o
    0x200000ee   COMPRESSED   0x00000002   PAD
    0x200000f0   COMPRESSED   0x00000018   Data   RW         4323    .data               lv_grid.o
    0x20000108   COMPRESSED   0x00000020   Data   RW         4842    .data               lv_theme_default.o
    0x20000128   COMPRESSED   0x00000005   Data   RW         5193    .data               lv_theme_mono.o
    0x2000012d   COMPRESSED   0x00000003   PAD
    0x20000130   COMPRESSED   0x0000001c   Data   RW         5891    .data               lv_calendar.o
    0x2000014c   COMPRESSED   0x00000036   Data   RW         6239    .data               lv_calendar_header_arrow.o
    0x20000182   COMPRESSED   0x00000002   PAD
    0x20000184   COMPRESSED   0x0000000c   Data   RW         6420    .data               lv_calendar_header_dropdown.o
    0x20000190   COMPRESSED   0x00000007   Data   RW         6793    .data               lv_colorwheel.o
    0x20000197   COMPRESSED   0x00000001   PAD
    0x20000198   COMPRESSED   0x00000028   Data   RW         7487    .data               lv_keyboard.o
    0x200001c0   COMPRESSED   0x00000008   Data   RW         9571    .data               lv_spinner.o
    0x200001c8   COMPRESSED   0x00000004   Data   RW         9918    .data               lv_tabview.o
    0x200001cc   COMPRESSED   0x0000000c   Data   RW        10265    .data               lv_tileview.o
    0x200001d8   COMPRESSED   0x00000002   Data   RW        10425    .data               lv_win.o
    0x200001da   COMPRESSED   0x00000002   PAD
    0x200001dc   COMPRESSED   0x00000008   Data   RW        11243    .data               lv_font_montserrat_14.o
    0x200001e4   COMPRESSED   0x00000008   Data   RW        11470    .data               lv_font_montserrat_26.o
    0x200001ec   COMPRESSED   0x00000004   Data   RW        11943    .data               lv_hal_disp.o
    0x200001f0   COMPRESSED   0x00000005   Data   RW        12234    .data               lv_hal_tick.o
    0x200001f5   COMPRESSED   0x00000003   PAD
    0x200001f8   COMPRESSED   0x0000000c   Data   RW        12257    .data               lv_anim.o
    0x20000204   COMPRESSED   0x0000000c   Data   RW        12442    .data               lv_gc.o
    0x20000210   COMPRESSED   0x00000004   Data   RW        12491    .data               lv_math.o
    0x20000214   COMPRESSED   0x00000008   Data   RW        12509    .data               lv_mem.o
    0x2000021c   COMPRESSED   0x00000002   Data   RW        12548    .data               lv_style.o
    0x2000021e   COMPRESSED   0x00000002   PAD
    0x20000220   COMPRESSED   0x00000014   Data   RW        12615    .data               lv_timer.o
    0x20000234   COMPRESSED   0x00000020   Data   RW        12648    .data               lv_txt.o
    0x20000254   COMPRESSED   0x0000001c   Data   RW        13044    .data               lv_btnmatrix.o
    0x20000270   COMPRESSED   0x00000004   Data   RW        13953    .data               lv_textarea.o
    0x20000274   COMPRESSED   0x00000025   Data   RW        14081    .data               lv_port_indev.o
    0x20000299   COMPRESSED   0x00000003   PAD
    0x2000029c   COMPRESSED   0x0000003c   Data   RW        14215    .data               tasks.o
    0x200002d8   COMPRESSED   0x00000014   Data   RW        14254    .data               timers.o
    0x200002ec   COMPRESSED   0x00000018   Data   RW        14277    .data               heap_4.o
    0x20000304   COMPRESSED   0x0000000c   Data   RW        14300    .data               port.o
    0x20000310   COMPRESSED   0x00000044   Data   RW        14337    .data               app.o
    0x20000354        -       0x0000000e   Zero   RW          698    .bss                lcd.o
    0x20000362        -       0x00000080   Zero   RW          986    .bss                esp8266.o
    0x200003e2   COMPRESSED   0x00000002   PAD
    0x200003e4        -       0x0000015c   Zero   RW         1037    .bss                ws2812.o
    0x20000540        -       0x000000c8   Zero   RW         1129    .bss                usart.o
    0x20000608        -       0x00000100   Zero   RW         3282    .bss                lv_draw_label.o
    0x20000708        -       0x0000004c   Zero   RW         4840    .bss                lv_theme_default.o
    0x20000754        -       0x00000024   Zero   RW         5192    .bss                lv_theme_mono.o
    0x20000778        -       0x0000018c   Zero   RW        12441    .bss                lv_gc.o
    0x20000904        -       0x00008000   Zero   RW        12508    .bss                lv_mem.o
    0x20008904        -       0x000025dc   Zero   RW        14051    .bss                lv_port_disp.o
    0x2000aee0        -       0x00000020   Zero   RW        14080    .bss                lv_port_indev.o
    0x2000af00        -       0x00000040   Zero   RW        14185    .bss                queue.o
    0x2000af40        -       0x000002e4   Zero   RW        14214    .bss                tasks.o
    0x2000b224        -       0x00000028   Zero   RW        14253    .bss                timers.o
    0x2000b24c        -       0x00005000   Zero   RW        14276    .bss                heap_4.o
    0x2001024c        -       0x000000e4   Zero   RW        14650    .bss                c_w.l(rand.o)
    0x20010330        -       0x00000060   Zero   RW        14891    .bss                c_w.l(libspace.o)
    0x20010390        -       0x00000200   Zero   RW         1164    HEAP                startup_stm32f40_41xxx.o
    0x20010590        -       0x00000800   Zero   RW         1163    STACK               startup_stm32f40_41xxx.o


==============================================================================

Image component sizes


      Code (inc. data)   RO Data    RW Data    ZI Data      Debug   Object Name

       378          0          0          0          0       2834   24cxx.o
       224         10          0          0          0       1175   adc.o
      2516        512          0         68          0      40668   app.o
        64          4          0          0          0        536   beep.o
       620         24          0          0          0       2105   ctiic.o
       236         10          0          4          0       1681   delay.o
       956        388          0          4        128       3291   esp8266.o
         0          0          0          0          0      10296   event_groups.o
       828         40         10          1          0       2567   ft5206.o
         0          0          0          0          0        392   getdata.o
      1088         78        194          1          0       3102   gt9147.o
       672         82          0         24      20480       3400   heap_4.o
       260         12          0          1          0        884   key.o
     13924        140       6080          4         14      20630   lcd.o
        64          4          0          0          0        531   led.o
         0          0      80012          0          0        586   led_img.o
       148          0          0          0          0       1962   list.o
      1538         24          0         12          0      24018   lv_anim.o
      5252          8         28          0          0      66711   lv_arc.o
      2028         22          0          0          0       8857   lv_area.o
        88          4          0          0          0       2388   lv_async.o
      2692         24         28          0          0      50060   lv_bar.o
         0          0          0          0          0       4023   lv_bidi.o
        56          6         28          0          0       1403   lv_btn.o
      5010         18         65         28          0      47356   lv_btnmatrix.o
      1352         24         55         28          0      50778   lv_calendar.o
       724         36        133         54          0      52601   lv_calendar_header_arrow.o
       596         24        680         12          0       3345   lv_calendar_header_dropdown.o
         0          0          0          0          0       3898   lv_canvas.o
     10128         16         28          0          0      80531   lv_chart.o
      1382         16         28          0          0      40521   lv_checkbox.o
      1292         18        380          0          0      11108   lv_color.o
      3624         28         28          7          0      66454   lv_colorwheel.o
      1436         32          0          0          0      46184   lv_disp.o
      4144          0          0          0          0      29891   lv_draw_arc.o
      4380         10          0          0          0      48281   lv_draw_blend.o
      2624         46          0          0          0      53220   lv_draw_img.o
      2780         48        286          8        256      28237   lv_draw_label.o
      3022          4         33          0          0      41319   lv_draw_line.o
      5620         28          0          0          0      26002   lv_draw_mask.o
      9448          4          0          0          0      53683   lv_draw_rect.o
         0          0          0          0          0       2444   lv_draw_triangle.o
      4716         56         56          0          0      51525   lv_dropdown.o
      1416         30          0          8          0      44573   lv_event.o
        12          0          0          0          0        504   lv_extra.o
      3844         88          0         14          0      63402   lv_flex.o
        80          0          0          0          0       5539   lv_font.o
         0          0          0          0          0       4324   lv_font_dejavu_16_persian_hebrew.o
       968         12          0          0          0       7749   lv_font_fmt_txt.o
         0          0      13632          8          0       2340   lv_font_montserrat_14.o
         0          0      32888          8          0       2344   lv_font_montserrat_26.o
       996         10          0          0          0      11755   lv_fs.o
       172         56          0         12        396       2735   lv_gc.o
      3908        108          0         24          0      69990   lv_grid.o
      1502         24          0          4          0      45925   lv_group.o
      1152         24          0          4          0      45332   lv_hal_disp.o
       236          8          0          0          0      34845   lv_hal_indev.o
        76         10          0          5          0       1580   lv_hal_tick.o
      3592         10         28          0          0      45407   lv_img.o
      4548         34          0          0          0      20665   lv_img_buf.o
        92          6          0          0          0       6263   lv_img_cache.o
      2544         32          0          0          0      23701   lv_img_decoder.o
      4512         42          0          9          0      23444   lv_indev.o
      3370          4          0          0          0      42632   lv_indev_scroll.o
       916         64       1311         40          0      46356   lv_keyboard.o
      5620         76         28          0          0      56010   lv_label.o
      1016          6         28          0          0      45872   lv_led.o
       640          4         28          0          0      12418   lv_line.o
         0          0         84          0          0      40670   lv_list.o
       834          0          0          0          0       6419   lv_ll.o
       580         10        182          4          0       4845   lv_math.o
      1664         24          0          8      32768       6651   lv_mem.o
      4116         14         28          0          0      70956   lv_meter.o
         0          0         28          0          0      42255   lv_msgbox.o
      3736         34         28          8          0      52007   lv_obj.o
       534          0          0          0          0       2936   lv_obj_class.o
      2336          0          0          0          0      56063   lv_obj_draw.o
      5848         52          8          5          0      56982   lv_obj_pos.o
      4976         44          0          0          0      62053   lv_obj_scroll.o
      4636         46          0          1          0      52909   lv_obj_style.o
      2400          0          0          0          0      40899   lv_obj_style_gen.o
      1508          8          0          0          0      14651   lv_obj_tree.o
       120         20          0          0       9692       1320   lv_port_disp.o
       408         46          0         37         32       3998   lv_port_indev.o
      2340         10          0          0          0       8019   lv_printf.o
      3496         20          0          8          0      10443   lv_refr.o
      3424         84         56          0          0      46097   lv_roller.o
      2996          6         28          0          0      31640   lv_slider.o
      1460         20         28          0          0      50199   lv_spinbox.o
       244         24         28          8          0      44436   lv_spinner.o
      1108         14          0          2          0      22723   lv_style.o
      2004          0          0          0          0      33604   lv_style_gen.o
       864          4         28          0          0      37807   lv_switch.o
      4756         12         28          0          0      51885   lv_table.o
      1376         36         28          4          0      57008   lv_tabview.o
      5836        120         28          4          0      59673   lv_textarea.o
       256          8          0          0          0      43087   lv_theme.o
     10476        422         22         32         76      53192   lv_theme_default.o
      3976        178          0          5         36      46122   lv_theme_mono.o
       656         24         56         12          0      44478   lv_tileview.o
       680         42          0         20          0       5313   lv_timer.o
      3310         10          0          0          0      19434   lv_tlsf.o
      2188         34          0         32          0      13621   lv_txt.o
        84          0          0          0          0        932   lv_utils.o
       316          8         28          2          0      44045   lv_win.o
       744        132          0         48          0     379656   main.o
       224         20          0          0          0       1833   misc.o
       604         14          0          0          0       1928   myiic.o
       912         64         10          1          0       2767   ott2001a.o
       938        112          0         12          0       8311   port.o
      3340         52          0          0         64      18974   queue.o
        64         26        392          0       2560        836   startup_stm32f40_41xxx.o
      1124         24          0          0          0      10702   stm32f4xx_adc.o
       936         32          0          0          0       6405   stm32f4xx_dma.o
      1480         18         28          0          0       5670   stm32f4xx_fsmc.o
       660         44          0          0          0       4173   stm32f4xx_gpio.o
        20          0          0          0          0        955   stm32f4xx_it.o
      1628         52          0         16          0      13056   stm32f4xx_rcc.o
      1152         36          0          0          0       6921   stm32f4xx_spi.o
      3234         60          0          0          0      23028   stm32f4xx_tim.o
      1108         34          0          0          0       7896   stm32f4xx_usart.o
       528         46          0         20          0       1799   system_stm32f4xx.o
      6176        402          0         60        740      32204   tasks.o
       124          4          0          0          0       1356   timer.o
      1600        112          0         20         40       8888   timers.o
      4316        228        125         54          0       6857   touch.o
       328         16          0          6        200       3346   usart.o
       304         10          0          0          0       1939   usart3.o
      2868         74         30          4        348       9422   ws2812.o

    ----------------------------------------------------------------------
    257100       5434     137452        852      67832    3455477   Object Totals
         0          0         32          0          0          0   (incl. Generated)
        24          0         24         27          2          0   (incl. Padding)

    ----------------------------------------------------------------------

      Code (inc. data)   RO Data    RW Data    ZI Data      Debug   Library Member Name

        24          4          0          0          0         84   __2printf.o
        44          6          0          0          0         84   __2sprintf.o
        90          0          0          0          0          0   __dczerorl2.o
         8          0          0          0          0         68   __main.o
       392          4         17          0          0         92   __printf_flags_ss_wp.o
        14          0          0          0          0         68   __printf_wp.o
         0          0          0          0          0          0   __rtentry.o
        12          0          0          0          0          0   __rtentry2.o
         6          0          0          0          0          0   __rtentry4.o
        52          8          0          0          0          0   __scatter.o
        28          0          0          0          0          0   __scatter_zi.o
         6          0          0          0          0          0   _printf_a.o
         6          0          0          0          0          0   _printf_c.o
        44          0          0          0          0        108   _printf_char.o
        48          6          0          0          0         96   _printf_char_common.o
        36          4          0          0          0         80   _printf_char_file.o
        40          0          0          0          0         68   _printf_charcount.o
         6          0          0          0          0          0   _printf_d.o
       120         16          0          0          0         92   _printf_dec.o
         6          0          0          0          0          0   _printf_e.o
         6          0          0          0          0          0   _printf_f.o
      1054          0          0          0          0        216   _printf_fp_dec.o
       764          8         38          0          0        100   _printf_fp_hex.o
       128         16          0          0          0         84   _printf_fp_infnan.o
         6          0          0          0          0          0   _printf_g.o
       148          4         40          0          0        160   _printf_hex_int_ll_ptr.o
         6          0          0          0          0          0   _printf_i.o
       178          0          0          0          0         88   _printf_intcommon.o
        10          0          0          0          0          0   _printf_l.o
         6          0          0          0          0          0   _printf_lc.o
        10          0          0          0          0          0   _printf_ll.o
         6          0          0          0          0          0   _printf_lld.o
         6          0          0          0          0          0   _printf_lli.o
         6          0          0          0          0          0   _printf_llo.o
         6          0          0          0          0          0   _printf_llu.o
         6          0          0          0          0          0   _printf_llx.o
       124         16          0          0          0         92   _printf_longlong_dec.o
         6          0          0          0          0          0   _printf_ls.o
         6          0          0          0          0          0   _printf_n.o
         6          0          0          0          0          0   _printf_o.o
       112         10          0          0          0        124   _printf_oct_int_ll.o
         6          0          0          0          0          0   _printf_p.o
        78          0          0          0          0        108   _printf_pad.o
         0          0          0          0          0          0   _printf_percent.o
         4          0          0          0          0          0   _printf_percent_end.o
         6          0          0          0          0          0   _printf_s.o
        82          0          0          0          0         80   _printf_str.o
        36          0          0          0          0         84   _printf_truncate.o
         6          0          0          0          0          0   _printf_u.o
        44          0          0          0          0        108   _printf_wchar.o
       188          6          8          0          0         92   _printf_wctomb.o
         6          0          0          0          0          0   _printf_x.o
        22          0          0          0          0        100   _rserrno.o
        16          0          0          0          0         68   _snputc.o
        10          0          0          0          0         68   _sputc.o
        64          0          0          0          0         92   _wcrtomb.o
        16          0          0          0          0         68   aeabi_memset.o
       228          4        148          0          0         96   bigflt0.o
      1936        128          0          0          0        672   btod.o
        18          0          0          0          0         80   exit.o
         8          0          0          0          0         68   ferror.o
         6          0          0          0          0        152   heapauxi.o
        44         10        272          0          0         76   lc_ctype_c.o
        44         10         28          0          0         76   lc_numeric_c.o
         2          0          0          0          0          0   libinit.o
        38          0          0          0          0          0   libinit2.o
         2          0          0          0          0          0   libshutdown.o
         2          0          0          0          0          0   libshutdown2.o
         8          4          0          0         96         68   libspace.o
       138          0          0          0          0         80   lludiv10.o
       238          0          0          0          0        100   lludivv7m.o
       112         18          0          0        228        160   rand.o
        16          4          0          0          0         76   rt_ctype_table.o
         8          4          0          0          0         68   rt_errno_addr_intlibspace.o
         8          4          0          0          0         68   rt_locale_intlibspace.o
        68          0          0          0          0         68   rt_memclr.o
        78          0          0          0          0         80   rt_memclr_w.o
       138          0          0          0          0         68   rt_memcpy_v6.o
       100          0          0          0          0         80   rt_memcpy_w.o
         2          0          0          0          0          0   rtexit.o
        10          0          0          0          0          0   rtexit2.o
        24          0          0          0          0         68   strcat.o
        20          0          0          0          0         68   strchr.o
       128          0          0          0          0         68   strcmpv7m.o
        72          0          0          0          0         80   strcpy.o
        62          0          0          0          0         76   strlen.o
        36          0          0          0          0         80   strstr.o
        74          0          0          0          0         80   sys_stackheap_outer.o
         2          0          0          0          0         68   use_no_semi.o
         2          0          0          0          0         68   use_no_semi_2.o
        52          4          0          0          0         80   vsnprintf.o
       826         16          0          0          0        492   daddsub_clz.o
        24          0          0          0          0        116   dcmpi.o
        94          4          0          0          0        140   dfix.o
        90          4          0          0          0        140   dfixu.o
        84          0          0          0          0        232   dflt_clz.o
       120          4          0          0          0        140   dleqf.o
       340         12          0          0          0        152   dmul.o
       156          4          0          0          0        140   dnaninf.o
        12          0          0          0          0        116   dretinf.o
       108          0          0          0          0        128   drleqf.o
       408         56          0          0          0        168   dsqrt_umaal.o
        86          4          0          0          0        132   f2d.o
       140          4          0          0          0        132   fnaninf.o
        10          0          0          0          0        116   fpinit.o
         4          0          0          0          0        116   printf1.o
         4          0          0          0          0        116   printf2.o
         0          0          0          0          0          0   usenofp.o
       280         28          0          0          0        156   floor.o
        48          0          0          0          0        124   fpclassify.o
       122          0          0          0          0        148   sqrt.o

    ----------------------------------------------------------------------
     10868        434        556          0        324       8448   Library Totals
        22          0          5          0          0          0   (incl. Padding)

    ----------------------------------------------------------------------

      Code (inc. data)   RO Data    RW Data    ZI Data      Debug   Library Name

      7890        298        551          0        324       5444   c_w.l
      2506        108          0          0          0       2576   fz_wm.l
       450         28          0          0          0        428   m_wm.l

    ----------------------------------------------------------------------
     10868        434        556          0        324       8448   Library Totals

    ----------------------------------------------------------------------

==============================================================================


      Code (inc. data)   RO Data    RW Data    ZI Data      Debug   

    267968       5868     138008        852      68156    3434505   Grand Totals
    267968       5868     138008        224      68156    3434505   ELF Image Totals (compressed)
    267968       5868     138008        224          0          0   ROM Totals

==============================================================================

    Total RO  Size (Code + RO Data)               405976 ( 396.46kB)
    Total RW  Size (RW Data + ZI Data)             69008 (  67.39kB)
    Total ROM Size (Code + RO Data + RW Data)     406200 ( 396.68kB)

==============================================================================

